Archive member included because of file (symbol)

/opt/altera/13.1/nios2eds/bin/gnu/H-i686-pc-linux-gnu/bin/../lib/gcc/nios2-elf/4.7.3/libgcc.a(_div_sf.o)
                              obj/default/hello_world.o (__divsf3)
/opt/altera/13.1/nios2eds/bin/gnu/H-i686-pc-linux-gnu/bin/../lib/gcc/nios2-elf/4.7.3/libgcc.a(_si_to_sf.o)
                              obj/default/hello_world.o (__floatsisf)
/opt/altera/13.1/nios2eds/bin/gnu/H-i686-pc-linux-gnu/bin/../lib/gcc/nios2-elf/4.7.3/libgcc.a(_sf_to_df.o)
                              obj/default/hello_world.o (__extendsfdf2)
/opt/altera/13.1/nios2eds/bin/gnu/H-i686-pc-linux-gnu/bin/../lib/gcc/nios2-elf/4.7.3/libgcc.a(_thenan_sf.o)
                              /opt/altera/13.1/nios2eds/bin/gnu/H-i686-pc-linux-gnu/bin/../lib/gcc/nios2-elf/4.7.3/libgcc.a(_div_sf.o) (__thenan_sf)
/opt/altera/13.1/nios2eds/bin/gnu/H-i686-pc-linux-gnu/bin/../lib/gcc/nios2-elf/4.7.3/libgcc.a(_addsub_df.o)
                              obj/default/xxmodel_pan.o (__adddf3)
/opt/altera/13.1/nios2eds/bin/gnu/H-i686-pc-linux-gnu/bin/../lib/gcc/nios2-elf/4.7.3/libgcc.a(_mul_df.o)
                              obj/default/hello_world.o (__muldf3)
/opt/altera/13.1/nios2eds/bin/gnu/H-i686-pc-linux-gnu/bin/../lib/gcc/nios2-elf/4.7.3/libgcc.a(_div_df.o)
                              obj/default/xxmodel_pan.o (__divdf3)
/opt/altera/13.1/nios2eds/bin/gnu/H-i686-pc-linux-gnu/bin/../lib/gcc/nios2-elf/4.7.3/libgcc.a(_gt_df.o)
                              obj/default/xxmodel_pan.o (__gtdf2)
/opt/altera/13.1/nios2eds/bin/gnu/H-i686-pc-linux-gnu/bin/../lib/gcc/nios2-elf/4.7.3/libgcc.a(_lt_df.o)
                              obj/default/xxmodel_pan.o (__ltdf2)
/opt/altera/13.1/nios2eds/bin/gnu/H-i686-pc-linux-gnu/bin/../lib/gcc/nios2-elf/4.7.3/libgcc.a(_df_to_si.o)
                              obj/default/hello_world.o (__fixdfsi)
/opt/altera/13.1/nios2eds/bin/gnu/H-i686-pc-linux-gnu/bin/../lib/gcc/nios2-elf/4.7.3/libgcc.a(_make_df.o)
                              /opt/altera/13.1/nios2eds/bin/gnu/H-i686-pc-linux-gnu/bin/../lib/gcc/nios2-elf/4.7.3/libgcc.a(_sf_to_df.o) (__make_dp)
/opt/altera/13.1/nios2eds/bin/gnu/H-i686-pc-linux-gnu/bin/../lib/gcc/nios2-elf/4.7.3/libgcc.a(_df_to_sf.o)
                              obj/default/hello_world.o (__truncdfsf2)
/opt/altera/13.1/nios2eds/bin/gnu/H-i686-pc-linux-gnu/bin/../lib/gcc/nios2-elf/4.7.3/libgcc.a(_thenan_df.o)
                              /opt/altera/13.1/nios2eds/bin/gnu/H-i686-pc-linux-gnu/bin/../lib/gcc/nios2-elf/4.7.3/libgcc.a(_addsub_df.o) (__thenan_df)
/opt/altera/13.1/nios2eds/bin/gnu/H-i686-pc-linux-gnu/bin/../lib/gcc/nios2-elf/4.7.3/libgcc.a(_muldi3.o)
                              /opt/altera/13.1/nios2eds/bin/gnu/H-i686-pc-linux-gnu/bin/../lib/gcc/nios2-elf/4.7.3/libgcc.a(_mul_df.o) (__muldi3)
/opt/altera/13.1/nios2eds/bin/gnu/H-i686-pc-linux-gnu/bin/../lib/gcc/nios2-elf/4.7.3/libgcc.a(_clzsi2.o)
                              /opt/altera/13.1/nios2eds/bin/gnu/H-i686-pc-linux-gnu/bin/../lib/gcc/nios2-elf/4.7.3/libgcc.a(_si_to_sf.o) (__clzsi2)
/opt/altera/13.1/nios2eds/bin/gnu/H-i686-pc-linux-gnu/bin/../lib/gcc/nios2-elf/4.7.3/libgcc.a(_pack_sf.o)
                              /opt/altera/13.1/nios2eds/bin/gnu/H-i686-pc-linux-gnu/bin/../lib/gcc/nios2-elf/4.7.3/libgcc.a(_div_sf.o) (__pack_f)
/opt/altera/13.1/nios2eds/bin/gnu/H-i686-pc-linux-gnu/bin/../lib/gcc/nios2-elf/4.7.3/libgcc.a(_unpack_sf.o)
                              /opt/altera/13.1/nios2eds/bin/gnu/H-i686-pc-linux-gnu/bin/../lib/gcc/nios2-elf/4.7.3/libgcc.a(_div_sf.o) (__unpack_f)
/opt/altera/13.1/nios2eds/bin/gnu/H-i686-pc-linux-gnu/bin/../lib/gcc/nios2-elf/4.7.3/libgcc.a(_make_sf.o)
                              /opt/altera/13.1/nios2eds/bin/gnu/H-i686-pc-linux-gnu/bin/../lib/gcc/nios2-elf/4.7.3/libgcc.a(_df_to_sf.o) (__make_fp)
/opt/altera/13.1/nios2eds/bin/gnu/H-i686-pc-linux-gnu/bin/../lib/gcc/nios2-elf/4.7.3/libgcc.a(_pack_df.o)
                              /opt/altera/13.1/nios2eds/bin/gnu/H-i686-pc-linux-gnu/bin/../lib/gcc/nios2-elf/4.7.3/libgcc.a(_addsub_df.o) (__pack_d)
/opt/altera/13.1/nios2eds/bin/gnu/H-i686-pc-linux-gnu/bin/../lib/gcc/nios2-elf/4.7.3/libgcc.a(_unpack_df.o)
                              /opt/altera/13.1/nios2eds/bin/gnu/H-i686-pc-linux-gnu/bin/../lib/gcc/nios2-elf/4.7.3/libgcc.a(_addsub_df.o) (__unpack_d)
/opt/altera/13.1/nios2eds/bin/gnu/H-i686-pc-linux-gnu/bin/../lib/gcc/nios2-elf/4.7.3/libgcc.a(_fpcmp_parts_df.o)
                              /opt/altera/13.1/nios2eds/bin/gnu/H-i686-pc-linux-gnu/bin/../lib/gcc/nios2-elf/4.7.3/libgcc.a(_gt_df.o) (__fpcmp_parts_d)
/opt/altera/13.1/nios2eds/bin/gnu/H-i686-pc-linux-gnu/bin/../lib/gcc/nios2-elf/4.7.3/libgcc.a(_lshrdi3.o)
                              /opt/altera/13.1/nios2eds/bin/gnu/H-i686-pc-linux-gnu/bin/../lib/gcc/nios2-elf/4.7.3/libgcc.a(_pack_df.o) (__lshrdi3)
/opt/altera/13.1/nios2eds/bin/gnu/H-i686-pc-linux-gnu/bin/../lib/gcc/nios2-elf/4.7.3/libgcc.a(_ashldi3.o)
[...]
Memory Configuration

Name             Origin             Length             Attributes
reset            0x00008000         0x00000020
onchip_memory2_0 0x00008020         0x00007fe0
*default*        0x00000000         0xffffffff

Linker script and memory map

LOAD ../OPD14_bsp//obj/HAL/src/crt0.o
LOAD obj/default/hello_world.o
LOAD obj/default/xxfuncs.o
LOAD obj/default/xxmodel_pan.o
LOAD /opt/altera/13.1/nios2eds/bin/gnu/H-i686-pc-linux-gnu/bin/../lib/gcc/nios2-elf/4.7.3/../../../../../H-i686-pc-linux-gnu/nios2-elf/lib/libstdc++.a
LOAD /opt/altera/13.1/nios2eds/bin/gnu/H-i686-pc-linux-gnu/bin/../lib/gcc/nios2-elf/4.7.3/../../../../../H-i686-pc-linux-gnu/nios2-elf/lib/libm.a
LOAD /opt/altera/13.1/nios2eds/bin/gnu/H-i686-pc-linux-gnu/bin/../lib/gcc/nios2-elf/4.7.3/libgcc.a
START GROUP
LOAD /opt/altera/13.1/nios2eds/bin/gnu/H-i686-pc-linux-gnu/bin/../lib/gcc/nios2-elf/4.7.3/../../../../../H-i686-pc-linux-gnu/nios2-elf/lib/libsmallc.a
LOAD /opt/altera/13.1/nios2eds/bin/gnu/H-i686-pc-linux-gnu/bin/../lib/gcc/nios2-elf/4.7.3/libgcc.a
LOAD ../OPD14_bsp//libhal_bsp.a
END GROUP
LOAD /opt/altera/13.1/nios2eds/bin/gnu/H-i686-pc-linux-gnu/bin/../lib/gcc/nios2-elf/4.7.3/libgcc.a
                0x00008000                __alt_mem_onchip_memory2_0 = 0x8000

.entry          0x00008000       0x20
 *(.entry)
 .entry         0x00008000       0x20 ../OPD14_bsp//obj/HAL/src/crt0.o
                0x00008000                __reset

.exceptions     0x00008020      0x130
                0x00008020                PROVIDE (__ram_exceptions_start, ABSOLUTE (.))
                0x00008020                . = ALIGN (0x20)
 *(.irq)
 *(.exceptions.entry.label)
 .exceptions.entry.label
                0x00008020        0x0 ../OPD14_bsp//libhal_bsp.a(alt_irq_entry.o)
                0x00008020                alt_irq_entry
 .exceptions.entry.label
                0x00008020        0x0 ../OPD14_bsp//libhal_bsp.a(alt_exception_entry.o)
                0x00008020                alt_exception
 *(.exceptions.entry.user)
 *(.exceptions.entry.ecc_fatal)
 *(.exceptions.entry)
 .exceptions.entry
                0x00008020       0x54 ../OPD14_bsp//libhal_bsp.a(alt_exception_entry.o)
 *(.exceptions.irqtest.user)
 *(.exceptions.irqtest)
 .exceptions.irqtest
                0x00008074       0x10 ../OPD14_bsp//libhal_bsp.a(alt_irq_entry.o)
 *(.exceptions.irqhandler.user)
 *(.exceptions.irqhandler)
 .exceptions.irqhandler
                0x00008084        0x4 ../OPD14_bsp//libhal_bsp.a(alt_irq_entry.o)
 *(.exceptions.irqreturn.user)
 *(.exceptions.irqreturn)
 .exceptions.irqreturn
                0x00008088        0x4 ../OPD14_bsp//libhal_bsp.a(alt_irq_entry.o)
 *(.exceptions.notirq.label)
 .exceptions.notirq.label
                0x0000808c        0x0 ../OPD14_bsp//libhal_bsp.a(alt_irq_entry.o)
 *(.exceptions.notirq.user)
 *(.exceptions.notirq)
 .exceptions.notirq
                0x0000808c        0x8 ../OPD14_bsp//libhal_bsp.a(alt_exception_entry.o)
 *(.exceptions.soft.user)
 *(.exceptions.soft)
 *(.exceptions.unknown.user)
 *(.exceptions.unknown)
 .exceptions.unknown
                0x00008094        0x4 ../OPD14_bsp//libhal_bsp.a(alt_exception_entry.o)
 *(.exceptions.exit.label)
 .exceptions.exit.label
                0x00008098        0x0 ../OPD14_bsp//libhal_bsp.a(alt_irq_entry.o)
 .exceptions.exit.label
                0x00008098        0x0 ../OPD14_bsp//libhal_bsp.a(alt_exception_entry.o)
 *(.exceptions.exit.user)
 *(.exceptions.exit)
 .exceptions.exit
                0x00008098       0x54 ../OPD14_bsp//libhal_bsp.a(alt_exception_entry.o)
 *(.exceptions)
 .exceptions    0x000080ec       0x64 ../OPD14_bsp//libhal_bsp.a(alt_irq_handler.o)
                0x000080ec                alt_irq_handler
                0x00008150                PROVIDE (__ram_exceptions_end, ABSOLUTE (.))
                0x00008020                PROVIDE (__flash_exceptions_start, LOADADDR (.exceptions))

.text           0x00008150     0x3a58
                0x00008150                PROVIDE (stext, ABSOLUTE (.))
 *(.interp)
 *(.hash)
 *(.dynsym)
 *(.dynstr)
 *(.gnu.version)
 *(.gnu.version_d)
 *(.gnu.version_r)
 *(.rel.init)
 *(.rela.init)
 *(.rel.text .rel.text.* .rel.gnu.linkonce.t.*)
 *(.rela.text .rela.text.* .rela.gnu.linkonce.t.*)
 *(.rel.fini)
 *(.rela.fini)
 *(.rel.rodata .rel.rodata.* .rel.gnu.linkonce.r.*)
 *(.rela.rodata .rela.rodata.* .rela.gnu.linkonce.r.*)
 *(.rel.data .rel.data.* .rel.gnu.linkonce.d.*)
 *(.rela.data .rela.data.* .rela.gnu.linkonce.d.*)
 *(.rel.tdata .rel.tdata.* .rel.gnu.linkonce.td.*)
 *(.rela.tdata .rela.tdata.* .rela.gnu.linkonce.td.*)
 *(.rel.tbss .rel.tbss.* .rel.gnu.linkonce.tb.*)
 *(.rela.tbss .rela.tbss.* .rela.gnu.linkonce.tb.*)
 *(.rel.ctors)
 *(.rela.ctors)
 *(.rel.dtors)
 *(.rela.dtors)
 *(.rel.got)
 *(.rela.got)
 *(.rel.sdata .rel.sdata.* .rel.gnu.linkonce.s.*)
 *(.rela.sdata .rela.sdata.* .rela.gnu.linkonce.s.*)
 *(.rel.sbss .rel.sbss.* .rel.gnu.linkonce.sb.*)
 *(.rela.sbss .rela.sbss.* .rela.gnu.linkonce.sb.*)
 *(.rel.sdata2 .rel.sdata2.* .rel.gnu.linkonce.s2.*)
 *(.rela.sdata2 .rela.sdata2.* .rela.gnu.linkonce.s2.*)
 *(.rel.sbss2 .rel.sbss2.* .rel.gnu.linkonce.sb2.*)
 *(.rela.sbss2 .rela.sbss2.* .rela.gnu.linkonce.sb2.*)
 *(.rel.bss .rel.bss.* .rel.gnu.linkonce.b.*)
 *(.rela.bss .rela.bss.* .rela.gnu.linkonce.b.*)
 *(.rel.plt)
 *(.rela.plt)
 *(.rel.dyn)
 *(.init)
 *(.plt)
 *(.text .stub .text.* .gnu.linkonce.t.*)
 .text          0x00008150       0x3c ../OPD14_bsp//obj/HAL/src/crt0.o
                0x00008150                _start
 .text          0x0000818c      0x254 obj/default/hello_world.o
                0x0000818c                setPWMA
                0x000081d0                setPWMB
                0x00008214                getENCA
                0x00008238                getENCB
                0x0000825c                main
 .text          0x000083e0       0x78 obj/default/xxfuncs.o
                0x000083e0                XXString2Double
                0x00008420                XXDouble2String
 .text          0x00008458      0x8e8 obj/default/xxmodel_pan.o
                0x00008458                XXModelInitialize_parameters
                0x00008538                XXModelInitialize_initialvalues
                0x00008584                XXModelInitialize_states
                0x00008600                XXModelInitialize_variables
                0x00008638                XXModelInitialize
                0x0000866c                XXCalculateInitial
                0x00008688                XXCalculateStatic
                0x000086a4                XXCalculateInput
                0x000086c0                XXCalculateDynamic
                0x00008cac                XXCalculateOutput
                0x00008d08                XXCalculateFinal
                0x00008d24                XXModelTerminate
 .text          0x00008d40      0x13c /opt/altera/13.1/nios2eds/bin/gnu/H-i686-pc-linux-gnu/bin/../lib/gcc/nios2-elf/4.7.3/libgcc.a(_div_sf.o)
                0x00008d40                __divsf3
 .text          0x00008e7c       0xa4 /opt/altera/13.1/nios2eds/bin/gnu/H-i686-pc-linux-gnu/bin/../lib/gcc/nios2-elf/4.7.3/libgcc.a(_si_to_sf.o)
                0x00008e7c                __floatsisf
 .text          0x00008f20       0x44 /opt/altera/13.1/nios2eds/bin/gnu/H-i686-pc-linux-gnu/bin/../lib/gcc/nios2-elf/4.7.3/libgcc.a(_sf_to_df.o)
                0x00008f20                __extendsfdf2
 .text          0x00008f64        0x0 /opt/altera/13.1/nios2eds/bin/gnu/H-i686-pc-linux-gnu/bin/../lib/gcc/nios2-elf/4.7.3/libgcc.a(_thenan_sf.o)
 .text          0x00008f64      0x408 /opt/altera/13.1/nios2eds/bin/gnu/H-i686-pc-linux-gnu/bin/../lib/gcc/nios2-elf/4.7.3/libgcc.a(_addsub_df.o)
                0x000092b8                __adddf3
                0x0000930c                __subdf3
 .text          0x0000936c      0x2e4 /opt/altera/13.1/nios2eds/bin/gnu/H-i686-pc-linux-gnu/bin/../lib/gcc/nios2-elf/4.7.3/libgcc.a(_mul_df.o)
                0x0000936c                __muldf3
 .text          0x00009650      0x1b4 /opt/altera/13.1/nios2eds/bin/gnu/H-i686-pc-linux-gnu/bin/../lib/gcc/nios2-elf/4.7.3/libgcc.a(_div_df.o)
                0x00009650                __divdf3
 .text          0x00009804       0x64 /opt/altera/13.1/nios2eds/bin/gnu/H-i686-pc-linux-gnu/bin/../lib/gcc/nios2-elf/4.7.3/libgcc.a(_gt_df.o)
                0x00009804                __gtdf2
 .text          0x00009868       0x5c /opt/altera/13.1/nios2eds/bin/gnu/H-i686-pc-linux-gnu/bin/../lib/gcc/nios2-elf/4.7.3/libgcc.a(_lt_df.o)
                0x00009868                __ltdf2
 .text          0x000098c4       0xd4 /opt/altera/13.1/nios2eds/bin/gnu/H-i686-pc-linux-gnu/bin/../lib/gcc/nios2-elf/4.7.3/libgcc.a(_df_to_si.o)
                0x000098c4                __fixdfsi
 .text          0x00009998       0x38 /opt/altera/13.1/nios2eds/bin/gnu/H-i686-pc-linux-gnu/bin/../lib/gcc/nios2-elf/4.7.3/libgcc.a(_make_df.o)
                0x00009998                __make_dp
 .text          0x000099d0       0x60 /opt/altera/13.1/nios2eds/bin/gnu/H-i686-pc-linux-gnu/bin/../lib/gcc/nios2-elf/4.7.3/libgcc.a(_df_to_sf.o)
                0x000099d0                __truncdfsf2
 .text          0x00009a30        0x0 /opt/altera/13.1/nios2eds/bin/gnu/H-i686-pc-linux-gnu/bin/../lib/gcc/nios2-elf/4.7.3/libgcc.a(_thenan_df.o)
 .text          0x00009a30       0x60 /opt/altera/13.1/nios2eds/bin/gnu/H-i686-pc-linux-gnu/bin/../lib/gcc/nios2-elf/4.7.3/libgcc.a(_muldi3.o)
                0x00009a30                __muldi3
 .text          0x00009a90       0xac /opt/altera/13.1/nios2eds/bin/gnu/H-i686-pc-linux-gnu/bin/../lib/gcc/nios2-elf/4.7.3/libgcc.a(_clzsi2.o)
                0x00009a90                __clzsi2
 .text          0x00009b3c      0x12c /opt/altera/13.1/nios2eds/bin/gnu/H-i686-pc-linux-gnu/bin/../lib/gcc/nios2-elf/4.7.3/libgcc.a(_pack_sf.o)
                0x00009b3c                __pack_f
 .text          0x00009c68       0xc8 /opt/altera/13.1/nios2eds/bin/gnu/H-i686-pc-linux-gnu/bin/../lib/gcc/nios2-elf/4.7.3/libgcc.a(_unpack_sf.o)
                0x00009c68                __unpack_f
 .text          0x00009d30       0x2c /opt/altera/13.1/nios2eds/bin/gnu/H-i686-pc-linux-gnu/bin/../lib/gcc/nios2-elf/4.7.3/libgcc.a(_make_sf.o)
                0x00009d30                __make_fp
 .text          0x00009d5c      0x224 /opt/altera/13.1/nios2eds/bin/gnu/H-i686-pc-linux-gnu/bin/../lib/gcc/nios2-elf/4.7.3/libgcc.a(_pack_df.o)
                0x00009d5c                __pack_d
 .text          0x00009f80      0x104 /opt/altera/13.1/nios2eds/bin/gnu/H-i686-pc-linux-gnu/bin/../lib/gcc/nios2-elf/4.7.3/libgcc.a(_unpack_df.o)
                0x00009f80                __unpack_d
 .text          0x0000a084       0xd0 /opt/altera/13.1/nios2eds/bin/gnu/H-i686-pc-linux-gnu/bin/../lib/gcc/nios2-elf/4.7.3/libgcc.a(_fpcmp_parts_df.o)
                0x0000a084                __fpcmp_parts_d
 .text          0x0000a154       0x44 /opt/altera/13.1/nios2eds/bin/gnu/H-i686-pc-linux-gnu/bin/../lib/gcc/nios2-elf/4.7.3/libgcc.a(_lshrdi3.o)
                0x0000a154                __lshrdi3
 .text          0x0000a198       0x44 /opt/altera/13.1/nios2eds/bin/gnu/H-i686-pc-linux-gnu/bin/../lib/gcc/nios2-elf/4.7.3/libgcc.a(_ashldi3.o)
                0x0000a198                __ashldi3
 .text          0x0000a1dc        0x0 /opt/altera/13.1/nios2eds/bin/gnu/H-i686-pc-linux-gnu/bin/../lib/gcc/nios2-elf/4.7.3/libgcc.a(_clz.o)
 .text          0x0000a1dc       0x20 /opt/altera/13.1/nios2eds/bin/gnu/H-i686-pc-linux-gnu/bin/../lib/gcc/nios2-elf/4.7.3/../../../../../H-i686-pc-linux-gnu/nios2-elf/lib/libsmallc.a(lib_a-memset.o)
                0x0000a1dc                memset
 .text          0x0000a1fc       0x88 /opt/altera/13.1/nios2eds/bin/gnu/H-i686-pc-linux-gnu/bin/../lib/gcc/nios2-elf/4.7.3/../../../../../H-i686-pc-linux-gnu/nios2-elf/lib/libsmallc.a(lib_a-printf.o)
                0x0000a1fc                _printf_r
                0x0000a238                printf
 .text          0x0000a284      0x6e8 /opt/altera/13.1/nios2eds/bin/gnu/H-i686-pc-linux-gnu/bin/../lib/gcc/nios2-elf/4.7.3/../../../../../H-i686-pc-linux-gnu/nios2-elf/lib/libsmallc.a(lib_a-vfprintf.o)
                0x0000a284                ___vfprintf_internal_r
                0x0000a948                __vfprintf_internal
 .text          0x0000a96c       0xe0 /opt/altera/13.1/nios2eds/bin/gnu/H-i686-pc-linux-gnu/bin/../lib/gcc/nios2-elf/4.7.3/../../../../../H-i686-pc-linux-gnu/nios2-elf/lib/libsmallc.a(lib_a-fvwrite_small_dev.o)
                0x0000a96c                __sfvwrite_small_dev
 .text          0x0000aa4c        0x0 /opt/altera/13.1/nios2eds/bin/gnu/H-i686-pc-linux-gnu/bin/../lib/gcc/nios2-elf/4.7.3/../../../../../H-i686-pc-linux-gnu/nios2-elf/lib/libsmallc.a(lib_a-impure.o)
 .text          0x0000aa4c       0x28 /opt/altera/13.1/nios2eds/bin/gnu/H-i686-pc-linux-gnu/bin/../lib/gcc/nios2-elf/4.7.3/../../../../../H-i686-pc-linux-gnu/nios2-elf/lib/libsmallc.a(lib_a-strlen.o)
                0x0000aa4c                strlen
 .text          0x0000aa74       0x6c /opt/altera/13.1/nios2eds/bin/gnu/H-i686-pc-linux-gnu/bin/../lib/gcc/nios2-elf/4.7.3/../../../../../H-i686-pc-linux-gnu/nios2-elf/lib/libsmallc.a(lib_a-writer.o)
                0x0000aa74                _write_r
 .text          0x0000aae0        0x0 /opt/altera/13.1/nios2eds/bin/gnu/H-i686-pc-linux-gnu/bin/../lib/gcc/nios2-elf/4.7.3/../../../../../H-i686-pc-linux-gnu/nios2-elf/lib/libsmallc.a(lib_a-int_errno.o)
 .text          0x0000aae0      0x130 /opt/altera/13.1/nios2eds/bin/gnu/H-i686-pc-linux-gnu/bin/../lib/gcc/nios2-elf/4.7.3/libgcc.a(lib2-divmod.o)
                0x0000ab54                __divsi3
                0x0000aba4                __modsi3
                0x0000ac00                __udivsi3
                0x0000ac08                __umodsi3
 .text          0x0000ac10      0x114 ../OPD14_bsp//libhal_bsp.a(alt_load.o)
                0x0000ac10                alt_load
 .text          0x0000ad24       0x50 ../OPD14_bsp//libhal_bsp.a(alt_main.o)
                0x0000ad24                alt_main
 .text          0x0000ad74       0xe8 ../OPD14_bsp//libhal_bsp.a(alt_write.o)
                0x0000ad74                write
 .text          0x0000ae5c       0x78 ../OPD14_bsp//libhal_bsp.a(alt_sys_init.o)
                0x0000ae5c                alt_irq_init
                0x0000ae7c                alt_sys_init
 .text          0x0000aed4       0x20 ../OPD14_bsp//libhal_bsp.a(altera_avalon_jtag_uart_fd.o)
                0x0000aed4                altera_avalon_jtag_uart_read_fd
                0x0000aee4                altera_avalon_jtag_uart_write_fd
 .text          0x0000aef4       0x58 ../OPD14_bsp//libhal_bsp.a(altera_avalon_jtag_uart_read.o)
                0x0000aef4                altera_avalon_jtag_uart_read
 .text          0x0000af4c       0x34 ../OPD14_bsp//libhal_bsp.a(altera_avalon_jtag_uart_write.o)
                0x0000af4c                altera_avalon_jtag_uart_write
 .text          0x0000af80       0x8c ../OPD14_bsp//libhal_bsp.a(altera_avalon_timer_sc.o)
                0x0000afbc                alt_avalon_timer_sc_init
 .text          0x0000b00c       0x20 ../OPD14_bsp//libhal_bsp.a(altera_avalon_uart_fd.o)
                0x0000b00c                altera_avalon_uart_read_fd
                0x0000b01c                altera_avalon_uart_write_fd
 .text          0x0000b02c       0x84 ../OPD14_bsp//libhal_bsp.a(altera_avalon_uart_read.o)
                0x0000b02c                altera_avalon_uart_read
 .text          0x0000b0b0       0x9c ../OPD14_bsp//libhal_bsp.a(altera_avalon_uart_write.o)
                0x0000b0b0                altera_avalon_uart_write
 .text          0x0000b14c       0xe0 ../OPD14_bsp//libhal_bsp.a(alt_close.o)
                0x0000b14c                close
 .text          0x0000b22c        0x4 ../OPD14_bsp//libhal_bsp.a(alt_dcache_flush_all.o)
                0x0000b22c                alt_dcache_flush_all
 .text          0x0000b230        0x8 ../OPD14_bsp//libhal_bsp.a(alt_dev.o)
 .text          0x0000b238       0x6c ../OPD14_bsp//libhal_bsp.a(alt_dev_llist_insert.o)
                0x0000b238                alt_dev_llist_insert
 .text          0x0000b2a4        0x0 ../OPD14_bsp//libhal_bsp.a(alt_errno.o)
 .text          0x0000b2a4        0xc ../OPD14_bsp//libhal_bsp.a(alt_icache_flush_all.o)
                0x0000b2a4                alt_icache_flush_all
 .text          0x0000b2b0       0x9c ../OPD14_bsp//libhal_bsp.a(alt_iic.o)
                0x0000b2b0                alt_ic_isr_register
                0x0000b2b4                alt_ic_irq_enable
                0x0000b2f4                alt_ic_irq_disable
                0x0000b334                alt_ic_irq_enabled
 .text          0x0000b34c       0x68 ../OPD14_bsp//libhal_bsp.a(alt_iic_isr_register.o)
                0x0000b34c                alt_iic_isr_register
 .text          0x0000b3b4       0xe8 ../OPD14_bsp//libhal_bsp.a(alt_io_redirect.o)
                0x0000b424                alt_io_redirect
 .text          0x0000b49c        0x0 ../OPD14_bsp//libhal_bsp.a(alt_irq_entry.o)
 .text          0x0000b49c        0x0 ../OPD14_bsp//libhal_bsp.a(alt_irq_handler.o)
 .text          0x0000b49c        0x0 ../OPD14_bsp//libhal_bsp.a(alt_irq_vars.o)
 .text          0x0000b49c      0x17c ../OPD14_bsp//libhal_bsp.a(alt_open.o)
                0x0000b49c                open
 .text          0x0000b618       0x24 ../OPD14_bsp//libhal_bsp.a(alt_release_fd.o)
                0x0000b618                alt_release_fd
 .text          0x0000b63c      0x128 ../OPD14_bsp//libhal_bsp.a(alt_tick.o)
                0x0000b63c                alt_alarm_stop
                0x0000b670                alt_tick
 .text          0x0000b764        0x8 ../OPD14_bsp//libhal_bsp.a(altera_nios2_qsys_irq.o)
                0x0000b764                altera_nios2_qsys_irq_init
 .text          0x0000b76c        0x0 ../OPD14_bsp//libhal_bsp.a(alt_exception_entry.o)
 .text          0x0000b76c       0x94 ../OPD14_bsp//libhal_bsp.a(alt_find_dev.o)
                0x0000b76c                alt_find_dev
 .text          0x0000b800       0xac ../OPD14_bsp//libhal_bsp.a(alt_find_file.o)
                0x0000b800                alt_find_file
 .text          0x0000b8ac       0x58 ../OPD14_bsp//libhal_bsp.a(alt_get_fd.o)
                0x0000b8ac                alt_get_fd
 .text          0x0000b904       0x50 ../OPD14_bsp//libhal_bsp.a(alt_icache_flush.o)
                0x0000b904                alt_icache_flush
 .text          0x0000b954       0x20 /opt/altera/13.1/nios2eds/bin/gnu/H-i686-pc-linux-gnu/bin/../lib/gcc/nios2-elf/4.7.3/../../../../../H-i686-pc-linux-gnu/nios2-elf/lib/libsmallc.a(lib_a-exit.o)
                0x0000b954                exit
 .text          0x0000b974       0x48 /opt/altera/13.1/nios2eds/bin/gnu/H-i686-pc-linux-gnu/bin/../lib/gcc/nios2-elf/4.7.3/../../../../../H-i686-pc-linux-gnu/nios2-elf/lib/libsmallc.a(lib_a-memcmp.o)
                0x0000b974                memcmp
 .text          0x0000b9bc      0x1d8 /opt/altera/13.1/nios2eds/bin/gnu/H-i686-pc-linux-gnu/bin/../lib/gcc/nios2-elf/4.7.3/../../../../../H-i686-pc-linux-gnu/nios2-elf/lib/libsmallc.a(lib_a-__call_atexit.o)
                0x0000b9bc                __call_exitprocs
 .text          0x0000bb94       0x14 ../OPD14_bsp//libhal_bsp.a(alt_exit.o)
                0x0000bb94                _exit
 *(.gnu.warning.*)
 *(.fini)
                0x0000bba8                PROVIDE (__etext, ABSOLUTE (.))
                0x0000bba8                PROVIDE (_etext, ABSOLUTE (.))
                0x0000bba8                PROVIDE (etext, ABSOLUTE (.))
 *(.eh_frame_hdr)
                0x0000bba8                . = ALIGN (0x4)
                0x0000bba8                PROVIDE (__preinit_array_start, ABSOLUTE (.))
 *(.preinit_array)
                0x0000bba8                PROVIDE (__preinit_array_end, ABSOLUTE (.))
                0x0000bba8                PROVIDE (__init_array_start, ABSOLUTE (.))
 *(.init_array)
                0x0000bba8                PROVIDE (__init_array_end, ABSOLUTE (.))
                0x0000bba8                PROVIDE (__fini_array_start, ABSOLUTE (.))
 *(.fini_array)
                0x0000bba8                PROVIDE (__fini_array_end, ABSOLUTE (.))
 *(.eh_frame)
 *(.gcc_except_table .gcc_except_table.*)
 *(.dynamic)
                0x0000bba8                PROVIDE (__CTOR_LIST__, ABSOLUTE (.))
 *(.ctors)
 *(SORT(.ctors.*))
                0x0000bba8                PROVIDE (__CTOR_END__, ABSOLUTE (.))
                0x0000bba8                PROVIDE (__DTOR_LIST__, ABSOLUTE (.))
 *(.dtors)
 *(SORT(.dtors.*))
                0x0000bba8                PROVIDE (__DTOR_END__, ABSOLUTE (.))
 *(.jcr)
                0x0000bba8                . = ALIGN (0x4)

.rodata         0x0000bba8      0x158
                0x0000bba8                PROVIDE (__ram_rodata_start, ABSOLUTE (.))
                0x0000bba8                . = ALIGN (0x4)
 *(.rodata .rodata.* .gnu.linkonce.r.*)
 .rodata        0x0000bba8        0x8 obj/default/hello_world.o
 .rodata        0x0000bbb0       0x10 /opt/altera/13.1/nios2eds/bin/gnu/H-i686-pc-linux-gnu/bin/../lib/gcc/nios2-elf/4.7.3/libgcc.a(_thenan_sf.o)
                0x0000bbb0                __thenan_sf
 .rodata        0x0000bbc0       0x14 /opt/altera/13.1/nios2eds/bin/gnu/H-i686-pc-linux-gnu/bin/../lib/gcc/nios2-elf/4.7.3/libgcc.a(_thenan_df.o)
                0x0000bbc0                __thenan_df
 .rodata        0x0000bbd4      0x100 /opt/altera/13.1/nios2eds/bin/gnu/H-i686-pc-linux-gnu/bin/../lib/gcc/nios2-elf/4.7.3/libgcc.a(_clz.o)
                0x0000bbd4                __clz_tab
 .rodata.str1.4
                0x0000bcd4       0x11 ../OPD14_bsp//libhal_bsp.a(alt_main.o)
                                 0x14 (size before relaxing)
 *fill*         0x0000bce5        0x3 
 .rodata.str1.4
                0x0000bce8        0xc ../OPD14_bsp//libhal_bsp.a(alt_sys_init.o)
                                 0x20 (size before relaxing)
 .rodata.str1.4
                0x0000bcf4        0xc ../OPD14_bsp//libhal_bsp.a(alt_dev.o)
 *(.rodata1)
                0x0000bd00                . = ALIGN (0x4)
                0x0000bd00                PROVIDE (__ram_rodata_end, ABSOLUTE (.))
                0x0000bba8                PROVIDE (__flash_rodata_start, LOADADDR (.rodata))

.rwdata         0x0000bd00      0x324 load address 0x0000c024
                0x0000bd00                PROVIDE (__ram_rwdata_start, ABSOLUTE (.))
                0x0000bd00                . = ALIGN (0x4)
 *(.got.plt)
 *(.got)
 *(.data1)
 *(.data .data.* .gnu.linkonce.d.*)
 .data          0x0000bd00        0x0 ../OPD14_bsp//obj/HAL/src/crt0.o
 .data          0x0000bd00        0x0 obj/default/hello_world.o
 .data          0x0000bd00        0x0 obj/default/xxfuncs.o
 .data          0x0000bd00        0x0 obj/default/xxmodel_pan.o
 .data          0x0000bd00        0x0 /opt/altera/13.1/nios2eds/bin/gnu/H-i686-pc-linux-gnu/bin/../lib/gcc/nios2-elf/4.7.3/libgcc.a(_div_sf.o)
 .data          0x0000bd00        0x0 /opt/altera/13.1/nios2eds/bin/gnu/H-i686-pc-linux-gnu/bin/../lib/gcc/nios2-elf/4.7.3/libgcc.a(_si_to_sf.o)
 .data          0x0000bd00        0x0 /opt/altera/13.1/nios2eds/bin/gnu/H-i686-pc-linux-gnu/bin/../lib/gcc/nios2-elf/4.7.3/libgcc.a(_sf_to_df.o)
 .data          0x0000bd00        0x0 /opt/altera/13.1/nios2eds/bin/gnu/H-i686-pc-linux-gnu/bin/../lib/gcc/nios2-elf/4.7.3/libgcc.a(_thenan_sf.o)
 .data          0x0000bd00        0x0 /opt/altera/13.1/nios2eds/bin/gnu/H-i686-pc-linux-gnu/bin/../lib/gcc/nios2-elf/4.7.3/libgcc.a(_addsub_df.o)
 .data          0x0000bd00        0x0 /opt/altera/13.1/nios2eds/bin/gnu/H-i686-pc-linux-gnu/bin/../lib/gcc/nios2-elf/4.7.3/libgcc.a(_mul_df.o)
 .data          0x0000bd00        0x0 /opt/altera/13.1/nios2eds/bin/gnu/H-i686-pc-linux-gnu/bin/../lib/gcc/nios2-elf/4.7.3/libgcc.a(_div_df.o)
 .data          0x0000bd00        0x0 /opt/altera/13.1/nios2eds/bin/gnu/H-i686-pc-linux-gnu/bin/../lib/gcc/nios2-elf/4.7.3/libgcc.a(_gt_df.o)
 .data          0x0000bd00        0x0 /opt/altera/13.1/nios2eds/bin/gnu/H-i686-pc-linux-gnu/bin/../lib/gcc/nios2-elf/4.7.3/libgcc.a(_lt_df.o)
 .data          0x0000bd00        0x0 /opt/altera/13.1/nios2eds/bin/gnu/H-i686-pc-linux-gnu/bin/../lib/gcc/nios2-elf/4.7.3/libgcc.a(_df_to_si.o)
 .data          0x0000bd00        0x0 /opt/altera/13.1/nios2eds/bin/gnu/H-i686-pc-linux-gnu/bin/../lib/gcc/nios2-elf/4.7.3/libgcc.a(_make_df.o)
 .data          0x0000bd00        0x0 /opt/altera/13.1/nios2eds/bin/gnu/H-i686-pc-linux-gnu/bin/../lib/gcc/nios2-elf/4.7.3/libgcc.a(_df_to_sf.o)
 .data          0x0000bd00        0x0 /opt/altera/13.1/nios2eds/bin/gnu/H-i686-pc-linux-gnu/bin/../lib/gcc/nios2-elf/4.7.3/libgcc.a(_thenan_df.o)
 .data          0x0000bd00        0x0 /opt/altera/13.1/nios2eds/bin/gnu/H-i686-pc-linux-gnu/bin/../lib/gcc/nios2-elf/4.7.3/libgcc.a(_muldi3.o)
 .data          0x0000bd00        0x0 /opt/altera/13.1/nios2eds/bin/gnu/H-i686-pc-linux-gnu/bin/../lib/gcc/nios2-elf/4.7.3/libgcc.a(_clzsi2.o)
 .data          0x0000bd00        0x0 /opt/altera/13.1/nios2eds/bin/gnu/H-i686-pc-linux-gnu/bin/../lib/gcc/nios2-elf/4.7.3/libgcc.a(_pack_sf.o)
 .data          0x0000bd00        0x0 /opt/altera/13.1/nios2eds/bin/gnu/H-i686-pc-linux-gnu/bin/../lib/gcc/nios2-elf/4.7.3/libgcc.a(_unpack_sf.o)
 .data          0x0000bd00        0x0 /opt/altera/13.1/nios2eds/bin/gnu/H-i686-pc-linux-gnu/bin/../lib/gcc/nios2-elf/4.7.3/libgcc.a(_make_sf.o)
 .data          0x0000bd00        0x0 /opt/altera/13.1/nios2eds/bin/gnu/H-i686-pc-linux-gnu/bin/../lib/gcc/nios2-elf/4.7.3/libgcc.a(_pack_df.o)
 .data          0x0000bd00        0x0 /opt/altera/13.1/nios2eds/bin/gnu/H-i686-pc-linux-gnu/bin/../lib/gcc/nios2-elf/4.7.3/libgcc.a(_unpack_df.o)
 .data          0x0000bd00        0x0 /opt/altera/13.1/nios2eds/bin/gnu/H-i686-pc-linux-gnu/bin/../lib/gcc/nios2-elf/4.7.3/libgcc.a(_fpcmp_parts_df.o)
 .data          0x0000bd00        0x0 /opt/altera/13.1/nios2eds/bin/gnu/H-i686-pc-linux-gnu/bin/../lib/gcc/nios2-elf/4.7.3/libgcc.a(_lshrdi3.o)
 .data          0x0000bd00        0x0 /opt/altera/13.1/nios2eds/bin/gnu/H-i686-pc-linux-gnu/bin/../lib/gcc/nios2-elf/4.7.3/libgcc.a(_ashldi3.o)
 .data          0x0000bd00        0x0 /opt/altera/13.1/nios2eds/bin/gnu/H-i686-pc-linux-gnu/bin/../lib/gcc/nios2-elf/4.7.3/libgcc.a(_clz.o)
 .data          0x0000bd00        0x0 /opt/altera/13.1/nios2eds/bin/gnu/H-i686-pc-linux-gnu/bin/../lib/gcc/nios2-elf/4.7.3/../../../../../H-i686-pc-linux-gnu/nios2-elf/lib/libsmallc.a(lib_a-memset.o)
 .data          0x0000bd00        0x0 /opt/altera/13.1/nios2eds/bin/gnu/H-i686-pc-linux-gnu/bin/../lib/gcc/nios2-elf/4.7.3/../../../../../H-i686-pc-linux-gnu/nios2-elf/lib/libsmallc.a(lib_a-printf.o)
 .data          0x0000bd00        0x0 /opt/altera/13.1/nios2eds/bin/gnu/H-i686-pc-linux-gnu/bin/../lib/gcc/nios2-elf/4.7.3/../../../../../H-i686-pc-linux-gnu/nios2-elf/lib/libsmallc.a(lib_a-vfprintf.o)
 .data          0x0000bd00        0x0 /opt/altera/13.1/nios2eds/bin/gnu/H-i686-pc-linux-gnu/bin/../lib/gcc/nios2-elf/4.7.3/../../../../../H-i686-pc-linux-gnu/nios2-elf/lib/libsmallc.a(lib_a-fvwrite_small_dev.o)
 .data          0x0000bd00       0xe0 /opt/altera/13.1/nios2eds/bin/gnu/H-i686-pc-linux-gnu/bin/../lib/gcc/nios2-elf/4.7.3/../../../../../H-i686-pc-linux-gnu/nios2-elf/lib/libsmallc.a(lib_a-impure.o)
 .data          0x0000bde0        0x0 /opt/altera/13.1/nios2eds/bin/gnu/H-i686-pc-linux-gnu/bin/../lib/gcc/nios2-elf/4.7.3/../../../../../H-i686-pc-linux-gnu/nios2-elf/lib/libsmallc.a(lib_a-strlen.o)
 .data          0x0000bde0        0x0 /opt/altera/13.1/nios2eds/bin/gnu/H-i686-pc-linux-gnu/bin/../lib/gcc/nios2-elf/4.7.3/../../../../../H-i686-pc-linux-gnu/nios2-elf/lib/libsmallc.a(lib_a-writer.o)
 .data          0x0000bde0        0x0 /opt/altera/13.1/nios2eds/bin/gnu/H-i686-pc-linux-gnu/bin/../lib/gcc/nios2-elf/4.7.3/../../../../../H-i686-pc-linux-gnu/nios2-elf/lib/libsmallc.a(lib_a-int_errno.o)
 .data          0x0000bde0        0x0 /opt/altera/13.1/nios2eds/bin/gnu/H-i686-pc-linux-gnu/bin/../lib/gcc/nios2-elf/4.7.3/libgcc.a(lib2-divmod.o)
 .data          0x0000bde0        0x0 ../OPD14_bsp//libhal_bsp.a(alt_load.o)
 .data          0x0000bde0        0x0 ../OPD14_bsp//libhal_bsp.a(alt_main.o)
 .data          0x0000bde0        0x0 ../OPD14_bsp//libhal_bsp.a(alt_write.o)
 .data          0x0000bde0       0x58 ../OPD14_bsp//libhal_bsp.a(alt_sys_init.o)
 .data          0x0000be38        0x0 ../OPD14_bsp//libhal_bsp.a(altera_avalon_jtag_uart_fd.o)
 .data          0x0000be38        0x0 ../OPD14_bsp//libhal_bsp.a(altera_avalon_jtag_uart_read.o)
 .data          0x0000be38        0x0 ../OPD14_bsp//libhal_bsp.a(altera_avalon_jtag_uart_write.o)
 .data          0x0000be38        0x0 ../OPD14_bsp//libhal_bsp.a(altera_avalon_timer_sc.o)
 .data          0x0000be38        0x0 ../OPD14_bsp//libhal_bsp.a(altera_avalon_uart_fd.o)
 .data          0x0000be38        0x0 ../OPD14_bsp//libhal_bsp.a(altera_avalon_uart_read.o)
 .data          0x0000be38        0x0 ../OPD14_bsp//libhal_bsp.a(altera_avalon_uart_write.o)
 .data          0x0000be38        0x0 ../OPD14_bsp//libhal_bsp.a(alt_close.o)
 .data          0x0000be38        0x0 ../OPD14_bsp//libhal_bsp.a(alt_dcache_flush_all.o)
 .data          0x0000be38      0x1a8 ../OPD14_bsp//libhal_bsp.a(alt_dev.o)
                0x0000be38                alt_fd_list
                0x0000bfb8                alt_dev_null
 .data          0x0000bfe0        0x0 ../OPD14_bsp//libhal_bsp.a(alt_dev_llist_insert.o)
 .data          0x0000bfe0        0x0 ../OPD14_bsp//libhal_bsp.a(alt_errno.o)
 .data          0x0000bfe0        0x0 ../OPD14_bsp//libhal_bsp.a(alt_icache_flush_all.o)
 .data          0x0000bfe0        0x0 ../OPD14_bsp//libhal_bsp.a(alt_iic.o)
 .data          0x0000bfe0        0x0 ../OPD14_bsp//libhal_bsp.a(alt_iic_isr_register.o)
 .data          0x0000bfe0        0x0 ../OPD14_bsp//libhal_bsp.a(alt_io_redirect.o)
 .data          0x0000bfe0        0x0 ../OPD14_bsp//libhal_bsp.a(alt_irq_entry.o)
 .data          0x0000bfe0        0x0 ../OPD14_bsp//libhal_bsp.a(alt_irq_handler.o)
 .data          0x0000bfe0        0x0 ../OPD14_bsp//libhal_bsp.a(alt_irq_vars.o)
 .data          0x0000bfe0        0x0 ../OPD14_bsp//libhal_bsp.a(alt_open.o)
 .data          0x0000bfe0        0x0 ../OPD14_bsp//libhal_bsp.a(alt_release_fd.o)
 .data          0x0000bfe0        0x0 ../OPD14_bsp//libhal_bsp.a(alt_tick.o)
 .data          0x0000bfe0        0x0 ../OPD14_bsp//libhal_bsp.a(altera_nios2_qsys_irq.o)
 .data          0x0000bfe0        0x0 ../OPD14_bsp//libhal_bsp.a(alt_exception_entry.o)
 .data          0x0000bfe0        0x0 ../OPD14_bsp//libhal_bsp.a(alt_find_dev.o)
 .data          0x0000bfe0        0x0 ../OPD14_bsp//libhal_bsp.a(alt_find_file.o)
 .data          0x0000bfe0        0x0 ../OPD14_bsp//libhal_bsp.a(alt_get_fd.o)
 .data          0x0000bfe0        0x0 ../OPD14_bsp//libhal_bsp.a(alt_icache_flush.o)
 .data          0x0000bfe0        0x0 /opt/altera/13.1/nios2eds/bin/gnu/H-i686-pc-linux-gnu/bin/../lib/gcc/nios2-elf/4.7.3/../../../../../H-i686-pc-linux-gnu/nios2-elf/lib/libsmallc.a(lib_a-exit.o)
 .data          0x0000bfe0        0x0 /opt/altera/13.1/nios2eds/bin/gnu/H-i686-pc-linux-gnu/bin/../lib/gcc/nios2-elf/4.7.3/../../../../../H-i686-pc-linux-gnu/nios2-elf/lib/libsmallc.a(lib_a-memcmp.o)
 .data          0x0000bfe0        0x0 /opt/altera/13.1/nios2eds/bin/gnu/H-i686-pc-linux-gnu/bin/../lib/gcc/nios2-elf/4.7.3/../../../../../H-i686-pc-linux-gnu/nios2-elf/lib/libsmallc.a(lib_a-__call_atexit.o)
 .data          0x0000bfe0        0x0 ../OPD14_bsp//libhal_bsp.a(alt_exit.o)
                0x00013fe0                _gp = ABSOLUTE ((. + 0x8000))
                0x00013fe0                PROVIDE (gp, _gp)
 *(.rwdata .rwdata.*)
 *(.sdata .sdata.* .gnu.linkonce.s.*)
 .sdata         0x0000bfe0        0x4 obj/default/hello_world.o
                0x0000bfe0                ENCA_ppr
 .sdata         0x0000bfe4       0x14 obj/default/xxmodel_pan.o
                0x0000bfe4                xx_finish_time
                0x0000bfec                xx_step_size
                0x0000bff4                xx_initialize
                0x0000bff5                xx_major
 .sdata         0x0000bff8        0x8 /opt/altera/13.1/nios2eds/bin/gnu/H-i686-pc-linux-gnu/bin/../lib/gcc/nios2-elf/4.7.3/../../../../../H-i686-pc-linux-gnu/nios2-elf/lib/libsmallc.a(lib_a-impure.o)
                0x0000bff8                _global_impure_ptr
                0x0000bffc                _impure_ptr
 .sdata         0x0000c000       0x14 ../OPD14_bsp//libhal_bsp.a(alt_dev.o)
                0x0000c000                alt_max_fd
                0x0000c004                alt_dev_list
                0x0000c00c                alt_fs_list
 .sdata         0x0000c014        0x4 ../OPD14_bsp//libhal_bsp.a(alt_errno.o)
                0x0000c014                alt_errno
 .sdata         0x0000c018        0x4 ../OPD14_bsp//libhal_bsp.a(alt_irq_vars.o)
                0x0000c018                alt_priority_mask
 .sdata         0x0000c01c        0x8 ../OPD14_bsp//libhal_bsp.a(alt_tick.o)
                0x0000c01c                alt_alarm_list
 *(.sdata2 .sdata2.* .gnu.linkonce.s2.*)
                0x0000c024                . = ALIGN (0x4)
                0x0000c024                _edata = ABSOLUTE (.)
                0x0000c024                PROVIDE (edata, ABSOLUTE (.))
                0x0000c024                PROVIDE (__ram_rwdata_end, ABSOLUTE (.))
                0x0000c024                PROVIDE (__flash_rwdata_start, LOADADDR (.rwdata))

.bss            0x0000c348      0x208
                0x0000c348                __bss_start = ABSOLUTE (.)
                0x0000c348                PROVIDE (__sbss_start, ABSOLUTE (.))
                0x0000c348                PROVIDE (___sbss_start, ABSOLUTE (.))
 *(.dynsbss)
 *(.sbss .sbss.* .gnu.linkonce.sb.*)
 .sbss          0x0000c348        0x4 obj/default/hello_world.o
                0x0000c348                ENCA_startval
 .sbss          0x0000c34c       0x18 obj/default/xxmodel_pan.o
                0x0000c34c                xx_start_time
                0x0000c354                xx_time
                0x0000c35c                xx_steps
                0x0000c360                xx_stop_simulation
 .sbss          0x0000c364        0x4 /opt/altera/13.1/nios2eds/bin/gnu/H-i686-pc-linux-gnu/bin/../lib/gcc/nios2-elf/4.7.3/../../../../../H-i686-pc-linux-gnu/nios2-elf/lib/libsmallc.a(lib_a-int_errno.o)
                0x0000c364                errno
 .sbss          0x0000c368        0xc ../OPD14_bsp//libhal_bsp.a(alt_main.o)
                0x0000c368                alt_envp
                0x0000c36c                alt_argv
                0x0000c370                alt_argc
 .sbss          0x0000c374        0x4 ../OPD14_bsp//libhal_bsp.a(alt_irq_vars.o)
                0x0000c374                alt_irq_active
 .sbss          0x0000c378        0x8 ../OPD14_bsp//libhal_bsp.a(alt_tick.o)
                0x0000c378                _alt_nticks
                0x0000c37c                _alt_tick_rate
 *(.sbss2 .sbss2.* .gnu.linkonce.sb2.*)
 *(.scommon)
                0x0000c380                PROVIDE (__sbss_end, ABSOLUTE (.))
                0x0000c380                PROVIDE (___sbss_end, ABSOLUTE (.))
 *(.dynbss)
 *(.bss .bss.* .gnu.linkonce.b.*)
 .bss           0x0000c380        0x0 ../OPD14_bsp//obj/HAL/src/crt0.o
 .bss           0x0000c380        0x0 obj/default/hello_world.o
 .bss           0x0000c380        0x0 obj/default/xxfuncs.o
 .bss           0x0000c380        0x0 obj/default/xxmodel_pan.o
 .bss           0x0000c380        0x0 /opt/altera/13.1/nios2eds/bin/gnu/H-i686-pc-linux-gnu/bin/../lib/gcc/nios2-elf/4.7.3/libgcc.a(_div_sf.o)
 .bss           0x0000c380        0x0 /opt/altera/13.1/nios2eds/bin/gnu/H-i686-pc-linux-gnu/bin/../lib/gcc/nios2-elf/4.7.3/libgcc.a(_si_to_sf.o)
 .bss           0x0000c380        0x0 /opt/altera/13.1/nios2eds/bin/gnu/H-i686-pc-linux-gnu/bin/../lib/gcc/nios2-elf/4.7.3/libgcc.a(_sf_to_df.o)
 .bss           0x0000c380        0x0 /opt/altera/13.1/nios2eds/bin/gnu/H-i686-pc-linux-gnu/bin/../lib/gcc/nios2-elf/4.7.3/libgcc.a(_thenan_sf.o)
 .bss           0x0000c380        0x0 /opt/altera/13.1/nios2eds/bin/gnu/H-i686-pc-linux-gnu/bin/../lib/gcc/nios2-elf/4.7.3/libgcc.a(_addsub_df.o)
 .bss           0x0000c380        0x0 /opt/altera/13.1/nios2eds/bin/gnu/H-i686-pc-linux-gnu/bin/../lib/gcc/nios2-elf/4.7.3/libgcc.a(_mul_df.o)
 .bss           0x0000c380        0x0 /opt/altera/13.1/nios2eds/bin/gnu/H-i686-pc-linux-gnu/bin/../lib/gcc/nios2-elf/4.7.3/libgcc.a(_div_df.o)
 .bss           0x0000c380        0x0 /opt/altera/13.1/nios2eds/bin/gnu/H-i686-pc-linux-gnu/bin/../lib/gcc/nios2-elf/4.7.3/libgcc.a(_gt_df.o)
 .bss           0x0000c380        0x0 /opt/altera/13.1/nios2eds/bin/gnu/H-i686-pc-linux-gnu/bin/../lib/gcc/nios2-elf/4.7.3/libgcc.a(_lt_df.o)
 .bss           0x0000c380        0x0 /opt/altera/13.1/nios2eds/bin/gnu/H-i686-pc-linux-gnu/bin/../lib/gcc/nios2-elf/4.7.3/libgcc.a(_df_to_si.o)
 .bss           0x0000c380        0x0 /opt/altera/13.1/nios2eds/bin/gnu/H-i686-pc-linux-gnu/bin/../lib/gcc/nios2-elf/4.7.3/libgcc.a(_make_df.o)
 .bss           0x0000c380        0x0 /opt/altera/13.1/nios2eds/bin/gnu/H-i686-pc-linux-gnu/bin/../lib/gcc/nios2-elf/4.7.3/libgcc.a(_df_to_sf.o)
 .bss           0x0000c380        0x0 /opt/altera/13.1/nios2eds/bin/gnu/H-i686-pc-linux-gnu/bin/../lib/gcc/nios2-elf/4.7.3/libgcc.a(_thenan_df.o)
 .bss           0x0000c380        0x0 /opt/altera/13.1/nios2eds/bin/gnu/H-i686-pc-linux-gnu/bin/../lib/gcc/nios2-elf/4.7.3/libgcc.a(_muldi3.o)
 .bss           0x0000c380        0x0 /opt/altera/13.1/nios2eds/bin/gnu/H-i686-pc-linux-gnu/bin/../lib/gcc/nios2-elf/4.7.3/libgcc.a(_clzsi2.o)
 .bss           0x0000c380        0x0 /opt/altera/13.1/nios2eds/bin/gnu/H-i686-pc-linux-gnu/bin/../lib/gcc/nios2-elf/4.7.3/libgcc.a(_pack_sf.o)
 .bss           0x0000c380        0x0 /opt/altera/13.1/nios2eds/bin/gnu/H-i686-pc-linux-gnu/bin/../lib/gcc/nios2-elf/4.7.3/libgcc.a(_unpack_sf.o)
 .bss           0x0000c380        0x0 /opt/altera/13.1/nios2eds/bin/gnu/H-i686-pc-linux-gnu/bin/../lib/gcc/nios2-elf/4.7.3/libgcc.a(_make_sf.o)
 .bss           0x0000c380        0x0 /opt/altera/13.1/nios2eds/bin/gnu/H-i686-pc-linux-gnu/bin/../lib/gcc/nios2-elf/4.7.3/libgcc.a(_pack_df.o)
 .bss           0x0000c380        0x0 /opt/altera/13.1/nios2eds/bin/gnu/H-i686-pc-linux-gnu/bin/../lib/gcc/nios2-elf/4.7.3/libgcc.a(_unpack_df.o)
 .bss           0x0000c380        0x0 /opt/altera/13.1/nios2eds/bin/gnu/H-i686-pc-linux-gnu/bin/../lib/gcc/nios2-elf/4.7.3/libgcc.a(_fpcmp_parts_df.o)
 .bss           0x0000c380        0x0 /opt/altera/13.1/nios2eds/bin/gnu/H-i686-pc-linux-gnu/bin/../lib/gcc/nios2-elf/4.7.3/libgcc.a(_lshrdi3.o)
 .bss           0x0000c380        0x0 /opt/altera/13.1/nios2eds/bin/gnu/H-i686-pc-linux-gnu/bin/../lib/gcc/nios2-elf/4.7.3/libgcc.a(_ashldi3.o)
 .bss           0x0000c380        0x0 /opt/altera/13.1/nios2eds/bin/gnu/H-i686-pc-linux-gnu/bin/../lib/gcc/nios2-elf/4.7.3/libgcc.a(_clz.o)
 .bss           0x0000c380        0x0 /opt/altera/13.1/nios2eds/bin/gnu/H-i686-pc-linux-gnu/bin/../lib/gcc/nios2-elf/4.7.3/../../../../../H-i686-pc-linux-gnu/nios2-elf/lib/libsmallc.a(lib_a-memset.o)
 .bss           0x0000c380        0x0 /opt/altera/13.1/nios2eds/bin/gnu/H-i686-pc-linux-gnu/bin/../lib/gcc/nios2-elf/4.7.3/../../../../../H-i686-pc-linux-gnu/nios2-elf/lib/libsmallc.a(lib_a-printf.o)
 .bss           0x0000c380        0x0 /opt/altera/13.1/nios2eds/bin/gnu/H-i686-pc-linux-gnu/bin/../lib/gcc/nios2-elf/4.7.3/../../../../../H-i686-pc-linux-gnu/nios2-elf/lib/libsmallc.a(lib_a-vfprintf.o)
 .bss           0x0000c380        0x0 /opt/altera/13.1/nios2eds/bin/gnu/H-i686-pc-linux-gnu/bin/../lib/gcc/nios2-elf/4.7.3/../../../../../H-i686-pc-linux-gnu/nios2-elf/lib/libsmallc.a(lib_a-fvwrite_small_dev.o)
 .bss           0x0000c380        0x0 /opt/altera/13.1/nios2eds/bin/gnu/H-i686-pc-linux-gnu/bin/../lib/gcc/nios2-elf/4.7.3/../../../../../H-i686-pc-linux-gnu/nios2-elf/lib/libsmallc.a(lib_a-impure.o)
 .bss           0x0000c380        0x0 /opt/altera/13.1/nios2eds/bin/gnu/H-i686-pc-linux-gnu/bin/../lib/gcc/nios2-elf/4.7.3/../../../../../H-i686-pc-linux-gnu/nios2-elf/lib/libsmallc.a(lib_a-strlen.o)
 .bss           0x0000c380        0x0 /opt/altera/13.1/nios2eds/bin/gnu/H-i686-pc-linux-gnu/bin/../lib/gcc/nios2-elf/4.7.3/../../../../../H-i686-pc-linux-gnu/nios2-elf/lib/libsmallc.a(lib_a-writer.o)
 .bss           0x0000c380        0x0 /opt/altera/13.1/nios2eds/bin/gnu/H-i686-pc-linux-gnu/bin/../lib/gcc/nios2-elf/4.7.3/../../../../../H-i686-pc-linux-gnu/nios2-elf/lib/libsmallc.a(lib_a-int_errno.o)
 .bss           0x0000c380        0x0 /opt/altera/13.1/nios2eds/bin/gnu/H-i686-pc-linux-gnu/bin/../lib/gcc/nios2-elf/4.7.3/libgcc.a(lib2-divmod.o)
 .bss           0x0000c380        0x0 ../OPD14_bsp//libhal_bsp.a(alt_load.o)
 .bss           0x0000c380        0x0 ../OPD14_bsp//libhal_bsp.a(alt_main.o)
 .bss           0x0000c380        0x0 ../OPD14_bsp//libhal_bsp.a(alt_write.o)
 .bss           0x0000c380        0x0 ../OPD14_bsp//libhal_bsp.a(alt_sys_init.o)
 .bss           0x0000c380        0x0 ../OPD14_bsp//libhal_bsp.a(altera_avalon_jtag_uart_fd.o)
 .bss           0x0000c380        0x0 ../OPD14_bsp//libhal_bsp.a(altera_avalon_jtag_uart_read.o)
 .bss           0x0000c380        0x0 ../OPD14_bsp//libhal_bsp.a(altera_avalon_jtag_uart_write.o)
 .bss           0x0000c380        0x0 ../OPD14_bsp//libhal_bsp.a(altera_avalon_timer_sc.o)
 .bss           0x0000c380        0x0 ../OPD14_bsp//libhal_bsp.a(altera_avalon_uart_fd.o)
 .bss           0x0000c380        0x0 ../OPD14_bsp//libhal_bsp.a(altera_avalon_uart_read.o)
 .bss           0x0000c380        0x0 ../OPD14_bsp//libhal_bsp.a(altera_avalon_uart_write.o)
 .bss           0x0000c380        0x0 ../OPD14_bsp//libhal_bsp.a(alt_close.o)
 .bss           0x0000c380        0x0 ../OPD14_bsp//libhal_bsp.a(alt_dcache_flush_all.o)
 .bss           0x0000c380        0x0 ../OPD14_bsp//libhal_bsp.a(alt_dev.o)
 .bss           0x0000c380        0x0 ../OPD14_bsp//libhal_bsp.a(alt_dev_llist_insert.o)
 .bss           0x0000c380        0x0 ../OPD14_bsp//libhal_bsp.a(alt_errno.o)
 .bss           0x0000c380        0x0 ../OPD14_bsp//libhal_bsp.a(alt_icache_flush_all.o)
 .bss           0x0000c380        0x0 ../OPD14_bsp//libhal_bsp.a(alt_iic.o)
 .bss           0x0000c380        0x0 ../OPD14_bsp//libhal_bsp.a(alt_iic_isr_register.o)
 .bss           0x0000c380        0x0 ../OPD14_bsp//libhal_bsp.a(alt_io_redirect.o)
 .bss           0x0000c380        0x0 ../OPD14_bsp//libhal_bsp.a(alt_irq_entry.o)
 .bss           0x0000c380        0x0 ../OPD14_bsp//libhal_bsp.a(alt_irq_handler.o)
 .bss           0x0000c380        0x0 ../OPD14_bsp//libhal_bsp.a(alt_irq_vars.o)
 .bss           0x0000c380        0x0 ../OPD14_bsp//libhal_bsp.a(alt_open.o)
 .bss           0x0000c380        0x0 ../OPD14_bsp//libhal_bsp.a(alt_release_fd.o)
 .bss           0x0000c380        0x0 ../OPD14_bsp//libhal_bsp.a(alt_tick.o)
 .bss           0x0000c380        0x0 ../OPD14_bsp//libhal_bsp.a(altera_nios2_qsys_irq.o)
 .bss           0x0000c380        0x0 ../OPD14_bsp//libhal_bsp.a(alt_exception_entry.o)
 .bss           0x0000c380        0x0 ../OPD14_bsp//libhal_bsp.a(alt_find_dev.o)
 .bss           0x0000c380        0x0 ../OPD14_bsp//libhal_bsp.a(alt_find_file.o)
 .bss           0x0000c380        0x0 ../OPD14_bsp//libhal_bsp.a(alt_get_fd.o)
 .bss           0x0000c380        0x0 ../OPD14_bsp//libhal_bsp.a(alt_icache_flush.o)
 .bss           0x0000c380        0x0 /opt/altera/13.1/nios2eds/bin/gnu/H-i686-pc-linux-gnu/bin/../lib/gcc/nios2-elf/4.7.3/../../../../../H-i686-pc-linux-gnu/nios2-elf/lib/libsmallc.a(lib_a-exit.o)
 .bss           0x0000c380        0x0 /opt/altera/13.1/nios2eds/bin/gnu/H-i686-pc-linux-gnu/bin/../lib/gcc/nios2-elf/4.7.3/../../../../../H-i686-pc-linux-gnu/nios2-elf/lib/libsmallc.a(lib_a-memcmp.o)
 .bss           0x0000c380        0x0 /opt/altera/13.1/nios2eds/bin/gnu/H-i686-pc-linux-gnu/bin/../lib/gcc/nios2-elf/4.7.3/../../../../../H-i686-pc-linux-gnu/nios2-elf/lib/libsmallc.a(lib_a-__call_atexit.o)
 .bss           0x0000c380        0x0 ../OPD14_bsp//libhal_bsp.a(alt_exit.o)
 *(COMMON)
 COMMON         0x0000c380       0xd0 obj/default/xxmodel_pan.o
                0x0000c380                xx_R
                0x0000c398                xx_I
                0x0000c3b0                xx_P
                0x0000c3e8                xx_V
                0x0000c438                xx_s
 COMMON         0x0000c450      0x100 ../OPD14_bsp//libhal_bsp.a(alt_irq_handler.o)
                0x0000c450                alt_irq
                0x0000c550                . = ALIGN (0x4)
                0x0000c550                __bss_end = ABSOLUTE (.)

.onchip_memory2_0
                0x0000c550        0x0
                0x0000c550                PROVIDE (_alt_partition_onchip_memory2_0_start, ABSOLUTE (.))
 *(.onchip_memory2_0 .onchip_memory2_0. onchip_memory2_0.*)
                0x0000c550                . = ALIGN (0x4)
                0x0000c550                PROVIDE (_alt_partition_onchip_memory2_0_end, ABSOLUTE (.))
                0x0000c550                _end = ABSOLUTE (.)
                0x0000c550                end = ABSOLUTE (.)
                0x0000c550                __alt_stack_base = ABSOLUTE (.)
                0x0000c550                PROVIDE (_alt_partition_onchip_memory2_0_load_addr, LOADADDR (.onchip_memory2_0))

.stab
 *(.stab)

.stabstr
 *(.stabstr)

.stab.excl
 *(.stab.excl)

.stab.exclstr
 *(.stab.exclstr)

.stab.index
 *(.stab.index)

.stab.indexstr
 *(.stab.indexstr)

.comment        0x00000000       0x23
 *(.comment)
 .comment       0x00000000       0x23 obj/default/hello_world.o
                                 0x24 (size before relaxing)
 .comment       0x00000000       0x24 obj/default/xxfuncs.o
 .comment       0x00000000       0x24 obj/default/xxmodel_pan.o
 .comment       0x00000000       0x24 /opt/altera/13.1/nios2eds/bin/gnu/H-i686-pc-linux-gnu/bin/../lib/gcc/nios2-elf/4.7.3/libgcc.a(_div_sf.o)
 .comment       0x00000000       0x24 /opt/altera/13.1/nios2eds/bin/gnu/H-i686-pc-linux-gnu/bin/../lib/gcc/nios2-elf/4.7.3/libgcc.a(_si_to_sf.o)
 .comment       0x00000000       0x24 /opt/altera/13.1/nios2eds/bin/gnu/H-i686-pc-linux-gnu/bin/../lib/gcc/nios2-elf/4.7.3/libgcc.a(_sf_to_df.o)
 .comment       0x00000000       0x24 /opt/altera/13.1/nios2eds/bin/gnu/H-i686-pc-linux-gnu/bin/../lib/gcc/nios2-elf/4.7.3/libgcc.a(_thenan_sf.o)
 .comment       0x00000000       0x24 /opt/altera/13.1/nios2eds/bin/gnu/H-i686-pc-linux-gnu/bin/../lib/gcc/nios2-elf/4.7.3/libgcc.a(_addsub_df.o)
 .comment       0x00000000       0x24 /opt/altera/13.1/nios2eds/bin/gnu/H-i686-pc-linux-gnu/bin/../lib/gcc/nios2-elf/4.7.3/libgcc.a(_mul_df.o)
 .comment       0x00000000       0x24 /opt/altera/13.1/nios2eds/bin/gnu/H-i686-pc-linux-gnu/bin/../lib/gcc/nios2-elf/4.7.3/libgcc.a(_div_df.o)
 .comment       0x00000000       0x24 /opt/altera/13.1/nios2eds/bin/gnu/H-i686-pc-linux-gnu/bin/../lib/gcc/nios2-elf/4.7.3/libgcc.a(_gt_df.o)
 .comment       0x00000000       0x24 /opt/altera/13.1/nios2eds/bin/gnu/H-i686-pc-linux-gnu/bin/../lib/gcc/nios2-elf/4.7.3/libgcc.a(_lt_df.o)
 .comment       0x00000000       0x24 /opt/altera/13.1/nios2eds/bin/gnu/H-i686-pc-linux-gnu/bin/../lib/gcc/nios2-elf/4.7.3/libgcc.a(_df_to_si.o)
 .comment       0x00000000       0x24 /opt/altera/13.1/nios2eds/bin/gnu/H-i686-pc-linux-gnu/bin/../lib/gcc/nios2-elf/4.7.3/libgcc.a(_make_df.o)
 .comment       0x00000000       0x24 /opt/altera/13.1/nios2eds/bin/gnu/H-i686-pc-linux-gnu/bin/../lib/gcc/nios2-elf/4.7.3/libgcc.a(_df_to_sf.o)
 .comment       0x00000000       0x24 /opt/altera/13.1/nios2eds/bin/gnu/H-i686-pc-linux-gnu/bin/../lib/gcc/nios2-elf/4.7.3/libgcc.a(_thenan_df.o)
 .comment       0x00000000       0x24 /opt/altera/13.1/nios2eds/bin/gnu/H-i686-pc-linux-gnu/bin/../lib/gcc/nios2-elf/4.7.3/libgcc.a(_muldi3.o)
 .comment       0x00000000       0x24 /opt/altera/13.1/nios2eds/bin/gnu/H-i686-pc-linux-gnu/bin/../lib/gcc/nios2-elf/4.7.3/libgcc.a(_clzsi2.o)
 .comment       0x00000000       0x24 /opt/altera/13.1/nios2eds/bin/gnu/H-i686-pc-linux-gnu/bin/../lib/gcc/nios2-elf/4.7.3/libgcc.a(_pack_sf.o)
 .comment       0x00000000       0x24 /opt/altera/13.1/nios2eds/bin/gnu/H-i686-pc-linux-gnu/bin/../lib/gcc/nios2-elf/4.7.3/libgcc.a(_unpack_sf.o)
 .comment       0x00000000       0x24 /opt/altera/13.1/nios2eds/bin/gnu/H-i686-pc-linux-gnu/bin/../lib/gcc/nios2-elf/4.7.3/libgcc.a(_make_sf.o)
 .comment       0x00000000       0x24 /opt/altera/13.1/nios2eds/bin/gnu/H-i686-pc-linux-gnu/bin/../lib/gcc/nios2-elf/4.7.3/libgcc.a(_pack_df.o)
 .comment       0x00000000       0x24 /opt/altera/13.1/nios2eds/bin/gnu/H-i686-pc-linux-gnu/bin/../lib/gcc/nios2-elf/4.7.3/libgcc.a(_unpack_df.o)
 .comment       0x00000000       0x24 /opt/altera/13.1/nios2eds/bin/gnu/H-i686-pc-linux-gnu/bin/../lib/gcc/nios2-elf/4.7.3/libgcc.a(_fpcmp_parts_df.o)
 .comment       0x00000000       0x24 /opt/altera/13.1/nios2eds/bin/gnu/H-i686-pc-linux-gnu/bin/../lib/gcc/nios2-elf/4.7.3/libgcc.a(_lshrdi3.o)
 .comment       0x00000000       0x24 /opt/altera/13.1/nios2eds/bin/gnu/H-i686-pc-linux-gnu/bin/../lib/gcc/nios2-elf/4.7.3/libgcc.a(_ashldi3.o)
 .comment       0x00000000       0x24 /opt/altera/13.1/nios2eds/bin/gnu/H-i686-pc-linux-gnu/bin/../lib/gcc/nios2-elf/4.7.3/libgcc.a(_clz.o)
 .comment       0x00000000       0x24 /opt/altera/13.1/nios2eds/bin/gnu/H-i686-pc-linux-gnu/bin/../lib/gcc/nios2-elf/4.7.3/../../../../../H-i686-pc-linux-gnu/nios2-elf/lib/libsmallc.a(lib_a-memset.o)
 .comment       0x00000000       0x24 /opt/altera/13.1/nios2eds/bin/gnu/H-i686-pc-linux-gnu/bin/../lib/gcc/nios2-elf/4.7.3/../../../../../H-i686-pc-linux-gnu/nios2-elf/lib/libsmallc.a(lib_a-printf.o)
 .comment       0x00000000       0x24 /opt/altera/13.1/nios2eds/bin/gnu/H-i686-pc-linux-gnu/bin/../lib/gcc/nios2-elf/4.7.3/../../../../../H-i686-pc-linux-gnu/nios2-elf/lib/libsmallc.a(lib_a-vfprintf.o)
 .comment       0x00000000       0x24 /opt/altera/13.1/nios2eds/bin/gnu/H-i686-pc-linux-gnu/bin/../lib/gcc/nios2-elf/4.7.3/../../../../../H-i686-pc-linux-gnu/nios2-elf/lib/libsmallc.a(lib_a-fvwrite_small_dev.o)
 .comment       0x00000000       0x24 /opt/altera/13.1/nios2eds/bin/gnu/H-i686-pc-linux-gnu/bin/../lib/gcc/nios2-elf/4.7.3/../../../../../H-i686-pc-linux-gnu/nios2-elf/lib/libsmallc.a(lib_a-impure.o)
 .comment       0x00000000       0x24 /opt/altera/13.1/nios2eds/bin/gnu/H-i686-pc-linux-gnu/bin/../lib/gcc/nios2-elf/4.7.3/../../../../../H-i686-pc-linux-gnu/nios2-elf/lib/libsmallc.a(lib_a-strlen.o)
 .comment       0x00000000       0x24 /opt/altera/13.1/nios2eds/bin/gnu/H-i686-pc-linux-gnu/bin/../lib/gcc/nios2-elf/4.7.3/../../../../../H-i686-pc-linux-gnu/nios2-elf/lib/libsmallc.a(lib_a-writer.o)
 .comment       0x00000000       0x24 /opt/altera/13.1/nios2eds/bin/gnu/H-i686-pc-linux-gnu/bin/../lib/gcc/nios2-elf/4.7.3/../../../../../H-i686-pc-linux-gnu/nios2-elf/lib/libsmallc.a(lib_a-int_errno.o)
 .comment       0x00000000       0x24 /opt/altera/13.1/nios2eds/bin/gnu/H-i686-pc-linux-gnu/bin/../lib/gcc/nios2-elf/4.7.3/libgcc.a(lib2-divmod.o)
 .comment       0x00000000       0x24 ../OPD14_bsp//libhal_bsp.a(alt_load.o)
 .comment       0x00000000       0x24 ../OPD14_bsp//libhal_bsp.a(alt_main.o)
 .comment       0x00000000       0x24 ../OPD14_bsp//libhal_bsp.a(alt_write.o)
 .comment       0x00000000       0x24 ../OPD14_bsp//libhal_bsp.a(alt_sys_init.o)
 .comment       0x00000000       0x24 ../OPD14_bsp//libhal_bsp.a(altera_avalon_jtag_uart_fd.o)
 .comment       0x00000000       0x24 ../OPD14_bsp//libhal_bsp.a(altera_avalon_jtag_uart_read.o)
 .comment       0x00000000       0x24 ../OPD14_bsp//libhal_bsp.a(altera_avalon_jtag_uart_write.o)
 .comment       0x00000000       0x24 ../OPD14_bsp//libhal_bsp.a(altera_avalon_timer_sc.o)
 .comment       0x00000000       0x24 ../OPD14_bsp//libhal_bsp.a(altera_avalon_uart_fd.o)
 .comment       0x00000000       0x24 ../OPD14_bsp//libhal_bsp.a(altera_avalon_uart_read.o)
 .comment       0x00000000       0x24 ../OPD14_bsp//libhal_bsp.a(altera_avalon_uart_write.o)
 .comment       0x00000000       0x24 ../OPD14_bsp//libhal_bsp.a(alt_close.o)
 .comment       0x00000000       0x24 ../OPD14_bsp//libhal_bsp.a(alt_dcache_flush_all.o)
 .comment       0x00000000       0x24 ../OPD14_bsp//libhal_bsp.a(alt_dev.o)
 .comment       0x00000000       0x24 ../OPD14_bsp//libhal_bsp.a(alt_dev_llist_insert.o)
 .comment       0x00000000       0x24 ../OPD14_bsp//libhal_bsp.a(alt_errno.o)
 .comment       0x00000000       0x24 ../OPD14_bsp//libhal_bsp.a(alt_icache_flush_all.o)
 .comment       0x00000000       0x24 ../OPD14_bsp//libhal_bsp.a(alt_iic.o)
 .comment       0x00000000       0x24 ../OPD14_bsp//libhal_bsp.a(alt_iic_isr_register.o)
 .comment       0x00000000       0x24 ../OPD14_bsp//libhal_bsp.a(alt_io_redirect.o)
 .comment       0x00000000       0x24 ../OPD14_bsp//libhal_bsp.a(alt_irq_handler.o)
 .comment       0x00000000       0x24 ../OPD14_bsp//libhal_bsp.a(alt_irq_vars.o)
 .comment       0x00000000       0x24 ../OPD14_bsp//libhal_bsp.a(alt_open.o)
 .comment       0x00000000       0x24 ../OPD14_bsp//libhal_bsp.a(alt_release_fd.o)
 .comment       0x00000000       0x24 ../OPD14_bsp//libhal_bsp.a(alt_tick.o)
 .comment       0x00000000       0x24 ../OPD14_bsp//libhal_bsp.a(altera_nios2_qsys_irq.o)
 .comment       0x00000000       0x24 ../OPD14_bsp//libhal_bsp.a(alt_find_dev.o)
 .comment       0x00000000       0x24 ../OPD14_bsp//libhal_bsp.a(alt_find_file.o)
 .comment       0x00000000       0x24 ../OPD14_bsp//libhal_bsp.a(alt_get_fd.o)
 .comment       0x00000000       0x24 ../OPD14_bsp//libhal_bsp.a(alt_icache_flush.o)
 .comment       0x00000000       0x24 /opt/altera/13.1/nios2eds/bin/gnu/H-i686-pc-linux-gnu/bin/../lib/gcc/nios2-elf/4.7.3/../../../../../H-i686-pc-linux-gnu/nios2-elf/lib/libsmallc.a(lib_a-exit.o)
 .comment       0x00000000       0x24 /opt/altera/13.1/nios2eds/bin/gnu/H-i686-pc-linux-gnu/bin/../lib/gcc/nios2-elf/4.7.3/../../../../../H-i686-pc-linux-gnu/nios2-elf/lib/libsmallc.a(lib_a-memcmp.o)
 .comment       0x00000000       0x24 /opt/altera/13.1/nios2eds/bin/gnu/H-i686-pc-linux-gnu/bin/../lib/gcc/nios2-elf/4.7.3/../../../../../H-i686-pc-linux-gnu/nios2-elf/lib/libsmallc.a(lib_a-__call_atexit.o)
 .comment       0x00000000       0x24 ../OPD14_bsp//libhal_bsp.a(alt_exit.o)

.debug
 *(.debug)

.line
 *(.line)

.debug_srcinfo
 *(.debug_srcinfo)

.debug_sfnames
 *(.debug_sfnames)

.debug_aranges  0x00000000      0x548
 *(.debug_aranges)
 .debug_aranges
                0x00000000       0x28 ../OPD14_bsp//obj/HAL/src/crt0.o
 .debug_aranges
                0x00000028       0x20 obj/default/hello_world.o
 .debug_aranges
                0x00000048       0x20 obj/default/xxfuncs.o
 .debug_aranges
                0x00000068       0x20 obj/default/xxmodel_pan.o
 .debug_aranges
                0x00000088       0x20 /opt/altera/13.1/nios2eds/bin/gnu/H-i686-pc-linux-gnu/bin/../lib/gcc/nios2-elf/4.7.3/libgcc.a(_div_sf.o)
 .debug_aranges
                0x000000a8       0x20 /opt/altera/13.1/nios2eds/bin/gnu/H-i686-pc-linux-gnu/bin/../lib/gcc/nios2-elf/4.7.3/libgcc.a(_si_to_sf.o)
 .debug_aranges
                0x000000c8       0x20 /opt/altera/13.1/nios2eds/bin/gnu/H-i686-pc-linux-gnu/bin/../lib/gcc/nios2-elf/4.7.3/libgcc.a(_sf_to_df.o)
 .debug_aranges
                0x000000e8       0x18 /opt/altera/13.1/nios2eds/bin/gnu/H-i686-pc-linux-gnu/bin/../lib/gcc/nios2-elf/4.7.3/libgcc.a(_thenan_sf.o)
 .debug_aranges
                0x00000100       0x20 /opt/altera/13.1/nios2eds/bin/gnu/H-i686-pc-linux-gnu/bin/../lib/gcc/nios2-elf/4.7.3/libgcc.a(_addsub_df.o)
 .debug_aranges
                0x00000120       0x20 /opt/altera/13.1/nios2eds/bin/gnu/H-i686-pc-linux-gnu/bin/../lib/gcc/nios2-elf/4.7.3/libgcc.a(_mul_df.o)
 .debug_aranges
                0x00000140       0x20 /opt/altera/13.1/nios2eds/bin/gnu/H-i686-pc-linux-gnu/bin/../lib/gcc/nios2-elf/4.7.3/libgcc.a(_div_df.o)
 .debug_aranges
                0x00000160       0x20 /opt/altera/13.1/nios2eds/bin/gnu/H-i686-pc-linux-gnu/bin/../lib/gcc/nios2-elf/4.7.3/libgcc.a(_gt_df.o)
 .debug_aranges
                0x00000180       0x20 /opt/altera/13.1/nios2eds/bin/gnu/H-i686-pc-linux-gnu/bin/../lib/gcc/nios2-elf/4.7.3/libgcc.a(_lt_df.o)
 .debug_aranges
                0x000001a0       0x20 /opt/altera/13.1/nios2eds/bin/gnu/H-i686-pc-linux-gnu/bin/../lib/gcc/nios2-elf/4.7.3/libgcc.a(_df_to_si.o)
 .debug_aranges
                0x000001c0       0x20 /opt/altera/13.1/nios2eds/bin/gnu/H-i686-pc-linux-gnu/bin/../lib/gcc/nios2-elf/4.7.3/libgcc.a(_make_df.o)
 .debug_aranges
                0x000001e0       0x20 /opt/altera/13.1/nios2eds/bin/gnu/H-i686-pc-linux-gnu/bin/../lib/gcc/nios2-elf/4.7.3/libgcc.a(_df_to_sf.o)
 .debug_aranges
                0x00000200       0x18 /opt/altera/13.1/nios2eds/bin/gnu/H-i686-pc-linux-gnu/bin/../lib/gcc/nios2-elf/4.7.3/libgcc.a(_thenan_df.o)
 .debug_aranges
                0x00000218       0x20 /opt/altera/13.1/nios2eds/bin/gnu/H-i686-pc-linux-gnu/bin/../lib/gcc/nios2-elf/4.7.3/libgcc.a(_muldi3.o)
 .debug_aranges
                0x00000238       0x20 /opt/altera/13.1/nios2eds/bin/gnu/H-i686-pc-linux-gnu/bin/../lib/gcc/nios2-elf/4.7.3/libgcc.a(_clzsi2.o)
 .debug_aranges
                0x00000258       0x20 /opt/altera/13.1/nios2eds/bin/gnu/H-i686-pc-linux-gnu/bin/../lib/gcc/nios2-elf/4.7.3/libgcc.a(_pack_sf.o)
 .debug_aranges
                0x00000278       0x20 /opt/altera/13.1/nios2eds/bin/gnu/H-i686-pc-linux-gnu/bin/../lib/gcc/nios2-elf/4.7.3/libgcc.a(_unpack_sf.o)
 .debug_aranges
                0x00000298       0x20 /opt/altera/13.1/nios2eds/bin/gnu/H-i686-pc-linux-gnu/bin/../lib/gcc/nios2-elf/4.7.3/libgcc.a(_make_sf.o)
 .debug_aranges
                0x000002b8       0x20 /opt/altera/13.1/nios2eds/bin/gnu/H-i686-pc-linux-gnu/bin/../lib/gcc/nios2-elf/4.7.3/libgcc.a(_pack_df.o)
 .debug_aranges
                0x000002d8       0x20 /opt/altera/13.1/nios2eds/bin/gnu/H-i686-pc-linux-gnu/bin/../lib/gcc/nios2-elf/4.7.3/libgcc.a(_unpack_df.o)
 .debug_aranges
                0x000002f8       0x20 /opt/altera/13.1/nios2eds/bin/gnu/H-i686-pc-linux-gnu/bin/../lib/gcc/nios2-elf/4.7.3/libgcc.a(_fpcmp_parts_df.o)
 .debug_aranges
                0x00000318       0x20 /opt/altera/13.1/nios2eds/bin/gnu/H-i686-pc-linux-gnu/bin/../lib/gcc/nios2-elf/4.7.3/libgcc.a(_lshrdi3.o)
 .debug_aranges
                0x00000338       0x20 /opt/altera/13.1/nios2eds/bin/gnu/H-i686-pc-linux-gnu/bin/../lib/gcc/nios2-elf/4.7.3/libgcc.a(_ashldi3.o)
 .debug_aranges
                0x00000358       0x18 /opt/altera/13.1/nios2eds/bin/gnu/H-i686-pc-linux-gnu/bin/../lib/gcc/nios2-elf/4.7.3/libgcc.a(_clz.o)
 .debug_aranges
                0x00000370       0x20 /opt/altera/13.1/nios2eds/bin/gnu/H-i686-pc-linux-gnu/bin/../lib/gcc/nios2-elf/4.7.3/../../../../../H-i686-pc-linux-gnu/nios2-elf/lib/libsmallc.a(lib_a-memset.o)
 .debug_aranges
                0x00000390       0x20 /opt/altera/13.1/nios2eds/bin/gnu/H-i686-pc-linux-gnu/bin/../lib/gcc/nios2-elf/4.7.3/../../../../../H-i686-pc-linux-gnu/nios2-elf/lib/libsmallc.a(lib_a-printf.o)
 .debug_aranges
                0x000003b0       0x20 /opt/altera/13.1/nios2eds/bin/gnu/H-i686-pc-linux-gnu/bin/../lib/gcc/nios2-elf/4.7.3/../../../../../H-i686-pc-linux-gnu/nios2-elf/lib/libsmallc.a(lib_a-vfprintf.o)
 .debug_aranges
                0x000003d0       0x20 /opt/altera/13.1/nios2eds/bin/gnu/H-i686-pc-linux-gnu/bin/../lib/gcc/nios2-elf/4.7.3/../../../../../H-i686-pc-linux-gnu/nios2-elf/lib/libsmallc.a(lib_a-fvwrite_small_dev.o)
 .debug_aranges
                0x000003f0       0x18 /opt/altera/13.1/nios2eds/bin/gnu/H-i686-pc-linux-gnu/bin/../lib/gcc/nios2-elf/4.7.3/../../../../../H-i686-pc-linux-gnu/nios2-elf/lib/libsmallc.a(lib_a-impure.o)
 .debug_aranges
                0x00000408       0x20 /opt/altera/13.1/nios2eds/bin/gnu/H-i686-pc-linux-gnu/bin/../lib/gcc/nios2-elf/4.7.3/../../../../../H-i686-pc-linux-gnu/nios2-elf/lib/libsmallc.a(lib_a-strlen.o)
 .debug_aranges
                0x00000428       0x20 /opt/altera/13.1/nios2eds/bin/gnu/H-i686-pc-linux-gnu/bin/../lib/gcc/nios2-elf/4.7.3/../../../../../H-i686-pc-linux-gnu/nios2-elf/lib/libsmallc.a(lib_a-writer.o)
 .debug_aranges
                0x00000448       0x18 /opt/altera/13.1/nios2eds/bin/gnu/H-i686-pc-linux-gnu/bin/../lib/gcc/nios2-elf/4.7.3/../../../../../H-i686-pc-linux-gnu/nios2-elf/lib/libsmallc.a(lib_a-int_errno.o)
 .debug_aranges
                0x00000460       0x20 /opt/altera/13.1/nios2eds/bin/gnu/H-i686-pc-linux-gnu/bin/../lib/gcc/nios2-elf/4.7.3/libgcc.a(lib2-divmod.o)
 .debug_aranges
                0x00000480       0x30 ../OPD14_bsp//libhal_bsp.a(alt_irq_entry.o)
 .debug_aranges
                0x000004b0       0x38 ../OPD14_bsp//libhal_bsp.a(alt_exception_entry.o)
 .debug_aranges
                0x000004e8       0x20 /opt/altera/13.1/nios2eds/bin/gnu/H-i686-pc-linux-gnu/bin/../lib/gcc/nios2-elf/4.7.3/../../../../../H-i686-pc-linux-gnu/nios2-elf/lib/libsmallc.a(lib_a-exit.o)
 .debug_aranges
                0x00000508       0x20 /opt/altera/13.1/nios2eds/bin/gnu/H-i686-pc-linux-gnu/bin/../lib/gcc/nios2-elf/4.7.3/../../../../../H-i686-pc-linux-gnu/nios2-elf/lib/libsmallc.a(lib_a-memcmp.o)
 .debug_aranges
                0x00000528       0x20 /opt/altera/13.1/nios2eds/bin/gnu/H-i686-pc-linux-gnu/bin/../lib/gcc/nios2-elf/4.7.3/../../../../../H-i686-pc-linux-gnu/nios2-elf/lib/libsmallc.a(lib_a-__call_atexit.o)

.debug_pubnames
 *(.debug_pubnames)

.debug_info     0x00000000     0x7b44
 *(.debug_info .gnu.linkonce.wi.*)
 .debug_info    0x00000000       0x6a ../OPD14_bsp//obj/HAL/src/crt0.o
 .debug_info    0x0000006a      0x1fc obj/default/hello_world.o
 .debug_info    0x00000266      0x141 obj/default/xxfuncs.o
 .debug_info    0x000003a7      0x2d3 obj/default/xxmodel_pan.o
 .debug_info    0x0000067a      0x437 /opt/altera/13.1/nios2eds/bin/gnu/H-i686-pc-linux-gnu/bin/../lib/gcc/nios2-elf/4.7.3/libgcc.a(_div_sf.o)
 .debug_info    0x00000ab1      0x261 /opt/altera/13.1/nios2eds/bin/gnu/H-i686-pc-linux-gnu/bin/../lib/gcc/nios2-elf/4.7.3/libgcc.a(_si_to_sf.o)
 .debug_info    0x00000d12      0x2b7 /opt/altera/13.1/nios2eds/bin/gnu/H-i686-pc-linux-gnu/bin/../lib/gcc/nios2-elf/4.7.3/libgcc.a(_sf_to_df.o)
 .debug_info    0x00000fc9      0x155 /opt/altera/13.1/nios2eds/bin/gnu/H-i686-pc-linux-gnu/bin/../lib/gcc/nios2-elf/4.7.3/libgcc.a(_thenan_sf.o)
 .debug_info    0x0000111e      0x588 /opt/altera/13.1/nios2eds/bin/gnu/H-i686-pc-linux-gnu/bin/../lib/gcc/nios2-elf/4.7.3/libgcc.a(_addsub_df.o)
 .debug_info    0x000016a6      0x519 /opt/altera/13.1/nios2eds/bin/gnu/H-i686-pc-linux-gnu/bin/../lib/gcc/nios2-elf/4.7.3/libgcc.a(_mul_df.o)
 .debug_info    0x00001bbf      0x443 /opt/altera/13.1/nios2eds/bin/gnu/H-i686-pc-linux-gnu/bin/../lib/gcc/nios2-elf/4.7.3/libgcc.a(_div_df.o)
 .debug_info    0x00002002      0x320 /opt/altera/13.1/nios2eds/bin/gnu/H-i686-pc-linux-gnu/bin/../lib/gcc/nios2-elf/4.7.3/libgcc.a(_gt_df.o)
 .debug_info    0x00002322      0x320 /opt/altera/13.1/nios2eds/bin/gnu/H-i686-pc-linux-gnu/bin/../lib/gcc/nios2-elf/4.7.3/libgcc.a(_lt_df.o)
 .debug_info    0x00002642      0x30b /opt/altera/13.1/nios2eds/bin/gnu/H-i686-pc-linux-gnu/bin/../lib/gcc/nios2-elf/4.7.3/libgcc.a(_df_to_si.o)
 .debug_info    0x0000294d      0x209 /opt/altera/13.1/nios2eds/bin/gnu/H-i686-pc-linux-gnu/bin/../lib/gcc/nios2-elf/4.7.3/libgcc.a(_make_df.o)
 .debug_info    0x00002b56      0x2c8 /opt/altera/13.1/nios2eds/bin/gnu/H-i686-pc-linux-gnu/bin/../lib/gcc/nios2-elf/4.7.3/libgcc.a(_df_to_sf.o)
 .debug_info    0x00002e1e      0x155 /opt/altera/13.1/nios2eds/bin/gnu/H-i686-pc-linux-gnu/bin/../lib/gcc/nios2-elf/4.7.3/libgcc.a(_thenan_df.o)
 .debug_info    0x00002f73      0x1ea /opt/altera/13.1/nios2eds/bin/gnu/H-i686-pc-linux-gnu/bin/../lib/gcc/nios2-elf/4.7.3/libgcc.a(_muldi3.o)
 .debug_info    0x0000315d      0x123 /opt/altera/13.1/nios2eds/bin/gnu/H-i686-pc-linux-gnu/bin/../lib/gcc/nios2-elf/4.7.3/libgcc.a(_clzsi2.o)
 .debug_info    0x00003280      0x2f2 /opt/altera/13.1/nios2eds/bin/gnu/H-i686-pc-linux-gnu/bin/../lib/gcc/nios2-elf/4.7.3/libgcc.a(_pack_sf.o)
 .debug_info    0x00003572      0x26a /opt/altera/13.1/nios2eds/bin/gnu/H-i686-pc-linux-gnu/bin/../lib/gcc/nios2-elf/4.7.3/libgcc.a(_unpack_sf.o)
 .debug_info    0x000037dc      0x20a /opt/altera/13.1/nios2eds/bin/gnu/H-i686-pc-linux-gnu/bin/../lib/gcc/nios2-elf/4.7.3/libgcc.a(_make_sf.o)
 .debug_info    0x000039e6      0x2f7 /opt/altera/13.1/nios2eds/bin/gnu/H-i686-pc-linux-gnu/bin/../lib/gcc/nios2-elf/4.7.3/libgcc.a(_pack_df.o)
 .debug_info    0x00003cdd      0x265 /opt/altera/13.1/nios2eds/bin/gnu/H-i686-pc-linux-gnu/bin/../lib/gcc/nios2-elf/4.7.3/libgcc.a(_unpack_df.o)
 .debug_info    0x00003f42      0x226 /opt/altera/13.1/nios2eds/bin/gnu/H-i686-pc-linux-gnu/bin/../lib/gcc/nios2-elf/4.7.3/libgcc.a(_fpcmp_parts_df.o)
 .debug_info    0x00004168      0x185 /opt/altera/13.1/nios2eds/bin/gnu/H-i686-pc-linux-gnu/bin/../lib/gcc/nios2-elf/4.7.3/libgcc.a(_lshrdi3.o)
 .debug_info    0x000042ed      0x185 /opt/altera/13.1/nios2eds/bin/gnu/H-i686-pc-linux-gnu/bin/../lib/gcc/nios2-elf/4.7.3/libgcc.a(_ashldi3.o)
 .debug_info    0x00004472       0xac /opt/altera/13.1/nios2eds/bin/gnu/H-i686-pc-linux-gnu/bin/../lib/gcc/nios2-elf/4.7.3/libgcc.a(_clz.o)
 .debug_info    0x0000451e       0xd9 /opt/altera/13.1/nios2eds/bin/gnu/H-i686-pc-linux-gnu/bin/../lib/gcc/nios2-elf/4.7.3/../../../../../H-i686-pc-linux-gnu/nios2-elf/lib/libsmallc.a(lib_a-memset.o)
 .debug_info    0x000045f7      0x765 /opt/altera/13.1/nios2eds/bin/gnu/H-i686-pc-linux-gnu/bin/../lib/gcc/nios2-elf/4.7.3/../../../../../H-i686-pc-linux-gnu/nios2-elf/lib/libsmallc.a(lib_a-printf.o)
 .debug_info    0x00004d5c      0xc5d /opt/altera/13.1/nios2eds/bin/gnu/H-i686-pc-linux-gnu/bin/../lib/gcc/nios2-elf/4.7.3/../../../../../H-i686-pc-linux-gnu/nios2-elf/lib/libsmallc.a(lib_a-vfprintf.o)
 .debug_info    0x000059b9      0x6d9 /opt/altera/13.1/nios2eds/bin/gnu/H-i686-pc-linux-gnu/bin/../lib/gcc/nios2-elf/4.7.3/../../../../../H-i686-pc-linux-gnu/nios2-elf/lib/libsmallc.a(lib_a-fvwrite_small_dev.o)
 .debug_info    0x00006092      0x631 /opt/altera/13.1/nios2eds/bin/gnu/H-i686-pc-linux-gnu/bin/../lib/gcc/nios2-elf/4.7.3/../../../../../H-i686-pc-linux-gnu/nios2-elf/lib/libsmallc.a(lib_a-impure.o)
 .debug_info    0x000066c3       0xc6 /opt/altera/13.1/nios2eds/bin/gnu/H-i686-pc-linux-gnu/bin/../lib/gcc/nios2-elf/4.7.3/../../../../../H-i686-pc-linux-gnu/nios2-elf/lib/libsmallc.a(lib_a-strlen.o)
 .debug_info    0x00006789      0x6cb /opt/altera/13.1/nios2eds/bin/gnu/H-i686-pc-linux-gnu/bin/../lib/gcc/nios2-elf/4.7.3/../../../../../H-i686-pc-linux-gnu/nios2-elf/lib/libsmallc.a(lib_a-writer.o)
 .debug_info    0x00006e54       0x84 /opt/altera/13.1/nios2eds/bin/gnu/H-i686-pc-linux-gnu/bin/../lib/gcc/nios2-elf/4.7.3/../../../../../H-i686-pc-linux-gnu/nios2-elf/lib/libsmallc.a(lib_a-int_errno.o)
 .debug_info    0x00006ed8      0x289 /opt/altera/13.1/nios2eds/bin/gnu/H-i686-pc-linux-gnu/bin/../lib/gcc/nios2-elf/4.7.3/libgcc.a(lib2-divmod.o)
 .debug_info    0x00007161       0x73 ../OPD14_bsp//libhal_bsp.a(alt_irq_entry.o)
 .debug_info    0x000071d4       0x79 ../OPD14_bsp//libhal_bsp.a(alt_exception_entry.o)
 .debug_info    0x0000724d       0xf8 /opt/altera/13.1/nios2eds/bin/gnu/H-i686-pc-linux-gnu/bin/../lib/gcc/nios2-elf/4.7.3/../../../../../H-i686-pc-linux-gnu/nios2-elf/lib/libsmallc.a(lib_a-exit.o)
 .debug_info    0x00007345       0xf1 /opt/altera/13.1/nios2eds/bin/gnu/H-i686-pc-linux-gnu/bin/../lib/gcc/nios2-elf/4.7.3/../../../../../H-i686-pc-linux-gnu/nios2-elf/lib/libsmallc.a(lib_a-memcmp.o)
 .debug_info    0x00007436      0x70e /opt/altera/13.1/nios2eds/bin/gnu/H-i686-pc-linux-gnu/bin/../lib/gcc/nios2-elf/4.7.3/../../../../../H-i686-pc-linux-gnu/nios2-elf/lib/libsmallc.a(lib_a-__call_atexit.o)

.debug_abbrev   0x00000000     0x32f5
 *(.debug_abbrev)
 .debug_abbrev  0x00000000       0x12 ../OPD14_bsp//obj/HAL/src/crt0.o
 .debug_abbrev  0x00000012       0xe5 obj/default/hello_world.o
 .debug_abbrev  0x000000f7       0xb5 obj/default/xxfuncs.o
 .debug_abbrev  0x000001ac       0xa2 obj/default/xxmodel_pan.o
 .debug_abbrev  0x0000024e      0x245 /opt/altera/13.1/nios2eds/bin/gnu/H-i686-pc-linux-gnu/bin/../lib/gcc/nios2-elf/4.7.3/libgcc.a(_div_sf.o)
 .debug_abbrev  0x00000493      0x19c /opt/altera/13.1/nios2eds/bin/gnu/H-i686-pc-linux-gnu/bin/../lib/gcc/nios2-elf/4.7.3/libgcc.a(_si_to_sf.o)
 .debug_abbrev  0x0000062f      0x185 /opt/altera/13.1/nios2eds/bin/gnu/H-i686-pc-linux-gnu/bin/../lib/gcc/nios2-elf/4.7.3/libgcc.a(_sf_to_df.o)
 .debug_abbrev  0x000007b4       0xb6 /opt/altera/13.1/nios2eds/bin/gnu/H-i686-pc-linux-gnu/bin/../lib/gcc/nios2-elf/4.7.3/libgcc.a(_thenan_sf.o)
 .debug_abbrev  0x0000086a      0x22d /opt/altera/13.1/nios2eds/bin/gnu/H-i686-pc-linux-gnu/bin/../lib/gcc/nios2-elf/4.7.3/libgcc.a(_addsub_df.o)
 .debug_abbrev  0x00000a97      0x240 /opt/altera/13.1/nios2eds/bin/gnu/H-i686-pc-linux-gnu/bin/../lib/gcc/nios2-elf/4.7.3/libgcc.a(_mul_df.o)
 .debug_abbrev  0x00000cd7      0x245 /opt/altera/13.1/nios2eds/bin/gnu/H-i686-pc-linux-gnu/bin/../lib/gcc/nios2-elf/4.7.3/libgcc.a(_div_df.o)
 .debug_abbrev  0x00000f1c      0x1a5 /opt/altera/13.1/nios2eds/bin/gnu/H-i686-pc-linux-gnu/bin/../lib/gcc/nios2-elf/4.7.3/libgcc.a(_gt_df.o)
 .debug_abbrev  0x000010c1      0x1a5 /opt/altera/13.1/nios2eds/bin/gnu/H-i686-pc-linux-gnu/bin/../lib/gcc/nios2-elf/4.7.3/libgcc.a(_lt_df.o)
 .debug_abbrev  0x00001266      0x1ae /opt/altera/13.1/nios2eds/bin/gnu/H-i686-pc-linux-gnu/bin/../lib/gcc/nios2-elf/4.7.3/libgcc.a(_df_to_si.o)
 .debug_abbrev  0x00001414      0x14e /opt/altera/13.1/nios2eds/bin/gnu/H-i686-pc-linux-gnu/bin/../lib/gcc/nios2-elf/4.7.3/libgcc.a(_make_df.o)
 .debug_abbrev  0x00001562      0x194 /opt/altera/13.1/nios2eds/bin/gnu/H-i686-pc-linux-gnu/bin/../lib/gcc/nios2-elf/4.7.3/libgcc.a(_df_to_sf.o)
 .debug_abbrev  0x000016f6       0xb6 /opt/altera/13.1/nios2eds/bin/gnu/H-i686-pc-linux-gnu/bin/../lib/gcc/nios2-elf/4.7.3/libgcc.a(_thenan_df.o)
 .debug_abbrev  0x000017ac       0xe0 /opt/altera/13.1/nios2eds/bin/gnu/H-i686-pc-linux-gnu/bin/../lib/gcc/nios2-elf/4.7.3/libgcc.a(_muldi3.o)
 .debug_abbrev  0x0000188c       0xbe /opt/altera/13.1/nios2eds/bin/gnu/H-i686-pc-linux-gnu/bin/../lib/gcc/nios2-elf/4.7.3/libgcc.a(_clzsi2.o)
 .debug_abbrev  0x0000194a      0x1b1 /opt/altera/13.1/nios2eds/bin/gnu/H-i686-pc-linux-gnu/bin/../lib/gcc/nios2-elf/4.7.3/libgcc.a(_pack_sf.o)
 .debug_abbrev  0x00001afb      0x15f /opt/altera/13.1/nios2eds/bin/gnu/H-i686-pc-linux-gnu/bin/../lib/gcc/nios2-elf/4.7.3/libgcc.a(_unpack_sf.o)
 .debug_abbrev  0x00001c5a      0x13f /opt/altera/13.1/nios2eds/bin/gnu/H-i686-pc-linux-gnu/bin/../lib/gcc/nios2-elf/4.7.3/libgcc.a(_make_sf.o)
 .debug_abbrev  0x00001d99      0x1b6 /opt/altera/13.1/nios2eds/bin/gnu/H-i686-pc-linux-gnu/bin/../lib/gcc/nios2-elf/4.7.3/libgcc.a(_pack_df.o)
 .debug_abbrev  0x00001f4f      0x15d /opt/altera/13.1/nios2eds/bin/gnu/H-i686-pc-linux-gnu/bin/../lib/gcc/nios2-elf/4.7.3/libgcc.a(_unpack_df.o)
 .debug_abbrev  0x000020ac      0x146 /opt/altera/13.1/nios2eds/bin/gnu/H-i686-pc-linux-gnu/bin/../lib/gcc/nios2-elf/4.7.3/libgcc.a(_fpcmp_parts_df.o)
 .debug_abbrev  0x000021f2       0xf1 /opt/altera/13.1/nios2eds/bin/gnu/H-i686-pc-linux-gnu/bin/../lib/gcc/nios2-elf/4.7.3/libgcc.a(_lshrdi3.o)
 .debug_abbrev  0x000022e3       0xf1 /opt/altera/13.1/nios2eds/bin/gnu/H-i686-pc-linux-gnu/bin/../lib/gcc/nios2-elf/4.7.3/libgcc.a(_ashldi3.o)
 .debug_abbrev  0x000023d4       0x5d /opt/altera/13.1/nios2eds/bin/gnu/H-i686-pc-linux-gnu/bin/../lib/gcc/nios2-elf/4.7.3/libgcc.a(_clz.o)
 .debug_abbrev  0x00002431       0x8e /opt/altera/13.1/nios2eds/bin/gnu/H-i686-pc-linux-gnu/bin/../lib/gcc/nios2-elf/4.7.3/../../../../../H-i686-pc-linux-gnu/nios2-elf/lib/libsmallc.a(lib_a-memset.o)
 .debug_abbrev  0x000024bf      0x1e2 /opt/altera/13.1/nios2eds/bin/gnu/H-i686-pc-linux-gnu/bin/../lib/gcc/nios2-elf/4.7.3/../../../../../H-i686-pc-linux-gnu/nios2-elf/lib/libsmallc.a(lib_a-printf.o)
 .debug_abbrev  0x000026a1      0x2db /opt/altera/13.1/nios2eds/bin/gnu/H-i686-pc-linux-gnu/bin/../lib/gcc/nios2-elf/4.7.3/../../../../../H-i686-pc-linux-gnu/nios2-elf/lib/libsmallc.a(lib_a-vfprintf.o)
 .debug_abbrev  0x0000297c      0x1a8 /opt/altera/13.1/nios2eds/bin/gnu/H-i686-pc-linux-gnu/bin/../lib/gcc/nios2-elf/4.7.3/../../../../../H-i686-pc-linux-gnu/nios2-elf/lib/libsmallc.a(lib_a-fvwrite_small_dev.o)
 .debug_abbrev  0x00002b24      0x13b /opt/altera/13.1/nios2eds/bin/gnu/H-i686-pc-linux-gnu/bin/../lib/gcc/nios2-elf/4.7.3/../../../../../H-i686-pc-linux-gnu/nios2-elf/lib/libsmallc.a(lib_a-impure.o)
 .debug_abbrev  0x00002c5f       0x7f /opt/altera/13.1/nios2eds/bin/gnu/H-i686-pc-linux-gnu/bin/../lib/gcc/nios2-elf/4.7.3/../../../../../H-i686-pc-linux-gnu/nios2-elf/lib/libsmallc.a(lib_a-strlen.o)
 .debug_abbrev  0x00002cde      0x199 /opt/altera/13.1/nios2eds/bin/gnu/H-i686-pc-linux-gnu/bin/../lib/gcc/nios2-elf/4.7.3/../../../../../H-i686-pc-linux-gnu/nios2-elf/lib/libsmallc.a(lib_a-writer.o)
 .debug_abbrev  0x00002e77       0x37 /opt/altera/13.1/nios2eds/bin/gnu/H-i686-pc-linux-gnu/bin/../lib/gcc/nios2-elf/4.7.3/../../../../../H-i686-pc-linux-gnu/nios2-elf/lib/libsmallc.a(lib_a-int_errno.o)
 .debug_abbrev  0x00002eae      0x112 /opt/altera/13.1/nios2eds/bin/gnu/H-i686-pc-linux-gnu/bin/../lib/gcc/nios2-elf/4.7.3/libgcc.a(lib2-divmod.o)
 .debug_abbrev  0x00002fc0       0x12 ../OPD14_bsp//libhal_bsp.a(alt_irq_entry.o)
 .debug_abbrev  0x00002fd2       0x12 ../OPD14_bsp//libhal_bsp.a(alt_exception_entry.o)
 .debug_abbrev  0x00002fe4       0xa9 /opt/altera/13.1/nios2eds/bin/gnu/H-i686-pc-linux-gnu/bin/../lib/gcc/nios2-elf/4.7.3/../../../../../H-i686-pc-linux-gnu/nios2-elf/lib/libsmallc.a(lib_a-exit.o)
 .debug_abbrev  0x0000308d       0x7f /opt/altera/13.1/nios2eds/bin/gnu/H-i686-pc-linux-gnu/bin/../lib/gcc/nios2-elf/4.7.3/../../../../../H-i686-pc-linux-gnu/nios2-elf/lib/libsmallc.a(lib_a-memcmp.o)
 .debug_abbrev  0x0000310c      0x1e9 /opt/altera/13.1/nios2eds/bin/gnu/H-i686-pc-linux-gnu/bin/../lib/gcc/nios2-elf/4.7.3/../../../../../H-i686-pc-linux-gnu/nios2-elf/lib/libsmallc.a(lib_a-__call_atexit.o)

.debug_line     0x00000000     0x2621
 *(.debug_line)
 .debug_line    0x00000000       0x6c ../OPD14_bsp//obj/HAL/src/crt0.o
 .debug_line    0x0000006c       0xae obj/default/hello_world.o
 .debug_line    0x0000011a       0x4f obj/default/xxfuncs.o
 .debug_line    0x00000169       0xc5 obj/default/xxmodel_pan.o
 .debug_line    0x0000022e       0xc8 /opt/altera/13.1/nios2eds/bin/gnu/H-i686-pc-linux-gnu/bin/../lib/gcc/nios2-elf/4.7.3/libgcc.a(_div_sf.o)
 .debug_line    0x000002f6       0x92 /opt/altera/13.1/nios2eds/bin/gnu/H-i686-pc-linux-gnu/bin/../lib/gcc/nios2-elf/4.7.3/libgcc.a(_si_to_sf.o)
 .debug_line    0x00000388       0x69 /opt/altera/13.1/nios2eds/bin/gnu/H-i686-pc-linux-gnu/bin/../lib/gcc/nios2-elf/4.7.3/libgcc.a(_sf_to_df.o)
 .debug_line    0x000003f1       0x51 /opt/altera/13.1/nios2eds/bin/gnu/H-i686-pc-linux-gnu/bin/../lib/gcc/nios2-elf/4.7.3/libgcc.a(_thenan_sf.o)
 .debug_line    0x00000442      0x131 /opt/altera/13.1/nios2eds/bin/gnu/H-i686-pc-linux-gnu/bin/../lib/gcc/nios2-elf/4.7.3/libgcc.a(_addsub_df.o)
 .debug_line    0x00000573      0x114 /opt/altera/13.1/nios2eds/bin/gnu/H-i686-pc-linux-gnu/bin/../lib/gcc/nios2-elf/4.7.3/libgcc.a(_mul_df.o)
 .debug_line    0x00000687       0xce /opt/altera/13.1/nios2eds/bin/gnu/H-i686-pc-linux-gnu/bin/../lib/gcc/nios2-elf/4.7.3/libgcc.a(_div_df.o)
 .debug_line    0x00000755       0x6e /opt/altera/13.1/nios2eds/bin/gnu/H-i686-pc-linux-gnu/bin/../lib/gcc/nios2-elf/4.7.3/libgcc.a(_gt_df.o)
 .debug_line    0x000007c3       0x6d /opt/altera/13.1/nios2eds/bin/gnu/H-i686-pc-linux-gnu/bin/../lib/gcc/nios2-elf/4.7.3/libgcc.a(_lt_df.o)
 .debug_line    0x00000830       0x8d /opt/altera/13.1/nios2eds/bin/gnu/H-i686-pc-linux-gnu/bin/../lib/gcc/nios2-elf/4.7.3/libgcc.a(_df_to_si.o)
 .debug_line    0x000008bd       0x6d /opt/altera/13.1/nios2eds/bin/gnu/H-i686-pc-linux-gnu/bin/../lib/gcc/nios2-elf/4.7.3/libgcc.a(_make_df.o)
 .debug_line    0x0000092a       0x70 /opt/altera/13.1/nios2eds/bin/gnu/H-i686-pc-linux-gnu/bin/../lib/gcc/nios2-elf/4.7.3/libgcc.a(_df_to_sf.o)
 .debug_line    0x0000099a       0x51 /opt/altera/13.1/nios2eds/bin/gnu/H-i686-pc-linux-gnu/bin/../lib/gcc/nios2-elf/4.7.3/libgcc.a(_thenan_df.o)
 .debug_line    0x000009eb       0x8b /opt/altera/13.1/nios2eds/bin/gnu/H-i686-pc-linux-gnu/bin/../lib/gcc/nios2-elf/4.7.3/libgcc.a(_muldi3.o)
 .debug_line    0x00000a76       0x8c /opt/altera/13.1/nios2eds/bin/gnu/H-i686-pc-linux-gnu/bin/../lib/gcc/nios2-elf/4.7.3/libgcc.a(_clzsi2.o)
 .debug_line    0x00000b02       0xb2 /opt/altera/13.1/nios2eds/bin/gnu/H-i686-pc-linux-gnu/bin/../lib/gcc/nios2-elf/4.7.3/libgcc.a(_pack_sf.o)
 .debug_line    0x00000bb4       0x9a /opt/altera/13.1/nios2eds/bin/gnu/H-i686-pc-linux-gnu/bin/../lib/gcc/nios2-elf/4.7.3/libgcc.a(_unpack_sf.o)
 .debug_line    0x00000c4e       0x6b /opt/altera/13.1/nios2eds/bin/gnu/H-i686-pc-linux-gnu/bin/../lib/gcc/nios2-elf/4.7.3/libgcc.a(_make_sf.o)
 .debug_line    0x00000cb9       0xc7 /opt/altera/13.1/nios2eds/bin/gnu/H-i686-pc-linux-gnu/bin/../lib/gcc/nios2-elf/4.7.3/libgcc.a(_pack_df.o)
 .debug_line    0x00000d80       0xa2 /opt/altera/13.1/nios2eds/bin/gnu/H-i686-pc-linux-gnu/bin/../lib/gcc/nios2-elf/4.7.3/libgcc.a(_unpack_df.o)
 .debug_line    0x00000e22       0x96 /opt/altera/13.1/nios2eds/bin/gnu/H-i686-pc-linux-gnu/bin/../lib/gcc/nios2-elf/4.7.3/libgcc.a(_fpcmp_parts_df.o)
 .debug_line    0x00000eb8       0x77 /opt/altera/13.1/nios2eds/bin/gnu/H-i686-pc-linux-gnu/bin/../lib/gcc/nios2-elf/4.7.3/libgcc.a(_lshrdi3.o)
 .debug_line    0x00000f2f       0x75 /opt/altera/13.1/nios2eds/bin/gnu/H-i686-pc-linux-gnu/bin/../lib/gcc/nios2-elf/4.7.3/libgcc.a(_ashldi3.o)
 .debug_line    0x00000fa4       0x53 /opt/altera/13.1/nios2eds/bin/gnu/H-i686-pc-linux-gnu/bin/../lib/gcc/nios2-elf/4.7.3/libgcc.a(_clz.o)
 .debug_line    0x00000ff7      0x17b /opt/altera/13.1/nios2eds/bin/gnu/H-i686-pc-linux-gnu/bin/../lib/gcc/nios2-elf/4.7.3/../../../../../H-i686-pc-linux-gnu/nios2-elf/lib/libsmallc.a(lib_a-memset.o)
 .debug_line    0x00001172      0x216 /opt/altera/13.1/nios2eds/bin/gnu/H-i686-pc-linux-gnu/bin/../lib/gcc/nios2-elf/4.7.3/../../../../../H-i686-pc-linux-gnu/nios2-elf/lib/libsmallc.a(lib_a-printf.o)
 .debug_line    0x00001388      0x401 /opt/altera/13.1/nios2eds/bin/gnu/H-i686-pc-linux-gnu/bin/../lib/gcc/nios2-elf/4.7.3/../../../../../H-i686-pc-linux-gnu/nios2-elf/lib/libsmallc.a(lib_a-vfprintf.o)
 .debug_line    0x00001789      0x222 /opt/altera/13.1/nios2eds/bin/gnu/H-i686-pc-linux-gnu/bin/../lib/gcc/nios2-elf/4.7.3/../../../../../H-i686-pc-linux-gnu/nios2-elf/lib/libsmallc.a(lib_a-fvwrite_small_dev.o)
 .debug_line    0x000019ab      0x169 /opt/altera/13.1/nios2eds/bin/gnu/H-i686-pc-linux-gnu/bin/../lib/gcc/nios2-elf/4.7.3/../../../../../H-i686-pc-linux-gnu/nios2-elf/lib/libsmallc.a(lib_a-impure.o)
 .debug_line    0x00001b14      0x171 /opt/altera/13.1/nios2eds/bin/gnu/H-i686-pc-linux-gnu/bin/../lib/gcc/nios2-elf/4.7.3/../../../../../H-i686-pc-linux-gnu/nios2-elf/lib/libsmallc.a(lib_a-strlen.o)
 .debug_line    0x00001c85      0x209 /opt/altera/13.1/nios2eds/bin/gnu/H-i686-pc-linux-gnu/bin/../lib/gcc/nios2-elf/4.7.3/../../../../../H-i686-pc-linux-gnu/nios2-elf/lib/libsmallc.a(lib_a-writer.o)
 .debug_line    0x00001e8e       0x5d /opt/altera/13.1/nios2eds/bin/gnu/H-i686-pc-linux-gnu/bin/../lib/gcc/nios2-elf/4.7.3/../../../../../H-i686-pc-linux-gnu/nios2-elf/lib/libsmallc.a(lib_a-int_errno.o)
 .debug_line    0x00001eeb       0xd3 /opt/altera/13.1/nios2eds/bin/gnu/H-i686-pc-linux-gnu/bin/../lib/gcc/nios2-elf/4.7.3/libgcc.a(lib2-divmod.o)
 .debug_line    0x00001fbe       0x6b ../OPD14_bsp//libhal_bsp.a(alt_irq_entry.o)
 .debug_line    0x00002029       0xab ../OPD14_bsp//libhal_bsp.a(alt_exception_entry.o)
 .debug_line    0x000020d4      0x16d /opt/altera/13.1/nios2eds/bin/gnu/H-i686-pc-linux-gnu/bin/../lib/gcc/nios2-elf/4.7.3/../../../../../H-i686-pc-linux-gnu/nios2-elf/lib/libsmallc.a(lib_a-exit.o)
 .debug_line    0x00002241      0x17c /opt/altera/13.1/nios2eds/bin/gnu/H-i686-pc-linux-gnu/bin/../lib/gcc/nios2-elf/4.7.3/../../../../../H-i686-pc-linux-gnu/nios2-elf/lib/libsmallc.a(lib_a-memcmp.o)
 .debug_line    0x000023bd      0x264 /opt/altera/13.1/nios2eds/bin/gnu/H-i686-pc-linux-gnu/bin/../lib/gcc/nios2-elf/4.7.3/../../../../../H-i686-pc-linux-gnu/nios2-elf/lib/libsmallc.a(lib_a-__call_atexit.o)

.debug_frame    0x00000000      0x7b4
 *(.debug_frame)
 .debug_frame   0x00000000       0xa0 obj/default/hello_world.o
 .debug_frame   0x000000a0       0x48 obj/default/xxfuncs.o
 .debug_frame   0x000000e8      0x16c obj/default/xxmodel_pan.o
 .debug_frame   0x00000254       0x28 /opt/altera/13.1/nios2eds/bin/gnu/H-i686-pc-linux-gnu/bin/../lib/gcc/nios2-elf/4.7.3/libgcc.a(_div_sf.o)
 .debug_frame   0x0000027c       0x28 /opt/altera/13.1/nios2eds/bin/gnu/H-i686-pc-linux-gnu/bin/../lib/gcc/nios2-elf/4.7.3/libgcc.a(_si_to_sf.o)
 .debug_frame   0x000002a4       0x28 /opt/altera/13.1/nios2eds/bin/gnu/H-i686-pc-linux-gnu/bin/../lib/gcc/nios2-elf/4.7.3/libgcc.a(_sf_to_df.o)
 .debug_frame   0x000002cc       0x50 /opt/altera/13.1/nios2eds/bin/gnu/H-i686-pc-linux-gnu/bin/../lib/gcc/nios2-elf/4.7.3/libgcc.a(_addsub_df.o)
 .debug_frame   0x0000031c       0x38 /opt/altera/13.1/nios2eds/bin/gnu/H-i686-pc-linux-gnu/bin/../lib/gcc/nios2-elf/4.7.3/libgcc.a(_mul_df.o)
 .debug_frame   0x00000354       0x28 /opt/altera/13.1/nios2eds/bin/gnu/H-i686-pc-linux-gnu/bin/../lib/gcc/nios2-elf/4.7.3/libgcc.a(_div_df.o)
 .debug_frame   0x0000037c       0x28 /opt/altera/13.1/nios2eds/bin/gnu/H-i686-pc-linux-gnu/bin/../lib/gcc/nios2-elf/4.7.3/libgcc.a(_gt_df.o)
 .debug_frame   0x000003a4       0x28 /opt/altera/13.1/nios2eds/bin/gnu/H-i686-pc-linux-gnu/bin/../lib/gcc/nios2-elf/4.7.3/libgcc.a(_lt_df.o)
 .debug_frame   0x000003cc       0x28 /opt/altera/13.1/nios2eds/bin/gnu/H-i686-pc-linux-gnu/bin/../lib/gcc/nios2-elf/4.7.3/libgcc.a(_df_to_si.o)
 .debug_frame   0x000003f4       0x28 /opt/altera/13.1/nios2eds/bin/gnu/H-i686-pc-linux-gnu/bin/../lib/gcc/nios2-elf/4.7.3/libgcc.a(_make_df.o)
 .debug_frame   0x0000041c       0x28 /opt/altera/13.1/nios2eds/bin/gnu/H-i686-pc-linux-gnu/bin/../lib/gcc/nios2-elf/4.7.3/libgcc.a(_df_to_sf.o)
 .debug_frame   0x00000444       0x20 /opt/altera/13.1/nios2eds/bin/gnu/H-i686-pc-linux-gnu/bin/../lib/gcc/nios2-elf/4.7.3/libgcc.a(_muldi3.o)
 .debug_frame   0x00000464       0x20 /opt/altera/13.1/nios2eds/bin/gnu/H-i686-pc-linux-gnu/bin/../lib/gcc/nios2-elf/4.7.3/libgcc.a(_clzsi2.o)
 .debug_frame   0x00000484       0x20 /opt/altera/13.1/nios2eds/bin/gnu/H-i686-pc-linux-gnu/bin/../lib/gcc/nios2-elf/4.7.3/libgcc.a(_pack_sf.o)
 .debug_frame   0x000004a4       0x20 /opt/altera/13.1/nios2eds/bin/gnu/H-i686-pc-linux-gnu/bin/../lib/gcc/nios2-elf/4.7.3/libgcc.a(_unpack_sf.o)
 .debug_frame   0x000004c4       0x28 /opt/altera/13.1/nios2eds/bin/gnu/H-i686-pc-linux-gnu/bin/../lib/gcc/nios2-elf/4.7.3/libgcc.a(_make_sf.o)
 .debug_frame   0x000004ec       0x34 /opt/altera/13.1/nios2eds/bin/gnu/H-i686-pc-linux-gnu/bin/../lib/gcc/nios2-elf/4.7.3/libgcc.a(_pack_df.o)
 .debug_frame   0x00000520       0x20 /opt/altera/13.1/nios2eds/bin/gnu/H-i686-pc-linux-gnu/bin/../lib/gcc/nios2-elf/4.7.3/libgcc.a(_unpack_df.o)
 .debug_frame   0x00000540       0x20 /opt/altera/13.1/nios2eds/bin/gnu/H-i686-pc-linux-gnu/bin/../lib/gcc/nios2-elf/4.7.3/libgcc.a(_fpcmp_parts_df.o)
 .debug_frame   0x00000560       0x20 /opt/altera/13.1/nios2eds/bin/gnu/H-i686-pc-linux-gnu/bin/../lib/gcc/nios2-elf/4.7.3/libgcc.a(_lshrdi3.o)
 .debug_frame   0x00000580       0x20 /opt/altera/13.1/nios2eds/bin/gnu/H-i686-pc-linux-gnu/bin/../lib/gcc/nios2-elf/4.7.3/libgcc.a(_ashldi3.o)
 .debug_frame   0x000005a0       0x20 /opt/altera/13.1/nios2eds/bin/gnu/H-i686-pc-linux-gnu/bin/../lib/gcc/nios2-elf/4.7.3/../../../../../H-i686-pc-linux-gnu/nios2-elf/lib/libsmallc.a(lib_a-memset.o)
 .debug_frame   0x000005c0       0x40 /opt/altera/13.1/nios2eds/bin/gnu/H-i686-pc-linux-gnu/bin/../lib/gcc/nios2-elf/4.7.3/../../../../../H-i686-pc-linux-gnu/nios2-elf/lib/libsmallc.a(lib_a-printf.o)
 .debug_frame   0x00000600       0x48 /opt/altera/13.1/nios2eds/bin/gnu/H-i686-pc-linux-gnu/bin/../lib/gcc/nios2-elf/4.7.3/../../../../../H-i686-pc-linux-gnu/nios2-elf/lib/libsmallc.a(lib_a-vfprintf.o)
 .debug_frame   0x00000648       0x30 /opt/altera/13.1/nios2eds/bin/gnu/H-i686-pc-linux-gnu/bin/../lib/gcc/nios2-elf/4.7.3/../../../../../H-i686-pc-linux-gnu/nios2-elf/lib/libsmallc.a(lib_a-fvwrite_small_dev.o)
 .debug_frame   0x00000678       0x20 /opt/altera/13.1/nios2eds/bin/gnu/H-i686-pc-linux-gnu/bin/../lib/gcc/nios2-elf/4.7.3/../../../../../H-i686-pc-linux-gnu/nios2-elf/lib/libsmallc.a(lib_a-strlen.o)
 .debug_frame   0x00000698       0x2c /opt/altera/13.1/nios2eds/bin/gnu/H-i686-pc-linux-gnu/bin/../lib/gcc/nios2-elf/4.7.3/../../../../../H-i686-pc-linux-gnu/nios2-elf/lib/libsmallc.a(lib_a-writer.o)
 .debug_frame   0x000006c4       0x70 /opt/altera/13.1/nios2eds/bin/gnu/H-i686-pc-linux-gnu/bin/../lib/gcc/nios2-elf/4.7.3/libgcc.a(lib2-divmod.o)
 .debug_frame   0x00000734       0x28 /opt/altera/13.1/nios2eds/bin/gnu/H-i686-pc-linux-gnu/bin/../lib/gcc/nios2-elf/4.7.3/../../../../../H-i686-pc-linux-gnu/nios2-elf/lib/libsmallc.a(lib_a-exit.o)
 .debug_frame   0x0000075c       0x20 /opt/altera/13.1/nios2eds/bin/gnu/H-i686-pc-linux-gnu/bin/../lib/gcc/nios2-elf/4.7.3/../../../../../H-i686-pc-linux-gnu/nios2-elf/lib/libsmallc.a(lib_a-memcmp.o)
 .debug_frame   0x0000077c       0x38 /opt/altera/13.1/nios2eds/bin/gnu/H-i686-pc-linux-gnu/bin/../lib/gcc/nios2-elf/4.7.3/../../../../../H-i686-pc-linux-gnu/nios2-elf/lib/libsmallc.a(lib_a-__call_atexit.o)

.debug_str      0x00000000     0x119b
 *(.debug_str)
 .debug_str     0x00000000      0x119 obj/default/hello_world.o
                                0x175 (size before relaxing)
 .debug_str     0x00000119       0x64 obj/default/xxfuncs.o
                                0x14a (size before relaxing)
 .debug_str     0x0000017d      0x19c obj/default/xxmodel_pan.o
                                0x293 (size before relaxing)
 .debug_str     0x00000319      0x1cd /opt/altera/13.1/nios2eds/bin/gnu/H-i686-pc-linux-gnu/bin/../lib/gcc/nios2-elf/4.7.3/libgcc.a(_div_sf.o)
                                0x266 (size before relaxing)
 .debug_str     0x000004e6       0x27 /opt/altera/13.1/nios2eds/bin/gnu/H-i686-pc-linux-gnu/bin/../lib/gcc/nios2-elf/4.7.3/libgcc.a(_si_to_sf.o)
                                0x20f (size before relaxing)
 .debug_str     0x0000050d       0x27 /opt/altera/13.1/nios2eds/bin/gnu/H-i686-pc-linux-gnu/bin/../lib/gcc/nios2-elf/4.7.3/libgcc.a(_sf_to_df.o)
                                0x22e (size before relaxing)
 .debug_str     0x00000000      0x1c2 /opt/altera/13.1/nios2eds/bin/gnu/H-i686-pc-linux-gnu/bin/../lib/gcc/nios2-elf/4.7.3/libgcc.a(_thenan_sf.o)
 .debug_str     0x00000534       0x8d /opt/altera/13.1/nios2eds/bin/gnu/H-i686-pc-linux-gnu/bin/../lib/gcc/nios2-elf/4.7.3/libgcc.a(_addsub_df.o)
                                0x2aa (size before relaxing)
 .debug_str     0x000005c1       0x45 /opt/altera/13.1/nios2eds/bin/gnu/H-i686-pc-linux-gnu/bin/../lib/gcc/nios2-elf/4.7.3/libgcc.a(_mul_df.o)
                                0x27c (size before relaxing)
 .debug_str     0x00000606        0x9 /opt/altera/13.1/nios2eds/bin/gnu/H-i686-pc-linux-gnu/bin/../lib/gcc/nios2-elf/4.7.3/libgcc.a(_div_df.o)
                                0x26c (size before relaxing)
 .debug_str     0x0000060f       0x20 /opt/altera/13.1/nios2eds/bin/gnu/H-i686-pc-linux-gnu/bin/../lib/gcc/nios2-elf/4.7.3/libgcc.a(_gt_df.o)
                                0x239 (size before relaxing)
 .debug_str     0x0000062f        0x8 /opt/altera/13.1/nios2eds/bin/gnu/H-i686-pc-linux-gnu/bin/../lib/gcc/nios2-elf/4.7.3/libgcc.a(_lt_df.o)
                                0x239 (size before relaxing)
 .debug_str     0x00000637        0xa /opt/altera/13.1/nios2eds/bin/gnu/H-i686-pc-linux-gnu/bin/../lib/gcc/nios2-elf/4.7.3/libgcc.a(_df_to_si.o)
                                0x231 (size before relaxing)
 .debug_str     0x00000000        0xa /opt/altera/13.1/nios2eds/bin/gnu/H-i686-pc-linux-gnu/bin/../lib/gcc/nios2-elf/4.7.3/libgcc.a(_make_df.o)
                                0x1ea (size before relaxing)
 .debug_str     0x00000641       0x1e /opt/altera/13.1/nios2eds/bin/gnu/H-i686-pc-linux-gnu/bin/../lib/gcc/nios2-elf/4.7.3/libgcc.a(_df_to_sf.o)
                                0x232 (size before relaxing)
 .debug_str     0x00000000      0x1c2 /opt/altera/13.1/nios2eds/bin/gnu/H-i686-pc-linux-gnu/bin/../lib/gcc/nios2-elf/4.7.3/libgcc.a(_thenan_df.o)
 .debug_str     0x0000065f       0x85 /opt/altera/13.1/nios2eds/bin/gnu/H-i686-pc-linux-gnu/bin/../lib/gcc/nios2-elf/4.7.3/libgcc.a(_muldi3.o)
                                0x1a3 (size before relaxing)
 .debug_str     0x000006e4       0x17 /opt/altera/13.1/nios2eds/bin/gnu/H-i686-pc-linux-gnu/bin/../lib/gcc/nios2-elf/4.7.3/libgcc.a(_clzsi2.o)
                                0x17e (size before relaxing)
 .debug_str     0x000006fb        0x7 /opt/altera/13.1/nios2eds/bin/gnu/H-i686-pc-linux-gnu/bin/../lib/gcc/nios2-elf/4.7.3/libgcc.a(_pack_sf.o)
                                0x21f (size before relaxing)
 .debug_str     0x00000000      0x201 /opt/altera/13.1/nios2eds/bin/gnu/H-i686-pc-linux-gnu/bin/../lib/gcc/nios2-elf/4.7.3/libgcc.a(_unpack_sf.o)
 .debug_str     0x00000000      0x1ea /opt/altera/13.1/nios2eds/bin/gnu/H-i686-pc-linux-gnu/bin/../lib/gcc/nios2-elf/4.7.3/libgcc.a(_make_sf.o)
 .debug_str     0x00000000      0x225 /opt/altera/13.1/nios2eds/bin/gnu/H-i686-pc-linux-gnu/bin/../lib/gcc/nios2-elf/4.7.3/libgcc.a(_pack_df.o)
 .debug_str     0x00000000      0x207 /opt/altera/13.1/nios2eds/bin/gnu/H-i686-pc-linux-gnu/bin/../lib/gcc/nios2-elf/4.7.3/libgcc.a(_unpack_df.o)
 .debug_str     0x00000000      0x1e5 /opt/altera/13.1/nios2eds/bin/gnu/H-i686-pc-linux-gnu/bin/../lib/gcc/nios2-elf/4.7.3/libgcc.a(_fpcmp_parts_df.o)
 .debug_str     0x00000702       0x23 /opt/altera/13.1/nios2eds/bin/gnu/H-i686-pc-linux-gnu/bin/../lib/gcc/nios2-elf/4.7.3/libgcc.a(_lshrdi3.o)
                                0x195 (size before relaxing)
 .debug_str     0x00000725        0xa /opt/altera/13.1/nios2eds/bin/gnu/H-i686-pc-linux-gnu/bin/../lib/gcc/nios2-elf/4.7.3/libgcc.a(_ashldi3.o)
                                0x195 (size before relaxing)
 .debug_str     0x00000000      0x161 /opt/altera/13.1/nios2eds/bin/gnu/H-i686-pc-linux-gnu/bin/../lib/gcc/nios2-elf/4.7.3/libgcc.a(_clz.o)
 .debug_str     0x0000072f       0xd8 /opt/altera/13.1/nios2eds/bin/gnu/H-i686-pc-linux-gnu/bin/../lib/gcc/nios2-elf/4.7.3/../../../../../H-i686-pc-linux-gnu/nios2-elf/lib/libsmallc.a(lib_a-memset.o)
                                0x17d (size before relaxing)
 .debug_str     0x00000807      0x3dd /opt/altera/13.1/nios2eds/bin/gnu/H-i686-pc-linux-gnu/bin/../lib/gcc/nios2-elf/4.7.3/../../../../../H-i686-pc-linux-gnu/nios2-elf/lib/libsmallc.a(lib_a-printf.o)
                                0x4a7 (size before relaxing)
 .debug_str     0x00000be4      0x18e /opt/altera/13.1/nios2eds/bin/gnu/H-i686-pc-linux-gnu/bin/../lib/gcc/nios2-elf/4.7.3/../../../../../H-i686-pc-linux-gnu/nios2-elf/lib/libsmallc.a(lib_a-vfprintf.o)
                                0x627 (size before relaxing)
 .debug_str     0x00000d72       0x7f /opt/altera/13.1/nios2eds/bin/gnu/H-i686-pc-linux-gnu/bin/../lib/gcc/nios2-elf/4.7.3/../../../../../H-i686-pc-linux-gnu/nios2-elf/lib/libsmallc.a(lib_a-fvwrite_small_dev.o)
                                0x482 (size before relaxing)
 .debug_str     0x00000df1       0xee /opt/altera/13.1/nios2eds/bin/gnu/H-i686-pc-linux-gnu/bin/../lib/gcc/nios2-elf/4.7.3/../../../../../H-i686-pc-linux-gnu/nios2-elf/lib/libsmallc.a(lib_a-impure.o)
                                0x45c (size before relaxing)
 .debug_str     0x00000edf       0x3b /opt/altera/13.1/nios2eds/bin/gnu/H-i686-pc-linux-gnu/bin/../lib/gcc/nios2-elf/4.7.3/../../../../../H-i686-pc-linux-gnu/nios2-elf/lib/libsmallc.a(lib_a-strlen.o)
                                0x183 (size before relaxing)
 .debug_str     0x00000f1a       0x3a /opt/altera/13.1/nios2eds/bin/gnu/H-i686-pc-linux-gnu/bin/../lib/gcc/nios2-elf/4.7.3/../../../../../H-i686-pc-linux-gnu/nios2-elf/lib/libsmallc.a(lib_a-writer.o)
                                0x456 (size before relaxing)
 .debug_str     0x00000f54       0x3d /opt/altera/13.1/nios2eds/bin/gnu/H-i686-pc-linux-gnu/bin/../lib/gcc/nios2-elf/4.7.3/../../../../../H-i686-pc-linux-gnu/nios2-elf/lib/libsmallc.a(lib_a-int_errno.o)
                                0x176 (size before relaxing)
 .debug_str     0x00000f91       0x7c /opt/altera/13.1/nios2eds/bin/gnu/H-i686-pc-linux-gnu/bin/../lib/gcc/nios2-elf/4.7.3/libgcc.a(lib2-divmod.o)
                                0x15c (size before relaxing)
 .debug_str     0x0000100d       0xeb /opt/altera/13.1/nios2eds/bin/gnu/H-i686-pc-linux-gnu/bin/../lib/gcc/nios2-elf/4.7.3/../../../../../H-i686-pc-linux-gnu/nios2-elf/lib/libsmallc.a(lib_a-exit.o)
                                0x18e (size before relaxing)
 .debug_str     0x000010f8       0x42 /opt/altera/13.1/nios2eds/bin/gnu/H-i686-pc-linux-gnu/bin/../lib/gcc/nios2-elf/4.7.3/../../../../../H-i686-pc-linux-gnu/nios2-elf/lib/libsmallc.a(lib_a-memcmp.o)
                                0x17d (size before relaxing)
 .debug_str     0x0000113a       0x61 /opt/altera/13.1/nios2eds/bin/gnu/H-i686-pc-linux-gnu/bin/../lib/gcc/nios2-elf/4.7.3/../../../../../H-i686-pc-linux-gnu/nios2-elf/lib/libsmallc.a(lib_a-__call_atexit.o)
                                0x487 (size before relaxing)

.debug_loc      0x00000000     0x386a
 *(.debug_loc)
 .debug_loc     0x00000000       0xdc obj/default/hello_world.o
 .debug_loc     0x000000dc       0x58 obj/default/xxfuncs.o
 .debug_loc     0x00000134      0x210 obj/default/xxmodel_pan.o
 .debug_loc     0x00000344      0x172 /opt/altera/13.1/nios2eds/bin/gnu/H-i686-pc-linux-gnu/bin/../lib/gcc/nios2-elf/4.7.3/libgcc.a(_div_sf.o)
 .debug_loc     0x000004b6       0xd3 /opt/altera/13.1/nios2eds/bin/gnu/H-i686-pc-linux-gnu/bin/../lib/gcc/nios2-elf/4.7.3/libgcc.a(_si_to_sf.o)
 .debug_loc     0x00000589       0x43 /opt/altera/13.1/nios2eds/bin/gnu/H-i686-pc-linux-gnu/bin/../lib/gcc/nios2-elf/4.7.3/libgcc.a(_sf_to_df.o)
 .debug_loc     0x000005cc      0x7a1 /opt/altera/13.1/nios2eds/bin/gnu/H-i686-pc-linux-gnu/bin/../lib/gcc/nios2-elf/4.7.3/libgcc.a(_addsub_df.o)
 .debug_loc     0x00000d6d      0x3ba /opt/altera/13.1/nios2eds/bin/gnu/H-i686-pc-linux-gnu/bin/../lib/gcc/nios2-elf/4.7.3/libgcc.a(_mul_df.o)
 .debug_loc     0x00001127      0x25e /opt/altera/13.1/nios2eds/bin/gnu/H-i686-pc-linux-gnu/bin/../lib/gcc/nios2-elf/4.7.3/libgcc.a(_div_df.o)