Archive member included because of file (symbol)

/opt/altera/13.1/nios2eds/bin/gnu/H-i686-pc-linux-gnu/bin/../lib/gcc/nios2-elf/4.7.3/../../../../../H-i686-pc-linux-gnu/nios2-elf/lib/mno-hw-mul/libsmallc.a(lib_a-printf.o)
                              obj/default/main.o (printf)
/opt/altera/13.1/nios2eds/bin/gnu/H-i686-pc-linux-gnu/bin/../lib/gcc/nios2-elf/4.7.3/../../../../../H-i686-pc-linux-gnu/nios2-elf/lib/mno-hw-mul/libsmallc.a(lib_a-puts.o)
                              obj/default/main.o (puts)
/opt/altera/13.1/nios2eds/bin/gnu/H-i686-pc-linux-gnu/bin/../lib/gcc/nios2-elf/4.7.3/../../../../../H-i686-pc-linux-gnu/nios2-elf/lib/mno-hw-mul/libsmallc.a(lib_a-strlen.o)
                              /opt/altera/13.1/nios2eds/bin/gnu/H-i686-pc-linux-gnu/bin/../lib/gcc/nios2-elf/4.7.3/../../../../../H-i686-pc-linux-gnu/nios2-elf/lib/mno-hw-mul/libsmallc.a(lib_a-puts.o) (strlen)
/opt/altera/13.1/nios2eds/bin/gnu/H-i686-pc-linux-gnu/bin/../lib/gcc/nios2-elf/4.7.3/../../../../../H-i686-pc-linux-gnu/nios2-elf/lib/mno-hw-mul/libsmallc.a(lib_a-vfprintf.o)
                              /opt/altera/13.1/nios2eds/bin/gnu/H-i686-pc-linux-gnu/bin/../lib/gcc/nios2-elf/4.7.3/../../../../../H-i686-pc-linux-gnu/nios2-elf/lib/mno-hw-mul/libsmallc.a(lib_a-printf.o) (___vfprintf_internal_r)
/opt/altera/13.1/nios2eds/bin/gnu/H-i686-pc-linux-gnu/bin/../lib/gcc/nios2-elf/4.7.3/../../../../../H-i686-pc-linux-gnu/nios2-elf/lib/mno-hw-mul/libsmallc.a(lib_a-fvwrite_small_dev.o)
                              /opt/altera/13.1/nios2eds/bin/gnu/H-i686-pc-linux-gnu/bin/../lib/gcc/nios2-elf/4.7.3/../../../../../H-i686-pc-linux-gnu/nios2-elf/lib/mno-hw-mul/libsmallc.a(lib_a-printf.o) (__sfvwrite_small_dev)
/opt/altera/13.1/nios2eds/bin/gnu/H-i686-pc-linux-gnu/bin/../lib/gcc/nios2-elf/4.7.3/../../../../../H-i686-pc-linux-gnu/nios2-elf/lib/mno-hw-mul/libsmallc.a(lib_a-impure.o)
                              /opt/altera/13.1/nios2eds/bin/gnu/H-i686-pc-linux-gnu/bin/../lib/gcc/nios2-elf/4.7.3/../../../../../H-i686-pc-linux-gnu/nios2-elf/lib/mno-hw-mul/libsmallc.a(lib_a-printf.o) (_impure_ptr)
/opt/altera/13.1/nios2eds/bin/gnu/H-i686-pc-linux-gnu/bin/../lib/gcc/nios2-elf/4.7.3/../../../../../H-i686-pc-linux-gnu/nios2-elf/lib/mno-hw-mul/libsmallc.a(lib_a-writer.o)
                              /opt/altera/13.1/nios2eds/bin/gnu/H-i686-pc-linux-gnu/bin/../lib/gcc/nios2-elf/4.7.3/../../../../../H-i686-pc-linux-gnu/nios2-elf/lib/mno-hw-mul/libsmallc.a(lib_a-fvwrite_small_dev.o) (_write_r)
/opt/altera/13.1/nios2eds/bin/gnu/H-i686-pc-linux-gnu/bin/../lib/gcc/nios2-elf/4.7.3/../../../../../H-i686-pc-linux-gnu/nios2-elf/lib/mno-hw-mul/libsmallc.a(lib_a-int_errno.o)
                              /opt/altera/13.1/nios2eds/bin/gnu/H-i686-pc-linux-gnu/bin/../lib/gcc/nios2-elf/4.7.3/../../../../../H-i686-pc-linux-gnu/nios2-elf/lib/mno-hw-mul/libsmallc.a(lib_a-writer.o) (errno)
/opt/altera/13.1/nios2eds/bin/gnu/H-i686-pc-linux-gnu/bin/../lib/gcc/nios2-elf/4.7.3/mno-hw-mul/libgcc.a(lib2-divmod.o)
                              /opt/altera/13.1/nios2eds/bin/gnu/H-i686-pc-linux-gnu/bin/../lib/gcc/nios2-elf/4.7.3/../../../../../H-i686-pc-linux-gnu/nios2-elf/lib/mno-hw-mul/libsmallc.a(lib_a-vfprintf.o) (__udivsi3)
/opt/altera/13.1/nios2eds/bin/gnu/H-i686-pc-linux-gnu/bin/../lib/gcc/nios2-elf/4.7.3/mno-hw-mul/libgcc.a(lib2-mul.o)
                              /opt/altera/13.1/nios2eds/bin/gnu/H-i686-pc-linux-gnu/bin/../lib/gcc/nios2-elf/4.7.3/../../../../../H-i686-pc-linux-gnu/nios2-elf/lib/mno-hw-mul/libsmallc.a(lib_a-vfprintf.o) (__mulsi3)
../fpga_ip_demo_herkansing_bsp//libhal_bsp.a(alt_load.o)
                              ../fpga_ip_demo_herkansing_bsp//obj/HAL/src/crt0.o (alt_load)
../fpga_ip_demo_herkansing_bsp//libhal_bsp.a(alt_main.o)
                              ../fpga_ip_demo_herkansing_bsp//obj/HAL/src/crt0.o (alt_main)
../fpga_ip_demo_herkansing_bsp//libhal_bsp.a(alt_write.o)
                              /opt/altera/13.1/nios2eds/bin/gnu/H-i686-pc-linux-gnu/bin/../lib/gcc/nios2-elf/4.7.3/../../../../../H-i686-pc-linux-gnu/nios2-elf/lib/mno-hw-mul/libsmallc.a(lib_a-writer.o) (write)
../fpga_ip_demo_herkansing_bsp//libhal_bsp.a(alt_sys_init.o)
                              ../fpga_ip_demo_herkansing_bsp//libhal_bsp.a(alt_main.o) (alt_irq_init)
../fpga_ip_demo_herkansing_bsp//libhal_bsp.a(altera_avalon_jtag_uart_fd.o)
                              ../fpga_ip_demo_herkansing_bsp//libhal_bsp.a(alt_sys_init.o) (altera_avalon_jtag_uart_read_fd)
../fpga_ip_demo_herkansing_bsp//libhal_bsp.a(altera_avalon_jtag_uart_read.o)
                              ../fpga_ip_demo_herkansing_bsp//libhal_bsp.a(altera_avalon_jtag_uart_fd.o) (altera_avalon_jtag_uart_read)
../fpga_ip_demo_herkansing_bsp//libhal_bsp.a(altera_avalon_jtag_uart_write.o)
                              ../fpga_ip_demo_herkansing_bsp//libhal_bsp.a(altera_avalon_jtag_uart_fd.o) (altera_avalon_jtag_uart_write)
../fpga_ip_demo_herkansing_bsp//libhal_bsp.a(altera_avalon_timer_sc.o)
                              ../fpga_ip_demo_herkansing_bsp//libhal_bsp.a(alt_sys_init.o) (alt_avalon_timer_sc_init)
../fpga_ip_demo_herkansing_bsp//libhal_bsp.a(alt_close.o)
                              ../fpga_ip_demo_herkansing_bsp//libhal_bsp.a(alt_main.o) (close)
../fpga_ip_demo_herkansing_bsp//libhal_bsp.a(alt_dcache_flush_all.o)
                              ../fpga_ip_demo_herkansing_bsp//libhal_bsp.a(alt_load.o) (alt_dcache_flush_all)
../fpga_ip_demo_herkansing_bsp//libhal_bsp.a(alt_dev.o)
                              ../fpga_ip_demo_herkansing_bsp//libhal_bsp.a(alt_sys_init.o) (alt_dev_list)
../fpga_ip_demo_herkansing_bsp//libhal_bsp.a(alt_dev_llist_insert.o)
                              ../fpga_ip_demo_herkansing_bsp//libhal_bsp.a(alt_sys_init.o) (alt_dev_llist_insert)
../fpga_ip_demo_herkansing_bsp//libhal_bsp.a(alt_errno.o)
                              ../fpga_ip_demo_herkansing_bsp//libhal_bsp.a(alt_write.o) (alt_errno)
../fpga_ip_demo_herkansing_bsp//libhal_bsp.a(alt_icache_flush_all.o)
                              ../fpga_ip_demo_herkansing_bsp//libhal_bsp.a(alt_load.o) (alt_icache_flush_all)
../fpga_ip_demo_herkansing_bsp//libhal_bsp.a(alt_iic.o)
                              ../fpga_ip_demo_herkansing_bsp//libhal_bsp.a(altera_avalon_timer_sc.o) (alt_ic_isr_register)
../fpga_ip_demo_herkansing_bsp//libhal_bsp.a(alt_iic_isr_register.o)
                              ../fpga_ip_demo_herkansing_bsp//libhal_bsp.a(alt_iic.o) (alt_iic_isr_register)
../fpga_ip_demo_herkansing_bsp//libhal_bsp.a(alt_io_redirect.o)
                              ../fpga_ip_demo_herkansing_bsp//libhal_bsp.a(alt_main.o) (alt_io_redirect)
../fpga_ip_demo_herkansing_bsp//libhal_bsp.a(alt_irq_entry.o)
                              ../fpga_ip_demo_herkansing_bsp//libhal_bsp.a(alt_iic_isr_register.o) (alt_irq_entry)
../fpga_ip_demo_herkansing_bsp//libhal_bsp.a(alt_irq_handler.o)
                              ../fpga_ip_demo_herkansing_bsp//libhal_bsp.a(alt_iic_isr_register.o) (alt_irq)
../fpga_ip_demo_herkansing_bsp//libhal_bsp.a(alt_irq_vars.o)
                              ../fpga_ip_demo_herkansing_bsp//libhal_bsp.a(alt_iic.o) (alt_irq_active)
../fpga_ip_demo_herkansing_bsp//libhal_bsp.a(alt_open.o)
                              ../fpga_ip_demo_herkansing_bsp//libhal_bsp.a(alt_io_redirect.o) (open)
../fpga_ip_demo_herkansing_bsp//libhal_bsp.a(alt_release_fd.o)
                              ../fpga_ip_demo_herkansing_bsp//libhal_bsp.a(alt_close.o) (alt_release_fd)
../fpga_ip_demo_herkansing_bsp//libhal_bsp.a(alt_tick.o)
                              ../fpga_ip_demo_herkansing_bsp//libhal_bsp.a(altera_avalon_timer_sc.o) (_alt_tick_rate)
../fpga_ip_demo_herkansing_bsp//libhal_bsp.a(altera_nios2_qsys_irq.o)
                              ../fpga_ip_demo_herkansing_bsp//libhal_bsp.a(alt_sys_init.o) (altera_nios2_qsys_irq_init)
../fpga_ip_demo_herkansing_bsp//libhal_bsp.a(alt_exception_entry.o)
                              ../fpga_ip_demo_herkansing_bsp//libhal_bsp.a(alt_irq_entry.o) (alt_exception)
../fpga_ip_demo_herkansing_bsp//libhal_bsp.a(alt_find_dev.o)
                              ../fpga_ip_demo_herkansing_bsp//libhal_bsp.a(alt_open.o) (alt_find_dev)
../fpga_ip_demo_herkansing_bsp//libhal_bsp.a(alt_find_file.o)
                              ../fpga_ip_demo_herkansing_bsp//libhal_bsp.a(alt_open.o) (alt_find_file)
../fpga_ip_demo_herkansing_bsp//libhal_bsp.a(alt_get_fd.o)
                              ../fpga_ip_demo_herkansing_bsp//libhal_bsp.a(alt_open.o) (alt_get_fd)
../fpga_ip_demo_herkansing_bsp//libhal_bsp.a(alt_icache_flush.o)
                              ../fpga_ip_demo_herkansing_bsp//libhal_bsp.a(alt_icache_flush_all.o) (alt_icache_flush)
/opt/altera/13.1/nios2eds/bin/gnu/H-i686-pc-linux-gnu/bin/../lib/gcc/nios2-elf/4.7.3/../../../../../H-i686-pc-linux-gnu/nios2-elf/lib/mno-hw-mul/libsmallc.a(lib_a-exit.o)
                              ../fpga_ip_demo_herkansing_bsp//libhal_bsp.a(alt_main.o) (exit)
/opt/altera/13.1/nios2eds/bin/gnu/H-i686-pc-linux-gnu/bin/../lib/gcc/nios2-elf/4.7.3/../../../../../H-i686-pc-linux-gnu/nios2-elf/lib/mno-hw-mul/libsmallc.a(lib_a-memcmp.o)
                              ../fpga_ip_demo_herkansing_bsp//libhal_bsp.a(alt_find_dev.o) (memcmp)
/opt/altera/13.1/nios2eds/bin/gnu/H-i686-pc-linux-gnu/bin/../lib/gcc/nios2-elf/4.7.3/../../../../../H-i686-pc-linux-gnu/nios2-elf/lib/mno-hw-mul/libsmallc.a(lib_a-__call_atexit.o)
                              /opt/altera/13.1/nios2eds/bin/gnu/H-i686-pc-linux-gnu/bin/../lib/gcc/nios2-elf/4.7.3/../../../../../H-i686-pc-linux-gnu/nios2-elf/lib/mno-hw-mul/libsmallc.a(lib_a-exit.o) (__call_exitprocs)
../fpga_ip_demo_herkansing_bsp//libhal_bsp.a(alt_exit.o)
                              /opt/altera/13.1/nios2eds/bin/gnu/H-i686-pc-linux-gnu/bin/../lib/gcc/nios2-elf/4.7.3/../../../../../H-i686-pc-linux-gnu/nios2-elf/lib/mno-hw-mul/libsmallc.a(lib_a-exit.o) (_exit)

Allocating common symbols
Common symbol       size              file

alt_irq             0x100             ../fpga_ip_demo_herkansing_bsp//libhal_bsp.a(alt_irq_handler.o)
errno               0x4               /opt/altera/13.1/nios2eds/bin/gnu/H-i686-pc-linux-gnu/bin/../lib/gcc/nios2-elf/4.7.3/../../../../../H-i686-pc-linux-gnu/nios2-elf/lib/mno-hw-mul/libsmallc.a(lib_a-int_errno.o)

Memory Configuration

Name             Origin             Length             Attributes
reset            0x00008000         0x00000020
onchip_mem       0x00008020         0x00004fe0
*default*        0x00000000         0xffffffff

Linker script and memory map

LOAD ../fpga_ip_demo_herkansing_bsp//obj/HAL/src/crt0.o
LOAD obj/default/main.o
LOAD /opt/altera/13.1/nios2eds/bin/gnu/H-i686-pc-linux-gnu/bin/../lib/gcc/nios2-elf/4.7.3/../../../../../H-i686-pc-linux-gnu/nios2-elf/lib/mno-hw-mul/libstdc++.a
LOAD /opt/altera/13.1/nios2eds/bin/gnu/H-i686-pc-linux-gnu/bin/../lib/gcc/nios2-elf/4.7.3/../../../../../H-i686-pc-linux-gnu/nios2-elf/lib/mno-hw-mul/libm.a
LOAD /opt/altera/13.1/nios2eds/bin/gnu/H-i686-pc-linux-gnu/bin/../lib/gcc/nios2-elf/4.7.3/mno-hw-mul/libgcc.a
START GROUP
LOAD /opt/altera/13.1/nios2eds/bin/gnu/H-i686-pc-linux-gnu/bin/../lib/gcc/nios2-elf/4.7.3/../../../../../H-i686-pc-linux-gnu/nios2-elf/lib/mno-hw-mul/libsmallc.a
LOAD /opt/altera/13.1/nios2eds/bin/gnu/H-i686-pc-linux-gnu/bin/../lib/gcc/nios2-elf/4.7.3/mno-hw-mul/libgcc.a
LOAD ../fpga_ip_demo_herkansing_bsp//libhal_bsp.a
END GROUP
LOAD /opt/altera/13.1/nios2eds/bin/gnu/H-i686-pc-linux-gnu/bin/../lib/gcc/nios2-elf/4.7.3/mno-hw-mul/libgcc.a
                0x00008000                __alt_mem_onchip_mem = 0x8000

.entry          0x00008000       0x20
 *(.entry)
 .entry         0x00008000       0x20 ../fpga_ip_demo_herkansing_bsp//obj/HAL/src/crt0.o
                0x00008000                __reset

.exceptions     0x00008020      0x198
                0x00008020                PROVIDE (__ram_exceptions_start, ABSOLUTE (.))
                0x00008020                . = ALIGN (0x20)
 *(.irq)
 *(.exceptions.entry.label)
 .exceptions.entry.label
                0x00008020        0x0 ../fpga_ip_demo_herkansing_bsp//libhal_bsp.a(alt_irq_entry.o)
                0x00008020                alt_irq_entry
 .exceptions.entry.label
                0x00008020        0x0 ../fpga_ip_demo_herkansing_bsp//libhal_bsp.a(alt_exception_entry.o)
                0x00008020                alt_exception
 *(.exceptions.entry.user)
 *(.exceptions.entry.ecc_fatal)
 *(.exceptions.entry)
 .exceptions.entry
                0x00008020       0x54 ../fpga_ip_demo_herkansing_bsp//libhal_bsp.a(alt_exception_entry.o)
 *(.exceptions.irqtest.user)
 *(.exceptions.irqtest)
 .exceptions.irqtest
                0x00008074       0x10 ../fpga_ip_demo_herkansing_bsp//libhal_bsp.a(alt_irq_entry.o)
 *(.exceptions.irqhandler.user)
 *(.exceptions.irqhandler)
 .exceptions.irqhandler
                0x00008084        0x4 ../fpga_ip_demo_herkansing_bsp//libhal_bsp.a(alt_irq_entry.o)
 *(.exceptions.irqreturn.user)
 *(.exceptions.irqreturn)
 .exceptions.irqreturn
                0x00008088        0x4 ../fpga_ip_demo_herkansing_bsp//libhal_bsp.a(alt_irq_entry.o)
 *(.exceptions.notirq.label)
 .exceptions.notirq.label
                0x0000808c        0x0 ../fpga_ip_demo_herkansing_bsp//libhal_bsp.a(alt_irq_entry.o)
 *(.exceptions.notirq.user)
 *(.exceptions.notirq)
 .exceptions.notirq
                0x0000808c        0x8 ../fpga_ip_demo_herkansing_bsp//libhal_bsp.a(alt_exception_entry.o)
 *(.exceptions.soft.user)
 *(.exceptions.soft)
 *(.exceptions.unknown.user)
 *(.exceptions.unknown)
 .exceptions.unknown
                0x00008094        0x4 ../fpga_ip_demo_herkansing_bsp//libhal_bsp.a(alt_exception_entry.o)
 *(.exceptions.exit.label)
 .exceptions.exit.label
                0x00008098        0x0 ../fpga_ip_demo_herkansing_bsp//libhal_bsp.a(alt_irq_entry.o)
 .exceptions.exit.label
                0x00008098        0x0 ../fpga_ip_demo_herkansing_bsp//libhal_bsp.a(alt_exception_entry.o)
 *(.exceptions.exit.user)
 *(.exceptions.exit)
 .exceptions.exit
                0x00008098       0x54 ../fpga_ip_demo_herkansing_bsp//libhal_bsp.a(alt_exception_entry.o)
 *(.exceptions)
 .exceptions    0x000080ec       0xcc ../fpga_ip_demo_herkansing_bsp//libhal_bsp.a(alt_irq_handler.o)
                0x000080ec                alt_irq_handler
                0x000081b8                PROVIDE (__ram_exceptions_end, ABSOLUTE (.))
                0x00008020                PROVIDE (__flash_exceptions_start, LOADADDR (.exceptions))

.text           0x000081b8     0x2374
                0x000081b8                PROVIDE (stext, ABSOLUTE (.))
 *(.interp)
 *(.hash)
 *(.dynsym)
 *(.dynstr)
 *(.gnu.version)
 *(.gnu.version_d)
 *(.gnu.version_r)
 *(.rel.init)
 *(.rela.init)
 *(.rel.text .rel.text.* .rel.gnu.linkonce.t.*)
 *(.rela.text .rela.text.* .rela.gnu.linkonce.t.*)
 *(.rel.fini)
 *(.rela.fini)
 *(.rel.rodata .rel.rodata.* .rel.gnu.linkonce.r.*)
 *(.rela.rodata .rela.rodata.* .rela.gnu.linkonce.r.*)
 *(.rel.data .rel.data.* .rel.gnu.linkonce.d.*)
 *(.rela.data .rela.data.* .rela.gnu.linkonce.d.*)
 *(.rel.tdata .rel.tdata.* .rel.gnu.linkonce.td.*)
 *(.rela.tdata .rela.tdata.* .rela.gnu.linkonce.td.*)
 *(.rel.tbss .rel.tbss.* .rel.gnu.linkonce.tb.*)
 *(.rela.tbss .rela.tbss.* .rela.gnu.linkonce.tb.*)
 *(.rel.ctors)
 *(.rela.ctors)
 *(.rel.dtors)
 *(.rela.dtors)
 *(.rel.got)
 *(.rela.got)
 *(.rel.sdata .rel.sdata.* .rel.gnu.linkonce.s.*)
 *(.rela.sdata .rela.sdata.* .rela.gnu.linkonce.s.*)
 *(.rel.sbss .rel.sbss.* .rel.gnu.linkonce.sb.*)
 *(.rela.sbss .rela.sbss.* .rela.gnu.linkonce.sb.*)
 *(.rel.sdata2 .rel.sdata2.* .rel.gnu.linkonce.s2.*)
 *(.rela.sdata2 .rela.sdata2.* .rela.gnu.linkonce.s2.*)
 *(.rel.sbss2 .rel.sbss2.* .rel.gnu.linkonce.sb2.*)
 *(.rela.sbss2 .rela.sbss2.* .rela.gnu.linkonce.sb2.*)
 *(.rel.bss .rel.bss.* .rel.gnu.linkonce.b.*)
 *(.rela.bss .rela.bss.* .rela.gnu.linkonce.b.*)
 *(.rel.plt)
 *(.rela.plt)
 *(.rel.dyn)
 *(.init)
 *(.plt)
 *(.text .stub .text.* .gnu.linkonce.t.*)
 .text          0x000081b8       0x3c ../fpga_ip_demo_herkansing_bsp//obj/HAL/src/crt0.o
                0x000081b8                _start
 .text          0x000081f4       0x6c obj/default/main.o
                0x000081f4                main
 .text          0x00008260       0x88 /opt/altera/13.1/nios2eds/bin/gnu/H-i686-pc-linux-gnu/bin/../lib/gcc/nios2-elf/4.7.3/../../../../../H-i686-pc-linux-gnu/nios2-elf/lib/mno-hw-mul/libsmallc.a(lib_a-printf.o)
                0x00008260                _printf_r
                0x0000829c                printf
 .text          0x000082e8       0x94 /opt/altera/13.1/nios2eds/bin/gnu/H-i686-pc-linux-gnu/bin/../lib/gcc/nios2-elf/4.7.3/../../../../../H-i686-pc-linux-gnu/nios2-elf/lib/mno-hw-mul/libsmallc.a(lib_a-puts.o)
                0x000082e8                _puts_r
                0x00008368                puts
 .text          0x0000837c       0x28 /opt/altera/13.1/nios2eds/bin/gnu/H-i686-pc-linux-gnu/bin/../lib/gcc/nios2-elf/4.7.3/../../../../../H-i686-pc-linux-gnu/nios2-elf/lib/mno-hw-mul/libsmallc.a(lib_a-strlen.o)
                0x0000837c                strlen
 .text          0x000083a4      0x758 /opt/altera/13.1/nios2eds/bin/gnu/H-i686-pc-linux-gnu/bin/../lib/gcc/nios2-elf/4.7.3/../../../../../H-i686-pc-linux-gnu/nios2-elf/lib/mno-hw-mul/libsmallc.a(lib_a-vfprintf.o)
                0x000083a4                ___vfprintf_internal_r
                0x00008ad8                __vfprintf_internal
 .text          0x00008afc       0xe0 /opt/altera/13.1/nios2eds/bin/gnu/H-i686-pc-linux-gnu/bin/../lib/gcc/nios2-elf/4.7.3/../../../../../H-i686-pc-linux-gnu/nios2-elf/lib/mno-hw-mul/libsmallc.a(lib_a-fvwrite_small_dev.o)
                0x00008afc                __sfvwrite_small_dev
 .text          0x00008bdc        0x0 /opt/altera/13.1/nios2eds/bin/gnu/H-i686-pc-linux-gnu/bin/../lib/gcc/nios2-elf/4.7.3/../../../../../H-i686-pc-linux-gnu/nios2-elf/lib/mno-hw-mul/libsmallc.a(lib_a-impure.o)
 .text          0x00008bdc       0x6c /opt/altera/13.1/nios2eds/bin/gnu/H-i686-pc-linux-gnu/bin/../lib/gcc/nios2-elf/4.7.3/../../../../../H-i686-pc-linux-gnu/nios2-elf/lib/mno-hw-mul/libsmallc.a(lib_a-writer.o)
                0x00008bdc                _write_r
 .text          0x00008c48        0x0 /opt/altera/13.1/nios2eds/bin/gnu/H-i686-pc-linux-gnu/bin/../lib/gcc/nios2-elf/4.7.3/../../../../../H-i686-pc-linux-gnu/nios2-elf/lib/mno-hw-mul/libsmallc.a(lib_a-int_errno.o)
 .text          0x00008c48      0x130 /opt/altera/13.1/nios2eds/bin/gnu/H-i686-pc-linux-gnu/bin/../lib/gcc/nios2-elf/4.7.3/mno-hw-mul/libgcc.a(lib2-divmod.o)
                0x00008cbc                __divsi3
                0x00008d0c                __modsi3
                0x00008d68                __udivsi3
                0x00008d70                __umodsi3
 .text          0x00008d78       0x28 /opt/altera/13.1/nios2eds/bin/gnu/H-i686-pc-linux-gnu/bin/../lib/gcc/nios2-elf/4.7.3/mno-hw-mul/libgcc.a(lib2-mul.o)
                0x00008d78                __mulsi3
 .text          0x00008da0       0xec ../fpga_ip_demo_herkansing_bsp//libhal_bsp.a(alt_load.o)
                0x00008e0c                alt_load
 .text          0x00008e8c       0x68 ../fpga_ip_demo_herkansing_bsp//libhal_bsp.a(alt_main.o)
                0x00008e8c                alt_main
 .text          0x00008ef4      0x140 ../fpga_ip_demo_herkansing_bsp//libhal_bsp.a(alt_write.o)
                0x00008f44                write
 .text          0x00009034       0xb8 ../fpga_ip_demo_herkansing_bsp//libhal_bsp.a(alt_sys_init.o)
                0x0000906c                alt_irq_init
                0x000090a0                alt_sys_init
 .text          0x000090ec       0xc0 ../fpga_ip_demo_herkansing_bsp//libhal_bsp.a(altera_avalon_jtag_uart_fd.o)
                0x000090ec                altera_avalon_jtag_uart_read_fd
                0x0000914c                altera_avalon_jtag_uart_write_fd
 .text          0x000091ac       0xf4 ../fpga_ip_demo_herkansing_bsp//libhal_bsp.a(altera_avalon_jtag_uart_read.o)
                0x000091ac                altera_avalon_jtag_uart_read
 .text          0x000092a0       0x98 ../fpga_ip_demo_herkansing_bsp//libhal_bsp.a(altera_avalon_jtag_uart_write.o)
                0x000092a0                altera_avalon_jtag_uart_write
 .text          0x00009338       0xfc ../fpga_ip_demo_herkansing_bsp//libhal_bsp.a(altera_avalon_timer_sc.o)
                0x000093ac                alt_avalon_timer_sc_init
 .text          0x00009434      0x11c ../fpga_ip_demo_herkansing_bsp//libhal_bsp.a(alt_close.o)
                0x00009484                close
 .text          0x00009550       0x1c ../fpga_ip_demo_herkansing_bsp//libhal_bsp.a(alt_dcache_flush_all.o)
                0x00009550                alt_dcache_flush_all
 .text          0x0000956c       0x2c ../fpga_ip_demo_herkansing_bsp//libhal_bsp.a(alt_dev.o)
 .text          0x00009598       0xf0 ../fpga_ip_demo_herkansing_bsp//libhal_bsp.a(alt_dev_llist_insert.o)
                0x000095e8                alt_dev_llist_insert
 .text          0x00009688        0x0 ../fpga_ip_demo_herkansing_bsp//libhal_bsp.a(alt_errno.o)
 .text          0x00009688       0x30 ../fpga_ip_demo_herkansing_bsp//libhal_bsp.a(alt_icache_flush_all.o)
                0x00009688                alt_icache_flush_all
 .text          0x000096b8      0x1d8 ../fpga_ip_demo_herkansing_bsp//libhal_bsp.a(alt_iic.o)
                0x000096b8                alt_ic_isr_register
                0x00009708                alt_ic_irq_enable
                0x000097a4                alt_ic_irq_disable
                0x00009844                alt_ic_irq_enabled
 .text          0x00009890       0xf0 ../fpga_ip_demo_herkansing_bsp//libhal_bsp.a(alt_iic_isr_register.o)
                0x00009890                alt_iic_isr_register
 .text          0x00009980      0x158 ../fpga_ip_demo_herkansing_bsp//libhal_bsp.a(alt_io_redirect.o)
                0x00009a60                alt_io_redirect
 .text          0x00009ad8        0x0 ../fpga_ip_demo_herkansing_bsp//libhal_bsp.a(alt_irq_entry.o)
 .text          0x00009ad8        0x0 ../fpga_ip_demo_herkansing_bsp//libhal_bsp.a(alt_irq_handler.o)
 .text          0x00009ad8        0x0 ../fpga_ip_demo_herkansing_bsp//libhal_bsp.a(alt_irq_vars.o)
 .text          0x00009ad8      0x298 ../fpga_ip_demo_herkansing_bsp//libhal_bsp.a(alt_open.o)
                0x00009c18                open
 .text          0x00009d70       0x80 ../fpga_ip_demo_herkansing_bsp//libhal_bsp.a(alt_release_fd.o)
                0x00009d70                alt_release_fd
 .text          0x00009df0      0x19c ../fpga_ip_demo_herkansing_bsp//libhal_bsp.a(alt_tick.o)
                0x00009df0                alt_alarm_stop
                0x00009e88                alt_tick
 .text          0x00009f8c       0x20 ../fpga_ip_demo_herkansing_bsp//libhal_bsp.a(altera_nios2_qsys_irq.o)
                0x00009f8c                altera_nios2_qsys_irq_init
 .text          0x00009fac        0x0 ../fpga_ip_demo_herkansing_bsp//libhal_bsp.a(alt_exception_entry.o)
 .text          0x00009fac       0x90 ../fpga_ip_demo_herkansing_bsp//libhal_bsp.a(alt_find_dev.o)
                0x00009fac                alt_find_dev
 .text          0x0000a03c      0x114 ../fpga_ip_demo_herkansing_bsp//libhal_bsp.a(alt_find_file.o)
                0x0000a03c                alt_find_file
 .text          0x0000a150       0xd4 ../fpga_ip_demo_herkansing_bsp//libhal_bsp.a(alt_get_fd.o)
                0x0000a150                alt_get_fd
 .text          0x0000a224       0x8c ../fpga_ip_demo_herkansing_bsp//libhal_bsp.a(alt_icache_flush.o)
                0x0000a224                alt_icache_flush
 .text          0x0000a2b0       0x20 /opt/altera/13.1/nios2eds/bin/gnu/H-i686-pc-linux-gnu/bin/../lib/gcc/nios2-elf/4.7.3/../../../../../H-i686-pc-linux-gnu/nios2-elf/lib/mno-hw-mul/libsmallc.a(lib_a-exit.o)
                0x0000a2b0                exit
 .text          0x0000a2d0       0x48 /opt/altera/13.1/nios2eds/bin/gnu/H-i686-pc-linux-gnu/bin/../lib/gcc/nios2-elf/4.7.3/../../../../../H-i686-pc-linux-gnu/nios2-elf/lib/mno-hw-mul/libsmallc.a(lib_a-memcmp.o)
                0x0000a2d0                memcmp
 .text          0x0000a318      0x1d8 /opt/altera/13.1/nios2eds/bin/gnu/H-i686-pc-linux-gnu/bin/../lib/gcc/nios2-elf/4.7.3/../../../../../H-i686-pc-linux-gnu/nios2-elf/lib/mno-hw-mul/libsmallc.a(lib_a-__call_atexit.o)
                0x0000a318                __call_exitprocs
 .text          0x0000a4f0       0x3c ../fpga_ip_demo_herkansing_bsp//libhal_bsp.a(alt_exit.o)
                0x0000a4f0                _exit
 *(.gnu.warning.*)
 *(.fini)
                0x0000a52c                PROVIDE (__etext, ABSOLUTE (.))
                0x0000a52c                PROVIDE (_etext, ABSOLUTE (.))
                0x0000a52c                PROVIDE (etext, ABSOLUTE (.))
 *(.eh_frame_hdr)
                0x0000a52c                . = ALIGN (0x4)
                0x0000a52c                PROVIDE (__preinit_array_start, ABSOLUTE (.))
 *(.preinit_array)
                0x0000a52c                PROVIDE (__preinit_array_end, ABSOLUTE (.))
                0x0000a52c                PROVIDE (__init_array_start, ABSOLUTE (.))
 *(.init_array)
                0x0000a52c                PROVIDE (__init_array_end, ABSOLUTE (.))
                0x0000a52c                PROVIDE (__fini_array_start, ABSOLUTE (.))
 *(.fini_array)
                0x0000a52c                PROVIDE (__fini_array_end, ABSOLUTE (.))
 *(.eh_frame)
 *(.gcc_except_table .gcc_except_table.*)
 *(.dynamic)
                0x0000a52c                PROVIDE (__CTOR_LIST__, ABSOLUTE (.))
 *(.ctors)
 *(SORT(.ctors.*))
                0x0000a52c                PROVIDE (__CTOR_END__, ABSOLUTE (.))
                0x0000a52c                PROVIDE (__DTOR_LIST__, ABSOLUTE (.))
 *(.dtors)
 *(SORT(.dtors.*))
                0x0000a52c                PROVIDE (__DTOR_END__, ABSOLUTE (.))
 *(.jcr)
                0x0000a52c                . = ALIGN (0x4)

.rodata         0x0000a52c       0x5c
                0x0000a52c                PROVIDE (__ram_rodata_start, ABSOLUTE (.))
                0x0000a52c                . = ALIGN (0x4)
 *(.rodata .rodata.* .gnu.linkonce.r.*)
 .rodata        0x0000a52c       0x2c obj/default/main.o
 .rodata.str1.4
                0x0000a558        0x4 /opt/altera/13.1/nios2eds/bin/gnu/H-i686-pc-linux-gnu/bin/../lib/gcc/nios2-elf/4.7.3/../../../../../H-i686-pc-linux-gnu/nios2-elf/lib/mno-hw-mul/libsmallc.a(lib_a-puts.o)
 .rodata        0x0000a55c       0x10 ../fpga_ip_demo_herkansing_bsp//libhal_bsp.a(alt_main.o)
 .rodata        0x0000a56c       0x10 ../fpga_ip_demo_herkansing_bsp//libhal_bsp.a(alt_sys_init.o)
 .rodata        0x0000a57c        0xc ../fpga_ip_demo_herkansing_bsp//libhal_bsp.a(alt_dev.o)
 *(.rodata1)
                0x0000a588                . = ALIGN (0x4)
                0x0000a588                PROVIDE (__ram_rodata_end, ABSOLUTE (.))
                0x0000a52c                PROVIDE (__flash_rodata_start, LOADADDR (.rodata))

.rwdata         0x0000a588      0x2e0 load address 0x0000a868
                0x0000a588                PROVIDE (__ram_rwdata_start, ABSOLUTE (.))
                0x0000a588                . = ALIGN (0x4)
 *(.got.plt)
 *(.got)
 *(.data1)
 *(.data .data.* .gnu.linkonce.d.*)
 .data          0x0000a588        0x0 ../fpga_ip_demo_herkansing_bsp//obj/HAL/src/crt0.o
 .data          0x0000a588        0x0 obj/default/main.o
 .data          0x0000a588        0x0 /opt/altera/13.1/nios2eds/bin/gnu/H-i686-pc-linux-gnu/bin/../lib/gcc/nios2-elf/4.7.3/../../../../../H-i686-pc-linux-gnu/nios2-elf/lib/mno-hw-mul/libsmallc.a(lib_a-printf.o)
 .data          0x0000a588        0x0 /opt/altera/13.1/nios2eds/bin/gnu/H-i686-pc-linux-gnu/bin/../lib/gcc/nios2-elf/4.7.3/../../../../../H-i686-pc-linux-gnu/nios2-elf/lib/mno-hw-mul/libsmallc.a(lib_a-puts.o)
 .data          0x0000a588        0x0 /opt/altera/13.1/nios2eds/bin/gnu/H-i686-pc-linux-gnu/bin/../lib/gcc/nios2-elf/4.7.3/../../../../../H-i686-pc-linux-gnu/nios2-elf/lib/mno-hw-mul/libsmallc.a(lib_a-strlen.o)
 .data          0x0000a588        0x0 /opt/altera/13.1/nios2eds/bin/gnu/H-i686-pc-linux-gnu/bin/../lib/gcc/nios2-elf/4.7.3/../../../../../H-i686-pc-linux-gnu/nios2-elf/lib/mno-hw-mul/libsmallc.a(lib_a-vfprintf.o)
 .data          0x0000a588        0x0 /opt/altera/13.1/nios2eds/bin/gnu/H-i686-pc-linux-gnu/bin/../lib/gcc/nios2-elf/4.7.3/../../../../../H-i686-pc-linux-gnu/nios2-elf/lib/mno-hw-mul/libsmallc.a(lib_a-fvwrite_small_dev.o)
 .data          0x0000a588       0xe0 /opt/altera/13.1/nios2eds/bin/gnu/H-i686-pc-linux-gnu/bin/../lib/gcc/nios2-elf/4.7.3/../../../../../H-i686-pc-linux-gnu/nios2-elf/lib/mno-hw-mul/libsmallc.a(lib_a-impure.o)
 .data          0x0000a668        0x0 /opt/altera/13.1/nios2eds/bin/gnu/H-i686-pc-linux-gnu/bin/../lib/gcc/nios2-elf/4.7.3/../../../../../H-i686-pc-linux-gnu/nios2-elf/lib/mno-hw-mul/libsmallc.a(lib_a-writer.o)
 .data          0x0000a668        0x0 /opt/altera/13.1/nios2eds/bin/gnu/H-i686-pc-linux-gnu/bin/../lib/gcc/nios2-elf/4.7.3/../../../../../H-i686-pc-linux-gnu/nios2-elf/lib/mno-hw-mul/libsmallc.a(lib_a-int_errno.o)
 .data          0x0000a668        0x0 /opt/altera/13.1/nios2eds/bin/gnu/H-i686-pc-linux-gnu/bin/../lib/gcc/nios2-elf/4.7.3/mno-hw-mul/libgcc.a(lib2-divmod.o)
 .data          0x0000a668        0x0 /opt/altera/13.1/nios2eds/bin/gnu/H-i686-pc-linux-gnu/bin/../lib/gcc/nios2-elf/4.7.3/mno-hw-mul/libgcc.a(lib2-mul.o)
 .data          0x0000a668        0x0 ../fpga_ip_demo_herkansing_bsp//libhal_bsp.a(alt_load.o)
 .data          0x0000a668        0x0 ../fpga_ip_demo_herkansing_bsp//libhal_bsp.a(alt_main.o)
 .data          0x0000a668        0x0 ../fpga_ip_demo_herkansing_bsp//libhal_bsp.a(alt_write.o)
 .data          0x0000a668       0x2c ../fpga_ip_demo_herkansing_bsp//libhal_bsp.a(alt_sys_init.o)
 .data          0x0000a694        0x0 ../fpga_ip_demo_herkansing_bsp//libhal_bsp.a(altera_avalon_jtag_uart_fd.o)
 .data          0x0000a694        0x0 ../fpga_ip_demo_herkansing_bsp//libhal_bsp.a(altera_avalon_jtag_uart_read.o)
 .data          0x0000a694        0x0 ../fpga_ip_demo_herkansing_bsp//libhal_bsp.a(altera_avalon_jtag_uart_write.o)
 .data          0x0000a694        0x0 ../fpga_ip_demo_herkansing_bsp//libhal_bsp.a(altera_avalon_timer_sc.o)
 .data          0x0000a694        0x0 ../fpga_ip_demo_herkansing_bsp//libhal_bsp.a(alt_close.o)
 .data          0x0000a694        0x0 ../fpga_ip_demo_herkansing_bsp//libhal_bsp.a(alt_dcache_flush_all.o)
 .data          0x0000a694      0x1a8 ../fpga_ip_demo_herkansing_bsp//libhal_bsp.a(alt_dev.o)
                0x0000a694                alt_dev_null
                0x0000a6bc                alt_fd_list
 .data          0x0000a83c        0x0 ../fpga_ip_demo_herkansing_bsp//libhal_bsp.a(alt_dev_llist_insert.o)
 .data          0x0000a83c        0x0 ../fpga_ip_demo_herkansing_bsp//libhal_bsp.a(alt_errno.o)
 .data          0x0000a83c        0x0 ../fpga_ip_demo_herkansing_bsp//libhal_bsp.a(alt_icache_flush_all.o)
 .data          0x0000a83c        0x0 ../fpga_ip_demo_herkansing_bsp//libhal_bsp.a(alt_iic.o)
 .data          0x0000a83c        0x0 ../fpga_ip_demo_herkansing_bsp//libhal_bsp.a(alt_iic_isr_register.o)
 .data          0x0000a83c        0x0 ../fpga_ip_demo_herkansing_bsp//libhal_bsp.a(alt_io_redirect.o)
 .data          0x0000a83c        0x0 ../fpga_ip_demo_herkansing_bsp//libhal_bsp.a(alt_irq_entry.o)
 .data          0x0000a83c        0x0 ../fpga_ip_demo_herkansing_bsp//libhal_bsp.a(alt_irq_handler.o)
 .data          0x0000a83c        0x0 ../fpga_ip_demo_herkansing_bsp//libhal_bsp.a(alt_irq_vars.o)
 .data          0x0000a83c        0x0 ../fpga_ip_demo_herkansing_bsp//libhal_bsp.a(alt_open.o)
 .data          0x0000a83c        0x0 ../fpga_ip_demo_herkansing_bsp//libhal_bsp.a(alt_release_fd.o)
 .data          0x0000a83c        0x0 ../fpga_ip_demo_herkansing_bsp//libhal_bsp.a(alt_tick.o)
 .data          0x0000a83c        0x0 ../fpga_ip_demo_herkansing_bsp//libhal_bsp.a(altera_nios2_qsys_irq.o)
 .data          0x0000a83c        0x0 ../fpga_ip_demo_herkansing_bsp//libhal_bsp.a(alt_exception_entry.o)
 .data          0x0000a83c        0x0 ../fpga_ip_demo_herkansing_bsp//libhal_bsp.a(alt_find_dev.o)
 .data          0x0000a83c        0x0 ../fpga_ip_demo_herkansing_bsp//libhal_bsp.a(alt_find_file.o)
 .data          0x0000a83c        0x0 ../fpga_ip_demo_herkansing_bsp//libhal_bsp.a(alt_get_fd.o)
 .data          0x0000a83c        0x0 ../fpga_ip_demo_herkansing_bsp//libhal_bsp.a(alt_icache_flush.o)
 .data          0x0000a83c        0x0 /opt/altera/13.1/nios2eds/bin/gnu/H-i686-pc-linux-gnu/bin/../lib/gcc/nios2-elf/4.7.3/../../../../../H-i686-pc-linux-gnu/nios2-elf/lib/mno-hw-mul/libsmallc.a(lib_a-exit.o)
 .data          0x0000a83c        0x0 /opt/altera/13.1/nios2eds/bin/gnu/H-i686-pc-linux-gnu/bin/../lib/gcc/nios2-elf/4.7.3/../../../../../H-i686-pc-linux-gnu/nios2-elf/lib/mno-hw-mul/libsmallc.a(lib_a-memcmp.o)
 .data          0x0000a83c        0x0 /opt/altera/13.1/nios2eds/bin/gnu/H-i686-pc-linux-gnu/bin/../lib/gcc/nios2-elf/4.7.3/../../../../../H-i686-pc-linux-gnu/nios2-elf/lib/mno-hw-mul/libsmallc.a(lib_a-__call_atexit.o)
 .data          0x0000a83c        0x0 ../fpga_ip_demo_herkansing_bsp//libhal_bsp.a(alt_exit.o)
                0x0001283c                _gp = ABSOLUTE ((. + 0x8000))
                0x0001283c                PROVIDE (gp, _gp)
 *(.rwdata .rwdata.*)
 *(.sdata .sdata.* .gnu.linkonce.s.*)
 .sdata         0x0000a83c        0x8 /opt/altera/13.1/nios2eds/bin/gnu/H-i686-pc-linux-gnu/bin/../lib/gcc/nios2-elf/4.7.3/../../../../../H-i686-pc-linux-gnu/nios2-elf/lib/mno-hw-mul/libsmallc.a(lib_a-impure.o)
                0x0000a83c                _global_impure_ptr
                0x0000a840                _impure_ptr
 .sdata         0x0000a844       0x14 ../fpga_ip_demo_herkansing_bsp//libhal_bsp.a(alt_dev.o)
                0x0000a844                alt_fs_list
                0x0000a84c                alt_dev_list
                0x0000a854                alt_max_fd
 .sdata         0x0000a858        0x4 ../fpga_ip_demo_herkansing_bsp//libhal_bsp.a(alt_errno.o)
                0x0000a858                alt_errno
 .sdata         0x0000a85c        0x4 ../fpga_ip_demo_herkansing_bsp//libhal_bsp.a(alt_irq_vars.o)
                0x0000a85c                alt_priority_mask
 .sdata         0x0000a860        0x8 ../fpga_ip_demo_herkansing_bsp//libhal_bsp.a(alt_tick.o)
                0x0000a860                alt_alarm_list
 *(.sdata2 .sdata2.* .gnu.linkonce.s2.*)
                0x0000a868                . = ALIGN (0x4)
                0x0000a868                _edata = ABSOLUTE (.)
                0x0000a868                PROVIDE (edata, ABSOLUTE (.))
                0x0000a868                PROVIDE (__ram_rwdata_end, ABSOLUTE (.))
                0x0000a868                PROVIDE (__flash_rwdata_start, LOADADDR (.rwdata))

.bss            0x0000ab48      0x11c
                0x0000ab48                __bss_start = ABSOLUTE (.)
                0x0000ab48                PROVIDE (__sbss_start, ABSOLUTE (.))
                0x0000ab48                PROVIDE (___sbss_start, ABSOLUTE (.))
 *(.dynsbss)
 *(.sbss .sbss.* .gnu.linkonce.sb.*)
 .sbss          0x0000ab48        0x4 /opt/altera/13.1/nios2eds/bin/gnu/H-i686-pc-linux-gnu/bin/../lib/gcc/nios2-elf/4.7.3/../../../../../H-i686-pc-linux-gnu/nios2-elf/lib/mno-hw-mul/libsmallc.a(lib_a-int_errno.o)
                0x0000ab48                errno
 .sbss          0x0000ab4c        0xc ../fpga_ip_demo_herkansing_bsp//libhal_bsp.a(alt_main.o)
                0x0000ab4c                alt_argc
                0x0000ab50                alt_argv
                0x0000ab54                alt_envp
 .sbss          0x0000ab58        0x4 ../fpga_ip_demo_herkansing_bsp//libhal_bsp.a(alt_irq_vars.o)
                0x0000ab58                alt_irq_active
 .sbss          0x0000ab5c        0x8 ../fpga_ip_demo_herkansing_bsp//libhal_bsp.a(alt_tick.o)
                0x0000ab5c                _alt_tick_rate
                0x0000ab60                _alt_nticks
 *(.sbss2 .sbss2.* .gnu.linkonce.sb2.*)
 *(.scommon)
                0x0000ab64                PROVIDE (__sbss_end, ABSOLUTE (.))
                0x0000ab64                PROVIDE (___sbss_end, ABSOLUTE (.))
 *(.dynbss)
 *(.bss .bss.* .gnu.linkonce.b.*)
 .bss           0x0000ab64        0x0 ../fpga_ip_demo_herkansing_bsp//obj/HAL/src/crt0.o
 .bss           0x0000ab64        0x0 obj/default/main.o
 .bss           0x0000ab64        0x0 /opt/altera/13.1/nios2eds/bin/gnu/H-i686-pc-linux-gnu/bin/../lib/gcc/nios2-elf/4.7.3/../../../../../H-i686-pc-linux-gnu/nios2-elf/lib/mno-hw-mul/libsmallc.a(lib_a-printf.o)
 .bss           0x0000ab64        0x0 /opt/altera/13.1/nios2eds/bin/gnu/H-i686-pc-linux-gnu/bin/../lib/gcc/nios2-elf/4.7.3/../../../../../H-i686-pc-linux-gnu/nios2-elf/lib/mno-hw-mul/libsmallc.a(lib_a-puts.o)
 .bss           0x0000ab64        0x0 /opt/altera/13.1/nios2eds/bin/gnu/H-i686-pc-linux-gnu/bin/../lib/gcc/nios2-elf/4.7.3/../../../../../H-i686-pc-linux-gnu/nios2-elf/lib/mno-hw-mul/libsmallc.a(lib_a-strlen.o)
 .bss           0x0000ab64        0x0 /opt/altera/13.1/nios2eds/bin/gnu/H-i686-pc-linux-gnu/bin/../lib/gcc/nios2-elf/4.7.3/../../../../../H-i686-pc-linux-gnu/nios2-elf/lib/mno-hw-mul/libsmallc.a(lib_a-vfprintf.o)
 .bss           0x0000ab64        0x0 /opt/altera/13.1/nios2eds/bin/gnu/H-i686-pc-linux-gnu/bin/../lib/gcc/nios2-elf/4.7.3/../../../../../H-i686-pc-linux-gnu/nios2-elf/lib/mno-hw-mul/libsmallc.a(lib_a-fvwrite_small_dev.o)
 .bss           0x0000ab64        0x0 /opt/altera/13.1/nios2eds/bin/gnu/H-i686-pc-linux-gnu/bin/../lib/gcc/nios2-elf/4.7.3/../../../../../H-i686-pc-linux-gnu/nios2-elf/lib/mno-hw-mul/libsmallc.a(lib_a-impure.o)
 .bss           0x0000ab64        0x0 /opt/altera/13.1/nios2eds/bin/gnu/H-i686-pc-linux-gnu/bin/../lib/gcc/nios2-elf/4.7.3/../../../../../H-i686-pc-linux-gnu/nios2-elf/lib/mno-hw-mul/libsmallc.a(lib_a-writer.o)
 .bss           0x0000ab64        0x0 /opt/altera/13.1/nios2eds/bin/gnu/H-i686-pc-linux-gnu/bin/../lib/gcc/nios2-elf/4.7.3/../../../../../H-i686-pc-linux-gnu/nios2-elf/lib/mno-hw-mul/libsmallc.a(lib_a-int_errno.o)
 .bss           0x0000ab64        0x0 /opt/altera/13.1/nios2eds/bin/gnu/H-i686-pc-linux-gnu/bin/../lib/gcc/nios2-elf/4.7.3/mno-hw-mul/libgcc.a(lib2-divmod.o)
 .bss           0x0000ab64        0x0 /opt/altera/13.1/nios2eds/bin/gnu/H-i686-pc-linux-gnu/bin/../lib/gcc/nios2-elf/4.7.3/mno-hw-mul/libgcc.a(lib2-mul.o)
 .bss           0x0000ab64        0x0 ../fpga_ip_demo_herkansing_bsp//libhal_bsp.a(alt_load.o)
 .bss           0x0000ab64        0x0 ../fpga_ip_demo_herkansing_bsp//libhal_bsp.a(alt_main.o)
 .bss           0x0000ab64        0x0 ../fpga_ip_demo_herkansing_bsp//libhal_bsp.a(alt_write.o)
 .bss           0x0000ab64        0x0 ../fpga_ip_demo_herkansing_bsp//libhal_bsp.a(alt_sys_init.o)
 .bss           0x0000ab64        0x0 ../fpga_ip_demo_herkansing_bsp//libhal_bsp.a(altera_avalon_jtag_uart_fd.o)
 .bss           0x0000ab64        0x0 ../fpga_ip_demo_herkansing_bsp//libhal_bsp.a(altera_avalon_jtag_uart_read.o)
 .bss           0x0000ab64        0x0 ../fpga_ip_demo_herkansing_bsp//libhal_bsp.a(altera_avalon_jtag_uart_write.o)
 .bss           0x0000ab64        0x0 ../fpga_ip_demo_herkansing_bsp//libhal_bsp.a(altera_avalon_timer_sc.o)
 .bss           0x0000ab64        0x0 ../fpga_ip_demo_herkansing_bsp//libhal_bsp.a(alt_close.o)
 .bss           0x0000ab64        0x0 ../fpga_ip_demo_herkansing_bsp//libhal_bsp.a(alt_dcache_flush_all.o)
 .bss           0x0000ab64        0x0 ../fpga_ip_demo_herkansing_bsp//libhal_bsp.a(alt_dev.o)
 .bss           0x0000ab64        0x0 ../fpga_ip_demo_herkansing_bsp//libhal_bsp.a(alt_dev_llist_insert.o)
 .bss           0x0000ab64        0x0 ../fpga_ip_demo_herkansing_bsp//libhal_bsp.a(alt_errno.o)
 .bss           0x0000ab64        0x0 ../fpga_ip_demo_herkansing_bsp//libhal_bsp.a(alt_icache_flush_all.o)
 .bss           0x0000ab64        0x0 ../fpga_ip_demo_herkansing_bsp//libhal_bsp.a(alt_iic.o)
 .bss           0x0000ab64        0x0 ../fpga_ip_demo_herkansing_bsp//libhal_bsp.a(alt_iic_isr_register.o)
 .bss           0x0000ab64        0x0 ../fpga_ip_demo_herkansing_bsp//libhal_bsp.a(alt_io_redirect.o)
 .bss           0x0000ab64        0x0 ../fpga_ip_demo_herkansing_bsp//libhal_bsp.a(alt_irq_entry.o)
 .bss           0x0000ab64        0x0 ../fpga_ip_demo_herkansing_bsp//libhal_bsp.a(alt_irq_handler.o)
 .bss           0x0000ab64        0x0 ../fpga_ip_demo_herkansing_bsp//libhal_bsp.a(alt_irq_vars.o)
 .bss           0x0000ab64        0x0 ../fpga_ip_demo_herkansing_bsp//libhal_bsp.a(alt_open.o)
 .bss           0x0000ab64        0x0 ../fpga_ip_demo_herkansing_bsp//libhal_bsp.a(alt_release_fd.o)
 .bss           0x0000ab64        0x0 ../fpga_ip_demo_herkansing_bsp//libhal_bsp.a(alt_tick.o)
 .bss           0x0000ab64        0x0 ../fpga_ip_demo_herkansing_bsp//libhal_bsp.a(altera_nios2_qsys_irq.o)
 .bss           0x0000ab64        0x0 ../fpga_ip_demo_herkansing_bsp//libhal_bsp.a(alt_exception_entry.o)
 .bss           0x0000ab64        0x0 ../fpga_ip_demo_herkansing_bsp//libhal_bsp.a(alt_find_dev.o)
 .bss           0x0000ab64        0x0 ../fpga_ip_demo_herkansing_bsp//libhal_bsp.a(alt_find_file.o)
 .bss           0x0000ab64        0x0 ../fpga_ip_demo_herkansing_bsp//libhal_bsp.a(alt_get_fd.o)
 .bss           0x0000ab64        0x0 ../fpga_ip_demo_herkansing_bsp//libhal_bsp.a(alt_icache_flush.o)
 .bss           0x0000ab64        0x0 /opt/altera/13.1/nios2eds/bin/gnu/H-i686-pc-linux-gnu/bin/../lib/gcc/nios2-elf/4.7.3/../../../../../H-i686-pc-linux-gnu/nios2-elf/lib/mno-hw-mul/libsmallc.a(lib_a-exit.o)
 .bss           0x0000ab64        0x0 /opt/altera/13.1/nios2eds/bin/gnu/H-i686-pc-linux-gnu/bin/../lib/gcc/nios2-elf/4.7.3/../../../../../H-i686-pc-linux-gnu/nios2-elf/lib/mno-hw-mul/libsmallc.a(lib_a-memcmp.o)
 .bss           0x0000ab64        0x0 /opt/altera/13.1/nios2eds/bin/gnu/H-i686-pc-linux-gnu/bin/../lib/gcc/nios2-elf/4.7.3/../../../../../H-i686-pc-linux-gnu/nios2-elf/lib/mno-hw-mul/libsmallc.a(lib_a-__call_atexit.o)
 .bss           0x0000ab64        0x0 ../fpga_ip_demo_herkansing_bsp//libhal_bsp.a(alt_exit.o)
 *(COMMON)
 COMMON         0x0000ab64      0x100 ../fpga_ip_demo_herkansing_bsp//libhal_bsp.a(alt_irq_handler.o)
                0x0000ab64                alt_irq
                0x0000ac64                . = ALIGN (0x4)
                0x0000ac64                __bss_end = ABSOLUTE (.)

.onchip_mem     0x0000ac64        0x0
                0x0000ac64                PROVIDE (_alt_partition_onchip_mem_start, ABSOLUTE (.))
 *(.onchip_mem .onchip_mem. onchip_mem.*)
                0x0000ac64                . = ALIGN (0x4)
                0x0000ac64                PROVIDE (_alt_partition_onchip_mem_end, ABSOLUTE (.))
                0x0000ac64                _end = ABSOLUTE (.)
                0x0000ac64                end = ABSOLUTE (.)
                0x0000ac64                __alt_stack_base = ABSOLUTE (.)
                0x0000ac64                PROVIDE (_alt_partition_onchip_mem_load_addr, LOADADDR (.onchip_mem))

.stab
 *(.stab)

.stabstr
 *(.stabstr)

.stab.excl
 *(.stab.excl)

.stab.exclstr
 *(.stab.exclstr)

.stab.index
 *(.stab.index)

.stab.indexstr
 *(.stab.indexstr)

.comment        0x00000000       0x23
 *(.comment)
 .comment       0x00000000       0x23 obj/default/main.o
                                 0x24 (size before relaxing)
 .comment       0x00000000       0x24 /opt/altera/13.1/nios2eds/bin/gnu/H-i686-pc-linux-gnu/bin/../lib/gcc/nios2-elf/4.7.3/../../../../../H-i686-pc-linux-gnu/nios2-elf/lib/mno-hw-mul/libsmallc.a(lib_a-printf.o)
 .comment       0x00000000       0x24 /opt/altera/13.1/nios2eds/bin/gnu/H-i686-pc-linux-gnu/bin/../lib/gcc/nios2-elf/4.7.3/../../../../../H-i686-pc-linux-gnu/nios2-elf/lib/mno-hw-mul/libsmallc.a(lib_a-puts.o)
 .comment       0x00000000       0x24 /opt/altera/13.1/nios2eds/bin/gnu/H-i686-pc-linux-gnu/bin/../lib/gcc/nios2-elf/4.7.3/../../../../../H-i686-pc-linux-gnu/nios2-elf/lib/mno-hw-mul/libsmallc.a(lib_a-strlen.o)
 .comment       0x00000000       0x24 /opt/altera/13.1/nios2eds/bin/gnu/H-i686-pc-linux-gnu/bin/../lib/gcc/nios2-elf/4.7.3/../../../../../H-i686-pc-linux-gnu/nios2-elf/lib/mno-hw-mul/libsmallc.a(lib_a-vfprintf.o)
 .comment       0x00000000       0x24 /opt/altera/13.1/nios2eds/bin/gnu/H-i686-pc-linux-gnu/bin/../lib/gcc/nios2-elf/4.7.3/../../../../../H-i686-pc-linux-gnu/nios2-elf/lib/mno-hw-mul/libsmallc.a(lib_a-fvwrite_small_dev.o)
 .comment       0x00000000       0x24 /opt/altera/13.1/nios2eds/bin/gnu/H-i686-pc-linux-gnu/bin/../lib/gcc/nios2-elf/4.7.3/../../../../../H-i686-pc-linux-gnu/nios2-elf/lib/mno-hw-mul/libsmallc.a(lib_a-impure.o)
 .comment       0x00000000       0x24 /opt/altera/13.1/nios2eds/bin/gnu/H-i686-pc-linux-gnu/bin/../lib/gcc/nios2-elf/4.7.3/../../../../../H-i686-pc-linux-gnu/nios2-elf/lib/mno-hw-mul/libsmallc.a(lib_a-writer.o)
 .comment       0x00000000       0x24 /opt/altera/13.1/nios2eds/bin/gnu/H-i686-pc-linux-gnu/bin/../lib/gcc/nios2-elf/4.7.3/../../../../../H-i686-pc-linux-gnu/nios2-elf/lib/mno-hw-mul/libsmallc.a(lib_a-int_errno.o)
 .comment       0x00000000       0x24 /opt/altera/13.1/nios2eds/bin/gnu/H-i686-pc-linux-gnu/bin/../lib/gcc/nios2-elf/4.7.3/mno-hw-mul/libgcc.a(lib2-divmod.o)
 .comment       0x00000000       0x24 /opt/altera/13.1/nios2eds/bin/gnu/H-i686-pc-linux-gnu/bin/../lib/gcc/nios2-elf/4.7.3/mno-hw-mul/libgcc.a(lib2-mul.o)
 .comment       0x00000000       0x24 ../fpga_ip_demo_herkansing_bsp//libhal_bsp.a(alt_load.o)
 .comment       0x00000000       0x24 ../fpga_ip_demo_herkansing_bsp//libhal_bsp.a(alt_main.o)
 .comment       0x00000000       0x24 ../fpga_ip_demo_herkansing_bsp//libhal_bsp.a(alt_write.o)
 .comment       0x00000000       0x24 ../fpga_ip_demo_herkansing_bsp//libhal_bsp.a(alt_sys_init.o)
 .comment       0x00000000       0x24 ../fpga_ip_demo_herkansing_bsp//libhal_bsp.a(altera_avalon_jtag_uart_fd.o)
 .comment       0x00000000       0x24 ../fpga_ip_demo_herkansing_bsp//libhal_bsp.a(altera_avalon_jtag_uart_read.o)
 .comment       0x00000000       0x24 ../fpga_ip_demo_herkansing_bsp//libhal_bsp.a(altera_avalon_jtag_uart_write.o)
 .comment       0x00000000       0x24 ../fpga_ip_demo_herkansing_bsp//libhal_bsp.a(altera_avalon_timer_sc.o)
 .comment       0x00000000       0x24 ../fpga_ip_demo_herkansing_bsp//libhal_bsp.a(alt_close.o)
 .comment       0x00000000       0x24 ../fpga_ip_demo_herkansing_bsp//libhal_bsp.a(alt_dcache_flush_all.o)
 .comment       0x00000000       0x24 ../fpga_ip_demo_herkansing_bsp//libhal_bsp.a(alt_dev.o)
 .comment       0x00000000       0x24 ../fpga_ip_demo_herkansing_bsp//libhal_bsp.a(alt_dev_llist_insert.o)
 .comment       0x00000000       0x24 ../fpga_ip_demo_herkansing_bsp//libhal_bsp.a(alt_errno.o)
 .comment       0x00000000       0x24 ../fpga_ip_demo_herkansing_bsp//libhal_bsp.a(alt_icache_flush_all.o)
 .comment       0x00000000       0x24 ../fpga_ip_demo_herkansing_bsp//libhal_bsp.a(alt_iic.o)
 .comment       0x00000000       0x24 ../fpga_ip_demo_herkansing_bsp//libhal_bsp.a(alt_iic_isr_register.o)
 .comment       0x00000000       0x24 ../fpga_ip_demo_herkansing_bsp//libhal_bsp.a(alt_io_redirect.o)
 .comment       0x00000000       0x24 ../fpga_ip_demo_herkansing_bsp//libhal_bsp.a(alt_irq_handler.o)
 .comment       0x00000000       0x24 ../fpga_ip_demo_herkansing_bsp//libhal_bsp.a(alt_irq_vars.o)
 .comment       0x00000000       0x24 ../fpga_ip_demo_herkansing_bsp//libhal_bsp.a(alt_open.o)
 .comment       0x00000000       0x24 ../fpga_ip_demo_herkansing_bsp//libhal_bsp.a(alt_release_fd.o)
 .comment       0x00000000       0x24 ../fpga_ip_demo_herkansing_bsp//libhal_bsp.a(alt_tick.o)
 .comment       0x00000000       0x24 ../fpga_ip_demo_herkansing_bsp//libhal_bsp.a(altera_nios2_qsys_irq.o)
 .comment       0x00000000       0x24 ../fpga_ip_demo_herkansing_bsp//libhal_bsp.a(alt_find_dev.o)
 .comment       0x00000000       0x24 ../fpga_ip_demo_herkansing_bsp//libhal_bsp.a(alt_find_file.o)
 .comment       0x00000000       0x24 ../fpga_ip_demo_herkansing_bsp//libhal_bsp.a(alt_get_fd.o)
 .comment       0x00000000       0x24 ../fpga_ip_demo_herkansing_bsp//libhal_bsp.a(alt_icache_flush.o)
 .comment       0x00000000       0x24 /opt/altera/13.1/nios2eds/bin/gnu/H-i686-pc-linux-gnu/bin/../lib/gcc/nios2-elf/4.7.3/../../../../../H-i686-pc-linux-gnu/nios2-elf/lib/mno-hw-mul/libsmallc.a(lib_a-exit.o)
 .comment       0x00000000       0x24 /opt/altera/13.1/nios2eds/bin/gnu/H-i686-pc-linux-gnu/bin/../lib/gcc/nios2-elf/4.7.3/../../../../../H-i686-pc-linux-gnu/nios2-elf/lib/mno-hw-mul/libsmallc.a(lib_a-memcmp.o)
 .comment       0x00000000       0x24 /opt/altera/13.1/nios2eds/bin/gnu/H-i686-pc-linux-gnu/bin/../lib/gcc/nios2-elf/4.7.3/../../../../../H-i686-pc-linux-gnu/nios2-elf/lib/mno-hw-mul/libsmallc.a(lib_a-__call_atexit.o)
 .comment       0x00000000       0x24 ../fpga_ip_demo_herkansing_bsp//libhal_bsp.a(alt_exit.o)

.debug
 *(.debug)

.line
 *(.line)

.debug_srcinfo
 *(.debug_srcinfo)

.debug_sfnames
 *(.debug_sfnames)

.debug_aranges  0x00000000      0x5b0
 *(.debug_aranges)
 .debug_aranges
                0x00000000       0x28 ../fpga_ip_demo_herkansing_bsp//obj/HAL/src/crt0.o
 .debug_aranges
                0x00000028       0x20 obj/default/main.o
 .debug_aranges
                0x00000048       0x20 /opt/altera/13.1/nios2eds/bin/gnu/H-i686-pc-linux-gnu/bin/../lib/gcc/nios2-elf/4.7.3/../../../../../H-i686-pc-linux-gnu/nios2-elf/lib/mno-hw-mul/libsmallc.a(lib_a-printf.o)
 .debug_aranges
                0x00000068       0x20 /opt/altera/13.1/nios2eds/bin/gnu/H-i686-pc-linux-gnu/bin/../lib/gcc/nios2-elf/4.7.3/../../../../../H-i686-pc-linux-gnu/nios2-elf/lib/mno-hw-mul/libsmallc.a(lib_a-puts.o)
 .debug_aranges
                0x00000088       0x20 /opt/altera/13.1/nios2eds/bin/gnu/H-i686-pc-linux-gnu/bin/../lib/gcc/nios2-elf/4.7.3/../../../../../H-i686-pc-linux-gnu/nios2-elf/lib/mno-hw-mul/libsmallc.a(lib_a-strlen.o)
 .debug_aranges
                0x000000a8       0x20 /opt/altera/13.1/nios2eds/bin/gnu/H-i686-pc-linux-gnu/bin/../lib/gcc/nios2-elf/4.7.3/../../../../../H-i686-pc-linux-gnu/nios2-elf/lib/mno-hw-mul/libsmallc.a(lib_a-vfprintf.o)
 .debug_aranges
                0x000000c8       0x20 /opt/altera/13.1/nios2eds/bin/gnu/H-i686-pc-linux-gnu/bin/../lib/gcc/nios2-elf/4.7.3/../../../../../H-i686-pc-linux-gnu/nios2-elf/lib/mno-hw-mul/libsmallc.a(lib_a-fvwrite_small_dev.o)
 .debug_aranges
                0x000000e8       0x18 /opt/altera/13.1/nios2eds/bin/gnu/H-i686-pc-linux-gnu/bin/../lib/gcc/nios2-elf/4.7.3/../../../../../H-i686-pc-linux-gnu/nios2-elf/lib/mno-hw-mul/libsmallc.a(lib_a-impure.o)
 .debug_aranges
                0x00000100       0x20 /opt/altera/13.1/nios2eds/bin/gnu/H-i686-pc-linux-gnu/bin/../lib/gcc/nios2-elf/4.7.3/../../../../../H-i686-pc-linux-gnu/nios2-elf/lib/mno-hw-mul/libsmallc.a(lib_a-writer.o)
 .debug_aranges
                0x00000120       0x18 /opt/altera/13.1/nios2eds/bin/gnu/H-i686-pc-linux-gnu/bin/../lib/gcc/nios2-elf/4.7.3/../../../../../H-i686-pc-linux-gnu/nios2-elf/lib/mno-hw-mul/libsmallc.a(lib_a-int_errno.o)
 .debug_aranges
                0x00000138       0x20 /opt/altera/13.1/nios2eds/bin/gnu/H-i686-pc-linux-gnu/bin/../lib/gcc/nios2-elf/4.7.3/mno-hw-mul/libgcc.a(lib2-divmod.o)
 .debug_aranges
                0x00000158       0x20 /opt/altera/13.1/nios2eds/bin/gnu/H-i686-pc-linux-gnu/bin/../lib/gcc/nios2-elf/4.7.3/mno-hw-mul/libgcc.a(lib2-mul.o)
 .debug_aranges
                0x00000178       0x20 ../fpga_ip_demo_herkansing_bsp//libhal_bsp.a(alt_load.o)
 .debug_aranges
                0x00000198       0x20 ../fpga_ip_demo_herkansing_bsp//libhal_bsp.a(alt_main.o)
 .debug_aranges
                0x000001b8       0x20 ../fpga_ip_demo_herkansing_bsp//libhal_bsp.a(alt_write.o)
 .debug_aranges
                0x000001d8       0x20 ../fpga_ip_demo_herkansing_bsp//libhal_bsp.a(alt_sys_init.o)
 .debug_aranges
                0x000001f8       0x20 ../fpga_ip_demo_herkansing_bsp//libhal_bsp.a(altera_avalon_jtag_uart_fd.o)
 .debug_aranges
                0x00000218       0x20 ../fpga_ip_demo_herkansing_bsp//libhal_bsp.a(altera_avalon_jtag_uart_read.o)
 .debug_aranges
                0x00000238       0x20 ../fpga_ip_demo_herkansing_bsp//libhal_bsp.a(altera_avalon_jtag_uart_write.o)
 .debug_aranges
                0x00000258       0x20 ../fpga_ip_demo_herkansing_bsp//libhal_bsp.a(altera_avalon_timer_sc.o)
 .debug_aranges
                0x00000278       0x20 ../fpga_ip_demo_herkansing_bsp//libhal_bsp.a(alt_close.o)
 .debug_aranges
                0x00000298       0x20 ../fpga_ip_demo_herkansing_bsp//libhal_bsp.a(alt_dcache_flush_all.o)
 .debug_aranges
                0x000002b8       0x20 ../fpga_ip_demo_herkansing_bsp//libhal_bsp.a(alt_dev.o)
 .debug_aranges
                0x000002d8       0x20 ../fpga_ip_demo_herkansing_bsp//libhal_bsp.a(alt_dev_llist_insert.o)
 .debug_aranges
                0x000002f8       0x18 ../fpga_ip_demo_herkansing_bsp//libhal_bsp.a(alt_errno.o)
 .debug_aranges
                0x00000310       0x20 ../fpga_ip_demo_herkansing_bsp//libhal_bsp.a(alt_icache_flush_all.o)
 .debug_aranges
                0x00000330       0x20 ../fpga_ip_demo_herkansing_bsp//libhal_bsp.a(alt_iic.o)
 .debug_aranges
                0x00000350       0x20 ../fpga_ip_demo_herkansing_bsp//libhal_bsp.a(alt_iic_isr_register.o)
 .debug_aranges
                0x00000370       0x20 ../fpga_ip_demo_herkansing_bsp//libhal_bsp.a(alt_io_redirect.o)
 .debug_aranges
                0x00000390       0x30 ../fpga_ip_demo_herkansing_bsp//libhal_bsp.a(alt_irq_entry.o)
 .debug_aranges
                0x000003c0       0x20 ../fpga_ip_demo_herkansing_bsp//libhal_bsp.a(alt_irq_handler.o)
 .debug_aranges
                0x000003e0       0x18 ../fpga_ip_demo_herkansing_bsp//libhal_bsp.a(alt_irq_vars.o)
 .debug_aranges
                0x000003f8       0x20 ../fpga_ip_demo_herkansing_bsp//libhal_bsp.a(alt_open.o)
 .debug_aranges
                0x00000418       0x20 ../fpga_ip_demo_herkansing_bsp//libhal_bsp.a(alt_release_fd.o)
 .debug_aranges
                0x00000438       0x20 ../fpga_ip_demo_herkansing_bsp//libhal_bsp.a(alt_tick.o)
 .debug_aranges
                0x00000458       0x20 ../fpga_ip_demo_herkansing_bsp//libhal_bsp.a(altera_nios2_qsys_irq.o)
 .debug_aranges
                0x00000478       0x38 ../fpga_ip_demo_herkansing_bsp//libhal_bsp.a(alt_exception_entry.o)
 .debug_aranges
                0x000004b0       0x20 ../fpga_ip_demo_herkansing_bsp//libhal_bsp.a(alt_find_dev.o)
 .debug_aranges
                0x000004d0       0x20 ../fpga_ip_demo_herkansing_bsp//libhal_bsp.a(alt_find_file.o)
 .debug_aranges
                0x000004f0       0x20 ../fpga_ip_demo_herkansing_bsp//libhal_bsp.a(alt_get_fd.o)
 .debug_aranges
                0x00000510       0x20 ../fpga_ip_demo_herkansing_bsp//libhal_bsp.a(alt_icache_flush.o)
 .debug_aranges
                0x00000530       0x20 /opt/altera/13.1/nios2eds/bin/gnu/H-i686-pc-linux-gnu/bin/../lib/gcc/nios2-elf/4.7.3/../../../../../H-i686-pc-linux-gnu/nios2-elf/lib/mno-hw-mul/libsmallc.a(lib_a-exit.o)
 .debug_aranges
                0x00000550       0x20 /opt/altera/13.1/nios2eds/bin/gnu/H-i686-pc-linux-gnu/bin/../lib/gcc/nios2-elf/4.7.3/../../../../../H-i686-pc-linux-gnu/nios2-elf/lib/mno-hw-mul/libsmallc.a(lib_a-memcmp.o)
 .debug_aranges
                0x00000570       0x20 /opt/altera/13.1/nios2eds/bin/gnu/H-i686-pc-linux-gnu/bin/../lib/gcc/nios2-elf/4.7.3/../../../../../H-i686-pc-linux-gnu/nios2-elf/lib/mno-hw-mul/libsmallc.a(lib_a-__call_atexit.o)
 .debug_aranges
                0x00000590       0x20 ../fpga_ip_demo_herkansing_bsp//libhal_bsp.a(alt_exit.o)

.debug_pubnames
 *(.debug_pubnames)

.debug_info     0x00000000     0x80a6
 *(.debug_info .gnu.linkonce.wi.*)
 .debug_info    0x00000000       0x7e ../fpga_ip_demo_herkansing_bsp//obj/HAL/src/crt0.o
 .debug_info    0x0000007e       0xc3 obj/default/main.o
 .debug_info    0x00000141      0x765 /opt/altera/13.1/nios2eds/bin/gnu/H-i686-pc-linux-gnu/bin/../lib/gcc/nios2-elf/4.7.3/../../../../../H-i686-pc-linux-gnu/nios2-elf/lib/mno-hw-mul/libsmallc.a(lib_a-printf.o)
 .debug_info    0x000008a6      0x6f4 /opt/altera/13.1/nios2eds/bin/gnu/H-i686-pc-linux-gnu/bin/../lib/gcc/nios2-elf/4.7.3/../../../../../H-i686-pc-linux-gnu/nios2-elf/lib/mno-hw-mul/libsmallc.a(lib_a-puts.o)
 .debug_info    0x00000f9a       0xc6 /opt/altera/13.1/nios2eds/bin/gnu/H-i686-pc-linux-gnu/bin/../lib/gcc/nios2-elf/4.7.3/../../../../../H-i686-pc-linux-gnu/nios2-elf/lib/mno-hw-mul/libsmallc.a(lib_a-strlen.o)
 .debug_info    0x00001060      0xc69 /opt/altera/13.1/nios2eds/bin/gnu/H-i686-pc-linux-gnu/bin/../lib/gcc/nios2-elf/4.7.3/../../../../../H-i686-pc-linux-gnu/nios2-elf/lib/mno-hw-mul/libsmallc.a(lib_a-vfprintf.o)
 .debug_info    0x00001cc9      0x6d9 /opt/altera/13.1/nios2eds/bin/gnu/H-i686-pc-linux-gnu/bin/../lib/gcc/nios2-elf/4.7.3/../../../../../H-i686-pc-linux-gnu/nios2-elf/lib/mno-hw-mul/libsmallc.a(lib_a-fvwrite_small_dev.o)
 .debug_info    0x000023a2      0x631 /opt/altera/13.1/nios2eds/bin/gnu/H-i686-pc-linux-gnu/bin/../lib/gcc/nios2-elf/4.7.3/../../../../../H-i686-pc-linux-gnu/nios2-elf/lib/mno-hw-mul/libsmallc.a(lib_a-impure.o)
 .debug_info    0x000029d3      0x6cb /opt/altera/13.1/nios2eds/bin/gnu/H-i686-pc-linux-gnu/bin/../lib/gcc/nios2-elf/4.7.3/../../../../../H-i686-pc-linux-gnu/nios2-elf/lib/mno-hw-mul/libsmallc.a(lib_a-writer.o)
 .debug_info    0x0000309e       0x84 /opt/altera/13.1/nios2eds/bin/gnu/H-i686-pc-linux-gnu/bin/../lib/gcc/nios2-elf/4.7.3/../../../../../H-i686-pc-linux-gnu/nios2-elf/lib/mno-hw-mul/libsmallc.a(lib_a-int_errno.o)
 .debug_info    0x00003122      0x289 /opt/altera/13.1/nios2eds/bin/gnu/H-i686-pc-linux-gnu/bin/../lib/gcc/nios2-elf/4.7.3/mno-hw-mul/libgcc.a(lib2-divmod.o)
 .debug_info    0x000033ab       0xb8 /opt/altera/13.1/nios2eds/bin/gnu/H-i686-pc-linux-gnu/bin/../lib/gcc/nios2-elf/4.7.3/mno-hw-mul/libgcc.a(lib2-mul.o)
 .debug_info    0x00003463      0x135 ../fpga_ip_demo_herkansing_bsp//libhal_bsp.a(alt_load.o)
 .debug_info    0x00003598      0x139 ../fpga_ip_demo_herkansing_bsp//libhal_bsp.a(alt_main.o)
 .debug_info    0x000036d1      0x507 ../fpga_ip_demo_herkansing_bsp//libhal_bsp.a(alt_write.o)
 .debug_info    0x00003bd8      0x420 ../fpga_ip_demo_herkansing_bsp//libhal_bsp.a(alt_sys_init.o)
 .debug_info    0x00003ff8      0x3da ../fpga_ip_demo_herkansing_bsp//libhal_bsp.a(altera_avalon_jtag_uart_fd.o)
 .debug_info    0x000043d2      0x1bc ../fpga_ip_demo_herkansing_bsp//libhal_bsp.a(altera_avalon_jtag_uart_read.o)
 .debug_info    0x0000458e      0x19f ../fpga_ip_demo_herkansing_bsp//libhal_bsp.a(altera_avalon_jtag_uart_write.o)
 .debug_info    0x0000472d      0x235 ../fpga_ip_demo_herkansing_bsp//libhal_bsp.a(altera_avalon_timer_sc.o)
 .debug_info    0x00004962      0x350 ../fpga_ip_demo_herkansing_bsp//libhal_bsp.a(alt_close.o)
 .debug_info    0x00004cb2       0x90 ../fpga_ip_demo_herkansing_bsp//libhal_bsp.a(alt_dcache_flush_all.o)
 .debug_info    0x00004d42      0x4e3 ../fpga_ip_demo_herkansing_bsp//libhal_bsp.a(alt_dev.o)
 .debug_info    0x00005225      0x1b9 ../fpga_ip_demo_herkansing_bsp//libhal_bsp.a(alt_dev_llist_insert.o)
 .debug_info    0x000053de       0xa3 ../fpga_ip_demo_herkansing_bsp//libhal_bsp.a(alt_errno.o)
 .debug_info    0x00005481       0x90 ../fpga_ip_demo_herkansing_bsp//libhal_bsp.a(alt_icache_flush_all.o)
 .debug_info    0x00005511      0x364 ../fpga_ip_demo_herkansing_bsp//libhal_bsp.a(alt_iic.o)
 .debug_info    0x00005875      0x1f6 ../fpga_ip_demo_herkansing_bsp//libhal_bsp.a(alt_iic_isr_register.o)
 .debug_info    0x00005a6b      0x4f0 ../fpga_ip_demo_herkansing_bsp//libhal_bsp.a(alt_io_redirect.o)
 .debug_info    0x00005f5b       0x87 ../fpga_ip_demo_herkansing_bsp//libhal_bsp.a(alt_irq_entry.o)
 .debug_info    0x00005fe2      0x190 ../fpga_ip_demo_herkansing_bsp//libhal_bsp.a(alt_irq_handler.o)
 .debug_info    0x00006172       0x8a ../fpga_ip_demo_herkansing_bsp//libhal_bsp.a(alt_irq_vars.o)
 .debug_info    0x000061fc      0x3f0 ../fpga_ip_demo_herkansing_bsp//libhal_bsp.a(alt_open.o)
 .debug_info    0x000065ec      0x2dd ../fpga_ip_demo_herkansing_bsp//libhal_bsp.a(alt_release_fd.o)
 .debug_info    0x000068c9      0x2b1 ../fpga_ip_demo_herkansing_bsp//libhal_bsp.a(alt_tick.o)
 .debug_info    0x00006b7a       0x90 ../fpga_ip_demo_herkansing_bsp//libhal_bsp.a(altera_nios2_qsys_irq.o)
 .debug_info    0x00006c0a       0x8d ../fpga_ip_demo_herkansing_bsp//libhal_bsp.a(alt_exception_entry.o)
 .debug_info    0x00006c97      0x30d ../fpga_ip_demo_herkansing_bsp//libhal_bsp.a(alt_find_dev.o)
 .debug_info    0x00006fa4      0x30c ../fpga_ip_demo_herkansing_bsp//libhal_bsp.a(alt_find_file.o)
 .debug_info    0x000072b0      0x339 ../fpga_ip_demo_herkansing_bsp//libhal_bsp.a(alt_get_fd.o)
 .debug_info    0x000075e9       0xda ../fpga_ip_demo_herkansing_bsp//libhal_bsp.a(alt_icache_flush.o)
 .debug_info    0x000076c3       0xf8 /opt/altera/13.1/nios2eds/bin/gnu/H-i686-pc-linux-gnu/bin/../lib/gcc/nios2-elf/4.7.3/../../../../../H-i686-pc-linux-gnu/nios2-elf/lib/mno-hw-mul/libsmallc.a(lib_a-exit.o)
 .debug_info    0x000077bb       0xf1 /opt/altera/13.1/nios2eds/bin/gnu/H-i686-pc-linux-gnu/bin/../lib/gcc/nios2-elf/4.7.3/../../../../../H-i686-pc-linux-gnu/nios2-elf/lib/mno-hw-mul/libsmallc.a(lib_a-memcmp.o)
 .debug_info    0x000078ac      0x70e /opt/altera/13.1/nios2eds/bin/gnu/H-i686-pc-linux-gnu/bin/../lib/gcc/nios2-elf/4.7.3/../../../../../H-i686-pc-linux-gnu/nios2-elf/lib/mno-hw-mul/libsmallc.a(lib_a-__call_atexit.o)
 .debug_info    0x00007fba       0xec ../fpga_ip_demo_herkansing_bsp//libhal_bsp.a(alt_exit.o)

.debug_abbrev   0x00000000     0x29ec
 *(.debug_abbrev)
 .debug_abbrev  0x00000000       0x12 ../fpga_ip_demo_herkansing_bsp//obj/HAL/src/crt0.o
 .debug_abbrev  0x00000012       0x76 obj/default/main.o
 .debug_abbrev  0x00000088      0x1e2 /opt/altera/13.1/nios2eds/bin/gnu/H-i686-pc-linux-gnu/bin/../lib/gcc/nios2-elf/4.7.3/../../../../../H-i686-pc-linux-gnu/nios2-elf/lib/mno-hw-mul/libsmallc.a(lib_a-printf.o)
 .debug_abbrev  0x0000026a      0x1d4 /opt/altera/13.1/nios2eds/bin/gnu/H-i686-pc-linux-gnu/bin/../lib/gcc/nios2-elf/4.7.3/../../../../../H-i686-pc-linux-gnu/nios2-elf/lib/mno-hw-mul/libsmallc.a(lib_a-puts.o)
 .debug_abbrev  0x0000043e       0x7f /opt/altera/13.1/nios2eds/bin/gnu/H-i686-pc-linux-gnu/bin/../lib/gcc/nios2-elf/4.7.3/../../../../../H-i686-pc-linux-gnu/nios2-elf/lib/mno-hw-mul/libsmallc.a(lib_a-strlen.o)
 .debug_abbrev  0x000004bd      0x2db /opt/altera/13.1/nios2eds/bin/gnu/H-i686-pc-linux-gnu/bin/../lib/gcc/nios2-elf/4.7.3/../../../../../H-i686-pc-linux-gnu/nios2-elf/lib/mno-hw-mul/libsmallc.a(lib_a-vfprintf.o)
 .debug_abbrev  0x00000798      0x1a8 /opt/altera/13.1/nios2eds/bin/gnu/H-i686-pc-linux-gnu/bin/../lib/gcc/nios2-elf/4.7.3/../../../../../H-i686-pc-linux-gnu/nios2-elf/lib/mno-hw-mul/libsmallc.a(lib_a-fvwrite_small_dev.o)
 .debug_abbrev  0x00000940      0x13b /opt/altera/13.1/nios2eds/bin/gnu/H-i686-pc-linux-gnu/bin/../lib/gcc/nios2-elf/4.7.3/../../../../../H-i686-pc-linux-gnu/nios2-elf/lib/mno-hw-mul/libsmallc.a(lib_a-impure.o)
 .debug_abbrev  0x00000a7b      0x199 /opt/altera/13.1/nios2eds/bin/gnu/H-i686-pc-linux-gnu/bin/../lib/gcc/nios2-elf/4.7.3/../../../../../H-i686-pc-linux-gnu/nios2-elf/lib/mno-hw-mul/libsmallc.a(lib_a-writer.o)
 .debug_abbrev  0x00000c14       0x37 /opt/altera/13.1/nios2eds/bin/gnu/H-i686-pc-linux-gnu/bin/../lib/gcc/nios2-elf/4.7.3/../../../../../H-i686-pc-linux-gnu/nios2-elf/lib/mno-hw-mul/libsmallc.a(lib_a-int_errno.o)
 .debug_abbrev  0x00000c4b      0x112 /opt/altera/13.1/nios2eds/bin/gnu/H-i686-pc-linux-gnu/bin/../lib/gcc/nios2-elf/4.7.3/mno-hw-mul/libgcc.a(lib2-divmod.o)
 .debug_abbrev  0x00000d5d       0x6f /opt/altera/13.1/nios2eds/bin/gnu/H-i686-pc-linux-gnu/bin/../lib/gcc/nios2-elf/4.7.3/mno-hw-mul/libgcc.a(lib2-mul.o)
 .debug_abbrev  0x00000dcc       0x9d ../fpga_ip_demo_herkansing_bsp//libhal_bsp.a(alt_load.o)
 .debug_abbrev  0x00000e69       0xba ../fpga_ip_demo_herkansing_bsp//libhal_bsp.a(alt_main.o)
 .debug_abbrev  0x00000f23      0x133 ../fpga_ip_demo_herkansing_bsp//libhal_bsp.a(alt_write.o)
 .debug_abbrev  0x00001056      0x155 ../fpga_ip_demo_herkansing_bsp//libhal_bsp.a(alt_sys_init.o)
 .debug_abbrev  0x000011ab       0xf7 ../fpga_ip_demo_herkansing_bsp//libhal_bsp.a(altera_avalon_jtag_uart_fd.o)
 .debug_abbrev  0x000012a2       0xd5 ../fpga_ip_demo_herkansing_bsp//libhal_bsp.a(altera_avalon_jtag_uart_read.o)
 .debug_abbrev  0x00001377       0xd5 ../fpga_ip_demo_herkansing_bsp//libhal_bsp.a(altera_avalon_jtag_uart_write.o)
 .debug_abbrev  0x0000144c      0x155 ../fpga_ip_demo_herkansing_bsp//libhal_bsp.a(altera_avalon_timer_sc.o)
 .debug_abbrev  0x000015a1      0x11f ../fpga_ip_demo_herkansing_bsp//libhal_bsp.a(alt_close.o)
 .debug_abbrev  0x000016c0       0x42 ../fpga_ip_demo_herkansing_bsp//libhal_bsp.a(alt_dcache_flush_all.o)
 .debug_abbrev  0x00001702       0xd9 ../fpga_ip_demo_herkansing_bsp//libhal_bsp.a(alt_dev.o)
 .debug_abbrev  0x000017db      0x114 ../fpga_ip_demo_herkansing_bsp//libhal_bsp.a(alt_dev_llist_insert.o)
 .debug_abbrev  0x000018ef       0x5a ../fpga_ip_demo_herkansing_bsp//libhal_bsp.a(alt_errno.o)
 .debug_abbrev  0x00001949       0x42 ../fpga_ip_demo_herkansing_bsp//libhal_bsp.a(alt_icache_flush_all.o)
 .debug_abbrev  0x0000198b      0x16a ../fpga_ip_demo_herkansing_bsp//libhal_bsp.a(alt_iic.o)
 .debug_abbrev  0x00001af5      0x169 ../fpga_ip_demo_herkansing_bsp//libhal_bsp.a(alt_iic_isr_register.o)
 .debug_abbrev  0x00001c5e      0x114 ../fpga_ip_demo_herkansing_bsp//libhal_bsp.a(alt_io_redirect.o)
 .debug_abbrev  0x00001d72       0x12 ../fpga_ip_demo_herkansing_bsp//libhal_bsp.a(alt_irq_entry.o)
 .debug_abbrev  0x00001d84      0x124 ../fpga_ip_demo_herkansing_bsp//libhal_bsp.a(alt_irq_handler.o)
 .debug_abbrev  0x00001ea8       0x40 ../fpga_ip_demo_herkansing_bsp//libhal_bsp.a(alt_irq_vars.o)
 .debug_abbrev  0x00001ee8      0x148 ../fpga_ip_demo_herkansing_bsp//libhal_bsp.a(alt_open.o)
 .debug_abbrev  0x00002030       0xde ../fpga_ip_demo_herkansing_bsp//libhal_bsp.a(alt_release_fd.o)
 .debug_abbrev  0x0000210e      0x15a ../fpga_ip_demo_herkansing_bsp//libhal_bsp.a(alt_tick.o)
 .debug_abbrev  0x00002268       0x42 ../fpga_ip_demo_herkansing_bsp//libhal_bsp.a(altera_nios2_qsys_irq.o)
 .debug_abbrev  0x000022aa       0x12 ../fpga_ip_demo_herkansing_bsp//libhal_bsp.a(alt_exception_entry.o)
 .debug_abbrev  0x000022bc       0xf0 ../fpga_ip_demo_herkansing_bsp//libhal_bsp.a(alt_find_dev.o)
 .debug_abbrev  0x000023ac       0xf0 ../fpga_ip_demo_herkansing_bsp//libhal_bsp.a(alt_find_file.o)
 .debug_abbrev  0x0000249c      0x10d ../fpga_ip_demo_herkansing_bsp//libhal_bsp.a(alt_get_fd.o)
 .debug_abbrev  0x000025a9       0x8c ../fpga_ip_demo_herkansing_bsp//libhal_bsp.a(alt_icache_flush.o)
 .debug_abbrev  0x00002635       0xa9 /opt/altera/13.1/nios2eds/bin/gnu/H-i686-pc-linux-gnu/bin/../lib/gcc/nios2-elf/4.7.3/../../../../../H-i686-pc-linux-gnu/nios2-elf/lib/mno-hw-mul/libsmallc.a(lib_a-exit.o)
 .debug_abbrev  0x000026de       0x7f /opt/altera/13.1/nios2eds/bin/gnu/H-i686-pc-linux-gnu/bin/../lib/gcc/nios2-elf/4.7.3/../../../../../H-i686-pc-linux-gnu/nios2-elf/lib/mno-hw-mul/libsmallc.a(lib_a-memcmp.o)
 .debug_abbrev  0x0000275d      0x1e9 /opt/altera/13.1/nios2eds/bin/gnu/H-i686-pc-linux-gnu/bin/../lib/gcc/nios2-elf/4.7.3/../../../../../H-i686-pc-linux-gnu/nios2-elf/lib/mno-hw-mul/libsmallc.a(lib_a-__call_atexit.o)
 .debug_abbrev  0x00002946       0xa6 ../fpga_ip_demo_herkansing_bsp//libhal_bsp.a(alt_exit.o)

.debug_line     0x00000000     0x2feb
 *(.debug_line)
 .debug_line    0x00000000       0x6c ../fpga_ip_demo_herkansing_bsp//obj/HAL/src/crt0.o
 .debug_line    0x0000006c       0x80 obj/default/main.o
 .debug_line    0x000000ec      0x219 /opt/altera/13.1/nios2eds/bin/gnu/H-i686-pc-linux-gnu/bin/../lib/gcc/nios2-elf/4.7.3/../../../../../H-i686-pc-linux-gnu/nios2-elf/lib/mno-hw-mul/libsmallc.a(lib_a-printf.o)
 .debug_line    0x00000305      0x212 /opt/altera/13.1/nios2eds/bin/gnu/H-i686-pc-linux-gnu/bin/../lib/gcc/nios2-elf/4.7.3/../../../../../H-i686-pc-linux-gnu/nios2-elf/lib/mno-hw-mul/libsmallc.a(lib_a-puts.o)
 .debug_line    0x00000517      0x174 /opt/altera/13.1/nios2eds/bin/gnu/H-i686-pc-linux-gnu/bin/../lib/gcc/nios2-elf/4.7.3/../../../../../H-i686-pc-linux-gnu/nios2-elf/lib/mno-hw-mul/libsmallc.a(lib_a-strlen.o)
 .debug_line    0x0000068b      0x40e /opt/altera/13.1/nios2eds/bin/gnu/H-i686-pc-linux-gnu/bin/../lib/gcc/nios2-elf/4.7.3/../../../../../H-i686-pc-linux-gnu/nios2-elf/lib/mno-hw-mul/libsmallc.a(lib_a-vfprintf.o)
 .debug_line    0x00000a99      0x225 /opt/altera/13.1/nios2eds/bin/gnu/H-i686-pc-linux-gnu/bin/../lib/gcc/nios2-elf/4.7.3/../../../../../H-i686-pc-linux-gnu/nios2-elf/lib/mno-hw-mul/libsmallc.a(lib_a-fvwrite_small_dev.o)
 .debug_line    0x00000cbe      0x16c /opt/altera/13.1/nios2eds/bin/gnu/H-i686-pc-linux-gnu/bin/../lib/gcc/nios2-elf/4.7.3/../../../../../H-i686-pc-linux-gnu/nios2-elf/lib/mno-hw-mul/libsmallc.a(lib_a-impure.o)
 .debug_line    0x00000e2a      0x20c /opt/altera/13.1/nios2eds/bin/gnu/H-i686-pc-linux-gnu/bin/../lib/gcc/nios2-elf/4.7.3/../../../../../H-i686-pc-linux-gnu/nios2-elf/lib/mno-hw-mul/libsmallc.a(lib_a-writer.o)
 .debug_line    0x00001036       0x60 /opt/altera/13.1/nios2eds/bin/gnu/H-i686-pc-linux-gnu/bin/../lib/gcc/nios2-elf/4.7.3/../../../../../H-i686-pc-linux-gnu/nios2-elf/lib/mno-hw-mul/libsmallc.a(lib_a-int_errno.o)
 .debug_line    0x00001096       0xd6 /opt/altera/13.1/nios2eds/bin/gnu/H-i686-pc-linux-gnu/bin/../lib/gcc/nios2-elf/4.7.3/mno-hw-mul/libgcc.a(lib2-divmod.o)
 .debug_line    0x0000116c       0x80 /opt/altera/13.1/nios2eds/bin/gnu/H-i686-pc-linux-gnu/bin/../lib/gcc/nios2-elf/4.7.3/mno-hw-mul/libgcc.a(lib2-mul.o)
 .debug_line    0x000011ec       0x92 ../fpga_ip_demo_herkansing_bsp//libhal_bsp.a(alt_load.o)
 .debug_line    0x0000127e       0x9e ../fpga_ip_demo_herkansing_bsp//libhal_bsp.a(alt_main.o)
 .debug_line    0x0000131c      0x206 ../fpga_ip_demo_herkansing_bsp//libhal_bsp.a(alt_write.o)
 .debug_line    0x00001522      0x142 ../fpga_ip_demo_herkansing_bsp//libhal_bsp.a(alt_sys_init.o)
 .debug_line    0x00001664      0x114 ../fpga_ip_demo_herkansing_bsp//libhal_bsp.a(altera_avalon_jtag_uart_fd.o)
 .debug_line    0x00001778      0x101 ../fpga_ip_demo_herkansing_bsp//libhal_bsp.a(altera_avalon_jtag_uart_read.o)
 .debug_line    0x00001879       0xf8 ../fpga_ip_demo_herkansing_bsp//libhal_bsp.a(altera_avalon_jtag_uart_write.o)
 .debug_line    0x00001971       0xfd ../fpga_ip_demo_herkansing_bsp//libhal_bsp.a(altera_avalon_timer_sc.o)
 .debug_line    0x00001a6e      0x18d ../fpga_ip_demo_herkansing_bsp//libhal_bsp.a(alt_close.o)
 .debug_line    0x00001bfb       0x51 ../fpga_ip_demo_herkansing_bsp//libhal_bsp.a(alt_dcache_flush_all.o)
 .debug_line    0x00001c4c      0x120 ../fpga_ip_demo_herkansing_bsp//libhal_bsp.a(alt_dev.o)
 .debug_line    0x00001d6c       0xd0 ../fpga_ip_demo_herkansing_bsp//libhal_bsp.a(alt_dev_llist_insert.o)
 .debug_line    0x00001e3c       0x51 ../fpga_ip_demo_herkansing_bsp//libhal_bsp.a(alt_errno.o)
 .debug_line    0x00001e8d       0x50 ../fpga_ip_demo_herkansing_bsp//libhal_bsp.a(alt_icache_flush_all.o)
 .debug_line    0x00001edd       0xed ../fpga_ip_demo_herkansing_bsp//libhal_bsp.a(alt_iic.o)
 .debug_line    0x00001fca       0xdb ../fpga_ip_demo_herkansing_bsp//libhal_bsp.a(alt_iic_isr_register.o)
 .debug_line    0x000020a5      0x15d ../fpga_ip_demo_herkansing_bsp//libhal_bsp.a(alt_io_redirect.o)
 .debug_line    0x00002202       0x6b ../fpga_ip_demo_herkansing_bsp//libhal_bsp.a(alt_irq_entry.o)
 .debug_line    0x0000226d       0xae ../fpga_ip_demo_herkansing_bsp//libhal_bsp.a(alt_irq_handler.o)
 .debug_line    0x0000231b       0x50 ../fpga_ip_demo_herkansing_bsp//libhal_bsp.a(alt_irq_vars.o)
 .debug_line    0x0000236b      0x128 ../fpga_ip_demo_herkansing_bsp//libhal_bsp.a(alt_open.o)
 .debug_line    0x00002493       0xb0 ../fpga_ip_demo_herkansing_bsp//libhal_bsp.a(alt_release_fd.o)
 .debug_line    0x00002543      0x102 ../fpga_ip_demo_herkansing_bsp//libhal_bsp.a(alt_tick.o)
 .debug_line    0x00002645       0x51 ../fpga_ip_demo_herkansing_bsp//libhal_bsp.a(altera_nios2_qsys_irq.o)
 .debug_line    0x00002696       0xab ../fpga_ip_demo_herkansing_bsp//libhal_bsp.a(alt_exception_entry.o)
 .debug_line    0x00002741       0xb9 ../fpga_ip_demo_herkansing_bsp//libhal_bsp.a(alt_find_dev.o)
 .debug_line    0x000027fa       0xd5 ../fpga_ip_demo_herkansing_bsp//libhal_bsp.a(alt_find_file.o)
 .debug_line    0x000028cf       0xd4 ../fpga_ip_demo_herkansing_bsp//libhal_bsp.a(alt_get_fd.o)
 .debug_line    0x000029a3       0x81 ../fpga_ip_demo_herkansing_bsp//libhal_bsp.a(alt_icache_flush.o)
 .debug_line    0x00002a24      0x170 /opt/altera/13.1/nios2eds/bin/gnu/H-i686-pc-linux-gnu/bin/../lib/gcc/nios2-elf/4.7.3/../../../../../H-i686-pc-linux-gnu/nios2-elf/lib/mno-hw-mul/libsmallc.a(lib_a-exit.o)
 .debug_line    0x00002b94      0x17f /opt/altera/13.1/nios2eds/bin/gnu/H-i686-pc-linux-gnu/bin/../lib/gcc/nios2-elf/4.7.3/../../../../../H-i686-pc-linux-gnu/nios2-elf/lib/mno-hw-mul/libsmallc.a(lib_a-memcmp.o)
 .debug_line    0x00002d13      0x267 /opt/altera/13.1/nios2eds/bin/gnu/H-i686-pc-linux-gnu/bin/../lib/gcc/nios2-elf/4.7.3/../../../../../H-i686-pc-linux-gnu/nios2-elf/lib/mno-hw-mul/libsmallc.a(lib_a-__call_atexit.o)
 .debug_line    0x00002f7a       0x71 ../fpga_ip_demo_herkansing_bsp//libhal_bsp.a(alt_exit.o)

.debug_frame    0x00000000      0x8ac
 *(.debug_frame)
 .debug_frame   0x00000000       0x2c obj/default/main.o
 .debug_frame   0x0000002c       0x40 /opt/altera/13.1/nios2eds/bin/gnu/H-i686-pc-linux-gnu/bin/../lib/gcc/nios2-elf/4.7.3/../../../../../H-i686-pc-linux-gnu/nios2-elf/lib/mno-hw-mul/libsmallc.a(lib_a-printf.o)
 .debug_frame   0x0000006c       0x3c /opt/altera/13.1/nios2eds/bin/gnu/H-i686-pc-linux-gnu/bin/../lib/gcc/nios2-elf/4.7.3/../../../../../H-i686-pc-linux-gnu/nios2-elf/lib/mno-hw-mul/libsmallc.a(lib_a-puts.o)
 .debug_frame   0x000000a8       0x20 /opt/altera/13.1/nios2eds/bin/gnu/H-i686-pc-linux-gnu/bin/../lib/gcc/nios2-elf/4.7.3/../../../../../H-i686-pc-linux-gnu/nios2-elf/lib/mno-hw-mul/libsmallc.a(lib_a-strlen.o)
 .debug_frame   0x000000c8       0x4c /opt/altera/13.1/nios2eds/bin/gnu/H-i686-pc-linux-gnu/bin/../lib/gcc/nios2-elf/4.7.3/../../../../../H-i686-pc-linux-gnu/nios2-elf/lib/mno-hw-mul/libsmallc.a(lib_a-vfprintf.o)
 .debug_frame   0x00000114       0x30 /opt/altera/13.1/nios2eds/bin/gnu/H-i686-pc-linux-gnu/bin/../lib/gcc/nios2-elf/4.7.3/../../../../../H-i686-pc-linux-gnu/nios2-elf/lib/mno-hw-mul/libsmallc.a(lib_a-fvwrite_small_dev.o)
 .debug_frame   0x00000144       0x2c /opt/altera/13.1/nios2eds/bin/gnu/H-i686-pc-linux-gnu/bin/../lib/gcc/nios2-elf/4.7.3/../../../../../H-i686-pc-linux-gnu/nios2-elf/lib/mno-hw-mul/libsmallc.a(lib_a-writer.o)
 .debug_frame   0x00000170       0x70 /opt/altera/13.1/nios2eds/bin/gnu/H-i686-pc-linux-gnu/bin/../lib/gcc/nios2-elf/4.7.3/mno-hw-mul/libgcc.a(lib2-divmod.o)
 .debug_frame   0x000001e0       0x20 /opt/altera/13.1/nios2eds/bin/gnu/H-i686-pc-linux-gnu/bin/../lib/gcc/nios2-elf/4.7.3/mno-hw-mul/libgcc.a(lib2-mul.o)
 .debug_frame   0x00000200       0x48 ../fpga_ip_demo_herkansing_bsp//libhal_bsp.a(alt_load.o)
 .debug_frame   0x00000248       0x2c ../fpga_ip_demo_herkansing_bsp//libhal_bsp.a(alt_main.o)
 .debug_frame   0x00000274       0x48 ../fpga_ip_demo_herkansing_bsp//libhal_bsp.a(alt_write.o)
 .debug_frame   0x000002bc       0x64 ../fpga_ip_demo_herkansing_bsp//libhal_bsp.a(alt_sys_init.o)
 .debug_frame   0x00000320       0x48 ../fpga_ip_demo_herkansing_bsp//libhal_bsp.a(altera_avalon_jtag_uart_fd.o)
 .debug_frame   0x00000368       0x2c ../fpga_ip_demo_herkansing_bsp//libhal_bsp.a(altera_avalon_jtag_uart_read.o)
 .debug_frame   0x00000394       0x2c ../fpga_ip_demo_herkansing_bsp//libhal_bsp.a(altera_avalon_jtag_uart_write.o)
 .debug_frame   0x000003c0       0x48 ../fpga_ip_demo_herkansing_bsp//libhal_bsp.a(altera_avalon_timer_sc.o)
 .debug_frame   0x00000408       0x48 ../fpga_ip_demo_herkansing_bsp//libhal_bsp.a(alt_close.o)
 .debug_frame   0x00000450       0x2c ../fpga_ip_demo_herkansing_bsp//libhal_bsp.a(alt_dcache_flush_all.o)
 .debug_frame   0x0000047c       0x2c ../fpga_ip_demo_herkansing_bsp//libhal_bsp.a(alt_dev.o)
 .debug_frame   0x000004a8       0x48 ../fpga_ip_demo_herkansing_bsp//libhal_bsp.a(alt_dev_llist_insert.o)
 .debug_frame   0x000004f0       0x2c ../fpga_ip_demo_herkansing_bsp//libhal_bsp.a(alt_icache_flush_all.o)
 .debug_frame   0x0000051c       0x80 ../fpga_ip_demo_herkansing_bsp//libhal_bsp.a(alt_iic.o)
 .debug_frame   0x0000059c       0x2c ../fpga_ip_demo_herkansing_bsp//libhal_bsp.a(alt_iic_isr_register.o)
 .debug_frame   0x000005c8       0x4c ../fpga_ip_demo_herkansing_bsp//libhal_bsp.a(alt_io_redirect.o)
 .debug_frame   0x00000614       0x2c ../fpga_ip_demo_herkansing_bsp//libhal_bsp.a(alt_irq_handler.o)
 .debug_frame   0x00000640       0x68 ../fpga_ip_demo_herkansing_bsp//libhal_bsp.a(alt_open.o)
 .debug_frame   0x000006a8       0x30 ../fpga_ip_demo_herkansing_bsp//libhal_bsp.a(alt_release_fd.o)
 .debug_frame   0x000006d8       0x48 ../fpga_ip_demo_herkansing_bsp//libhal_bsp.a(alt_tick.o)
 .debug_frame   0x00000720       0x2c ../fpga_ip_demo_herkansing_bsp//libhal_bsp.a(altera_nios2_qsys_irq.o)
 .debug_frame   0x0000074c       0x2c ../fpga_ip_demo_herkansing_bsp//libhal_bsp.a(alt_find_dev.o)
 .debug_frame   0x00000778       0x2c ../fpga_ip_demo_herkansing_bsp//libhal_bsp.a(alt_find_file.o)
 .debug_frame   0x000007a4       0x30 ../fpga_ip_demo_herkansing_bsp//libhal_bsp.a(alt_get_fd.o)
 .debug_frame   0x000007d4       0x2c ../fpga_ip_demo_herkansing_bsp//libhal_bsp.a(alt_icache_flush.o)
 .debug_frame   0x00000800       0x28 /opt/altera/13.1/nios2eds/bin/gnu/H-i686-pc-linux-gnu/bin/../lib/gcc/nios2-elf/4.7.3/../../../../../H-i686-pc-linux-gnu/nios2-elf/lib/mno-hw-mul/libsmallc.a(lib_a-exit.o)
 .debug_frame   0x00000828       0x20 /opt/altera/13.1/nios2eds/bin/gnu/H-i686-pc-linux-gnu/bin/../lib/gcc/nios2-elf/4.7.3/../../../../../H-i686-pc-linux-gnu/nios2-elf/lib/mno-hw-mul/libsmallc.a(lib_a-memcmp.o)
 .debug_frame   0x00000848       0x38 /opt/altera/13.1/nios2eds/bin/gnu/H-i686-pc-linux-gnu/bin/../lib/gcc/nios2-elf/4.7.3/../../../../../H-i686-pc-linux-gnu/nios2-elf/lib/mno-hw-mul/libsmallc.a(lib_a-__call_atexit.o)
 .debug_frame   0x00000880       0x2c ../fpga_ip_demo_herkansing_bsp//libhal_bsp.a(alt_exit.o)

.debug_str      0x00000000     0x1703
 *(.debug_str)
 .debug_str     0x00000000       0xbb obj/default/main.o
                                0x100 (size before relaxing)
 .debug_str     0x000000bb      0x3dd /opt/altera/13.1/nios2eds/bin/gnu/H-i686-pc-linux-gnu/bin/../lib/gcc/nios2-elf/4.7.3/../../../../../H-i686-pc-linux-gnu/nios2-elf/lib/mno-hw-mul/libsmallc.a(lib_a-printf.o)
                                0x4b5 (size before relaxing)
 .debug_str     0x00000498       0x4f /opt/altera/13.1/nios2eds/bin/gnu/H-i686-pc-linux-gnu/bin/../lib/gcc/nios2-elf/4.7.3/../../../../../H-i686-pc-linux-gnu/nios2-elf/lib/mno-hw-mul/libsmallc.a(lib_a-puts.o)
                                0x464 (size before relaxing)
 .debug_str     0x000004e7       0xdf /opt/altera/13.1/nios2eds/bin/gnu/H-i686-pc-linux-gnu/bin/../lib/gcc/nios2-elf/4.7.3/../../../../../H-i686-pc-linux-gnu/nios2-elf/lib/mno-hw-mul/libsmallc.a(lib_a-strlen.o)
                                0x191 (size before relaxing)
 .debug_str     0x000005c6      0x196 /opt/altera/13.1/nios2eds/bin/gnu/H-i686-pc-linux-gnu/bin/../lib/gcc/nios2-elf/4.7.3/../../../../../H-i686-pc-linux-gnu/nios2-elf/lib/mno-hw-mul/libsmallc.a(lib_a-vfprintf.o)
                                0x635 (size before relaxing)
 .debug_str     0x0000075c       0x82 /opt/altera/13.1/nios2eds/bin/gnu/H-i686-pc-linux-gnu/bin/../lib/gcc/nios2-elf/4.7.3/../../../../../H-i686-pc-linux-gnu/nios2-elf/lib/mno-hw-mul/libsmallc.a(lib_a-fvwrite_small_dev.o)
                                0x490 (size before relaxing)
 .debug_str     0x000007de       0xfc /opt/altera/13.1/nios2eds/bin/gnu/H-i686-pc-linux-gnu/bin/../lib/gcc/nios2-elf/4.7.3/../../../../../H-i686-pc-linux-gnu/nios2-elf/lib/mno-hw-mul/libsmallc.a(lib_a-impure.o)
                                0x46a (size before relaxing)
 .debug_str     0x000008da       0x3d /opt/altera/13.1/nios2eds/bin/gnu/H-i686-pc-linux-gnu/bin/../lib/gcc/nios2-elf/4.7.3/../../../../../H-i686-pc-linux-gnu/nios2-elf/lib/mno-hw-mul/libsmallc.a(lib_a-writer.o)
                                0x464 (size before relaxing)
 .debug_str     0x00000917       0x40 /opt/altera/13.1/nios2eds/bin/gnu/H-i686-pc-linux-gnu/bin/../lib/gcc/nios2-elf/4.7.3/../../../../../H-i686-pc-linux-gnu/nios2-elf/lib/mno-hw-mul/libsmallc.a(lib_a-int_errno.o)
                                0x184 (size before relaxing)
 .debug_str     0x00000957      0x113 /opt/altera/13.1/nios2eds/bin/gnu/H-i686-pc-linux-gnu/bin/../lib/gcc/nios2-elf/4.7.3/mno-hw-mul/libgcc.a(lib2-divmod.o)
                                0x16a (size before relaxing)
 .debug_str     0x00000a6a       0x40 /opt/altera/13.1/nios2eds/bin/gnu/H-i686-pc-linux-gnu/bin/../lib/gcc/nios2-elf/4.7.3/mno-hw-mul/libgcc.a(lib2-mul.o)
                                0x12b (size before relaxing)
 .debug_str     0x00000aaa      0x13b ../fpga_ip_demo_herkansing_bsp//libhal_bsp.a(alt_load.o)
                                0x1d9 (size before relaxing)
 .debug_str     0x00000be5       0x70 ../fpga_ip_demo_herkansing_bsp//libhal_bsp.a(alt_main.o)
                                0x164 (size before relaxing)
 .debug_str     0x00000c55      0x15f ../fpga_ip_demo_herkansing_bsp//libhal_bsp.a(alt_write.o)
                                0x2bf (size before relaxing)
 .debug_str     0x00000db4      0x136 ../fpga_ip_demo_herkansing_bsp//libhal_bsp.a(alt_sys_init.o)
                                0x2d1 (size before relaxing)
 .debug_str     0x00000eea       0x77 ../fpga_ip_demo_herkansing_bsp//libhal_bsp.a(altera_avalon_jtag_uart_fd.o)
                                0x29c (size before relaxing)
 .debug_str     0x00000f61       0x48 ../fpga_ip_demo_herkansing_bsp//libhal_bsp.a(altera_avalon_jtag_uart_read.o)
                                0x1e6 (size before relaxing)
 .debug_str     0x00000fa9       0x4a ../fpga_ip_demo_herkansing_bsp//libhal_bsp.a(altera_avalon_jtag_uart_write.o)
                                0x1dc (size before relaxing)
 .debug_str     0x00000ff3       0xb6 ../fpga_ip_demo_herkansing_bsp//libhal_bsp.a(altera_avalon_timer_sc.o)
                                0x212 (size before relaxing)
 .debug_str     0x000010a9       0x1b ../fpga_ip_demo_herkansing_bsp//libhal_bsp.a(alt_close.o)
                                0x1d2 (size before relaxing)
 .debug_str     0x000010c4       0x34 ../fpga_ip_demo_herkansing_bsp//libhal_bsp.a(alt_dcache_flush_all.o)
                                0x11c (size before relaxing)
 .debug_str     0x000010f8       0x50 ../fpga_ip_demo_herkansing_bsp//libhal_bsp.a(alt_dev.o)
                                0x2cc (size before relaxing)
 .debug_str     0x00001148       0x4b ../fpga_ip_demo_herkansing_bsp//libhal_bsp.a(alt_dev_llist_insert.o)
                                0x193 (size before relaxing)
 .debug_str     0x00001193       0x14 ../fpga_ip_demo_herkansing_bsp//libhal_bsp.a(alt_errno.o)
                                0x10c (size before relaxing)
 .debug_str     0x000011a7       0x34 ../fpga_ip_demo_herkansing_bsp//libhal_bsp.a(alt_icache_flush_all.o)
                                0x11c (size before relaxing)
 .debug_str     0x000011db       0xc4 ../fpga_ip_demo_herkansing_bsp//libhal_bsp.a(alt_iic.o)
                                0x205 (size before relaxing)
 .debug_str     0x0000129f       0x4c ../fpga_ip_demo_herkansing_bsp//libhal_bsp.a(alt_iic_isr_register.o)
                                0x1af (size before relaxing)
 .debug_str     0x000012eb       0x56 ../fpga_ip_demo_herkansing_bsp//libhal_bsp.a(alt_io_redirect.o)
                                0x2dd (size before relaxing)
 .debug_str     0x00001341       0x3a ../fpga_ip_demo_herkansing_bsp//libhal_bsp.a(alt_irq_handler.o)
                                0x15e (size before relaxing)
 .debug_str     0x0000137b       0x17 ../fpga_ip_demo_herkansing_bsp//libhal_bsp.a(alt_irq_vars.o)
                                0x10d (size before relaxing)
 .debug_str     0x00001392       0x2f ../fpga_ip_demo_herkansing_bsp//libhal_bsp.a(alt_open.o)
                                0x212 (size before relaxing)
 .debug_str     0x000013c1       0x28 ../fpga_ip_demo_herkansing_bsp//libhal_bsp.a(alt_release_fd.o)
                                0x1a6 (size before relaxing)
 .debug_str     0x000013e9       0x78 ../fpga_ip_demo_herkansing_bsp//libhal_bsp.a(alt_tick.o)
                                0x219 (size before relaxing)
 .debug_str     0x00001461       0x3b ../fpga_ip_demo_herkansing_bsp//libhal_bsp.a(altera_nios2_qsys_irq.o)
                                0x123 (size before relaxing)
 .debug_str     0x0000149c       0x24 ../fpga_ip_demo_herkansing_bsp//libhal_bsp.a(alt_find_dev.o)
                                0x1b3 (size before relaxing)
 .debug_str     0x000014c0       0x26 ../fpga_ip_demo_herkansing_bsp//libhal_bsp.a(alt_find_file.o)
                                0x1c1 (size before relaxing)
 .debug_str     0x000014e6       0x30 ../fpga_ip_demo_herkansing_bsp//libhal_bsp.a(alt_get_fd.o)
                                0x1e3 (size before relaxing)
 .debug_str     0x00001516       0x2c ../fpga_ip_demo_herkansing_bsp//libhal_bsp.a(alt_icache_flush.o)
                                0x122 (size before relaxing)
 .debug_str     0x00001542       0xee /opt/altera/13.1/nios2eds/bin/gnu/H-i686-pc-linux-gnu/bin/../lib/gcc/nios2-elf/4.7.3/../../../../../H-i686-pc-linux-gnu/nios2-elf/lib/mno-hw-mul/libsmallc.a(lib_a-exit.o)
                                0x19c (size before relaxing)
 .debug_str     0x00001630       0x45 /opt/altera/13.1/nios2eds/bin/gnu/H-i686-pc-linux-gnu/bin/../lib/gcc/nios2-elf/4.7.3/../../../../../H-i686-pc-linux-gnu/nios2-elf/lib/mno-hw-mul/libsmallc.a(lib_a-memcmp.o)
                                0x18b (size before relaxing)
 .debug_str     0x00001675       0x64 /opt/altera/13.1/nios2eds/bin/gnu/H-i686-pc-linux-gnu/bin/../lib/gcc/nios2-elf/4.7.3/../../../../../H-i686-pc-linux-gnu/nios2-elf/lib/mno-hw-mul/libsmallc.a(lib_a-__call_atexit.o)
                                0x495 (size before relaxing)
 .debug_str     0x000016d9       0x2a ../fpga_ip_demo_herkansing_bsp//libhal_bsp.a(alt_exit.o)
                                0x118 (size before relaxing)

.debug_loc      0x00000000     0x1e66
 *(.debug_loc)
 .debug_loc     0x00000000       0x2c obj/default/main.o
 .debug_loc     0x0000002c      0x125 /opt/altera/13.1/nios2eds/bin/gnu/H-i686-pc-linux-gnu/bin/../lib/gcc/nios2-elf/4.7.3/../../../../../H-i686-pc-linux-gnu/nios2-elf/lib/mno-hw-mul/libsmallc.a(lib_a-printf.o)
 .debug_loc     0x00000151       0xb7 /opt/altera/13.1/nios2eds/bin/gnu/H-i686-pc-linux-gnu/bin/../lib/gcc/nios2-elf/4.7.3/../../../../../H-i686-pc-linux-gnu/nios2-elf/lib/mno-hw-mul/libsmallc.a(lib_a-puts.o)
 .debug_loc     0x00000208       0x29 /opt/altera/13.1/nios2eds/bin/gnu/H-i686-pc-linux-gnu/bin/../lib/gcc/nios2-elf/4.7.3/../../../../../H-i686-pc-linux-gnu/nios2-elf/lib/mno-hw-mul/libsmallc.a(lib_a-strlen.o)
 .debug_loc     0x00000231      0xc9d /opt/altera/13.1/nios2eds/bin/gnu/H-i686-pc-linux-gnu/bin/../lib/gcc/nios2-elf/4.7.3/../../../../../H-i686-pc-linux-gnu/nios2-elf/lib/mno-hw-mul/libsmallc.a(lib_a-vfprintf.o)
 .debug_loc     0x00000ece      0x19e /opt/altera/13.1/nios2eds/bin/gnu/H-i686-pc-linux-gnu/bin/../lib/gcc/nios2-elf/4.7.3/../../../../../H-i686-pc-linux-gnu/nios2-elf/lib/mno-hw-mul/libsmallc.a(lib_a-fvwrite_small_dev.o)
 .debug_loc     0x0000106c       0xde /opt/altera/13.1/nios2eds/bin/gnu/H-i686-pc-linux-gnu/bin/../lib/gcc/nios2-elf/4.7.3/../../../../../H-i686-pc-linux-gnu/nios2-elf/lib/mno-hw-mul/libsmallc.a(lib_a-writer.o)
 .debug_loc     0x0000114a      0x338 /opt/altera/13.1/nios2eds/bin/gnu/H-i686-pc-linux-gnu/bin/../lib/gcc/nios2-elf/4.7.3/mno-hw-mul/libgcc.a(lib2-divmod.o)
 .debug_loc     0x00001482       0x93 /opt/altera/13.1/nios2eds/bin/gnu/H-i686-pc-linux-gnu/bin/../lib/gcc/nios2-elf/4.7.3/mno-hw-mul/libgcc.a(lib2-mul.o)
 .debug_loc     0x00001515       0x58 ../fpga_ip_demo_herkansing_bsp//libhal_bsp.a(alt_load.o)
 .debug_loc     0x0000156d       0x2c ../fpga_ip_demo_herkansing_bsp//libhal_bsp.a(alt_main.o)
 .debug_loc     0x00001599       0x58 ../fpga_ip_demo_herkansing_bsp//libhal_bsp.a(alt_write.o)
 .debug_loc     0x000015f1       0x84 ../fpga_ip_demo_herkansing_bsp//libhal_bsp.a(alt_sys_init.o)
 .debug_loc     0x00001675       0x58 ../fpga_ip_demo_herkansing_bsp//libhal_bsp.a(altera_avalon_jtag_uart_fd.o)
 .debug_loc     0x000016cd       0x2c ../fpga_ip_demo_herkansing_bsp//libhal_bsp.a(altera_avalon_jtag_uart_read.o)
 .debug_loc     0x000016f9       0x2c ../fpga_ip_demo_herkansing_bsp//libhal_bsp.a(altera_avalon_jtag_uart_write.o)
 .debug_loc     0x00001725       0x58 ../fpga_ip_demo_herkansing_bsp//libhal_bsp.a(altera_avalon_timer_sc.o)
 .debug_loc     0x0000177d       0x58 ../fpga_ip_demo_herkansing_bsp//libhal_bsp.a(alt_close.o)
 .debug_loc     0x000017d5       0x2c ../fpga_ip_demo_herkansing_bsp//libhal_bsp.a(alt_dcache_flush_all.o)
 .debug_loc     0x00001801       0x2c ../fpga_ip_demo_herkansing_bsp//libhal_bsp.a(alt_dev.o)
 .debug_loc     0x0000182d       0x58 ../fpga_ip_demo_herkansing_bsp//libhal_bsp.a(alt_dev_llist_insert.o)
 .debug_loc     0x00001885       0x2c ../fpga_ip_demo_herkansing_bsp//libhal_bsp.a(alt_icache_flush_all.o)
 .debug_loc     0x000018b1       0xb0 ../fpga_ip_demo_herkansing_bsp//libhal_bsp.a(alt_iic.o)
 .debug_loc     0x00001961       0x2c ../fpga_ip_demo_herkansing_bsp//libhal_bsp.a(alt_iic_isr_register.o)
 .debug_loc     0x0000198d       0x58 ../fpga_ip_demo_herkansing_bsp//libhal_bsp.a(alt_io_redirect.o)
 .debug_loc     0x000019e5       0x2c ../fpga_ip_demo_herkansing_bsp//libhal_bsp.a(alt_irq_handler.o)
 .debug_loc     0x00001a11       0x84 ../fpga_ip_demo_herkansing_bsp//libhal_bsp.a(alt_open.o)
 .debug_loc     0x00001a95       0x2c ../fpga_ip_demo_herkansing_bsp//libhal_bsp.a(alt_release_fd.o)
 .debug_loc     0x00001ac1       0x58 ../fpga_ip_demo_herkansing_bsp//libhal_bsp.a(alt_tick.o)
 .debug_loc     0x00001b19       0x2c ../fpga_ip_demo_herkansing_bsp//libhal_bsp.a(altera_nios2_qsys_irq.o)
 .debug_loc     0x00001b45       0x2c ../fpga_ip_demo_herkansing_bsp//libhal_bsp.a(alt_find_dev.o)
 .debug_loc     0x00001b71       0x2c ../fpga_ip_demo_herkansing_bsp//libhal_bsp.a(alt_find_file.o)
 .debug_loc     0x00001b9d       0x2c ../fpga_ip_demo_herkansing_bsp//libhal_bsp.a(alt_get_fd.o)
 .debug_loc     0x00001bc9       0x2c ../fpga_ip_demo_herkansing_bsp//libhal_bsp.a(alt_icache_flush.o)
 .debug_loc     0x00001bf5       0x3e /opt/altera/13.1/nios2eds/bin/gnu/H-i686-pc-linux-gnu/bin/../lib/gcc/nios2-elf/4.7.3/../../../../../H-i686-pc-linux-gnu/nios2-elf/lib/mno-hw-mul/libsmallc.a(lib_a-exit.o)
 .debug_loc     0x00001c33       0x6f /opt/altera/13.1/nios2eds/bin/gnu/H-i686-pc-linux-gnu/bin/../lib/gcc/nios2-elf/4.7.3/../../../../../H-i686-pc-linux-gnu/nios2-elf/lib/mno-hw-mul/libsmallc.a(lib_a-memcmp.o)
 .debug_loc     0x00001ca2      0x198 /opt/altera/13.1/nios2eds/bin/gnu/H-i686-pc-linux-gnu/bin/../lib/gcc/nios2-elf/4.7.3/../../../../../H-i686-pc-linux-gnu/nios2-elf/lib/mno-hw-mul/libsmallc.a(lib_a-__call_atexit.o)
 .debug_loc     0x00001e3a       0x2c ../fpga_ip_demo_herkansing_bsp//libhal_bsp.a(alt_exit.o)

.debug_macinfo
 *(.debug_macinfo)

.debug_weaknames
 *(.debug_weaknames)

.debug_funcnames
 *(.debug_funcnames)

.debug_typenames
 *(.debug_typenames)

.debug_varnames
 *(.debug_varnames)

.debug_alt_sim_info
                0x00000000       0x20
 *(.debug_alt_sim_info)
 .debug_alt_sim_info
                0x00000000       0x20 ../fpga_ip_demo_herkansing_bsp//obj/HAL/src/crt0.o
                0x0000d000                __alt_data_end = 0xd000
                0x0000d000                PROVIDE (__alt_stack_pointer, __alt_data_end)
                0x0000ac64                PROVIDE (__alt_stack_limit, __alt_stack_base)
                0x0000ac64                PROVIDE (__alt_heap_start, end)
                0x0000d000                PROVIDE (__alt_heap_limit, 0xd000)
OUTPUT(fpga_ip_demo_herkansing.elf elf32-littlenios2)

.debug_ranges   0x00000000      0x288
 .debug_ranges  0x00000000       0x20 ../fpga_ip_demo_herkansing_bsp//obj/HAL/src/crt0.o
 .debug_ranges  0x00000020      0x188 /opt/altera/13.1/nios2eds/bin/gnu/H-i686-pc-linux-gnu/bin/../lib/gcc/nios2-elf/4.7.3/../../../../../H-i686-pc-linux-gnu/nios2-elf/lib/mno-hw-mul/libsmallc.a(lib_a-vfprintf.o)
 .debug_ranges  0x000001a8       0x18 /opt/altera/13.1/nios2eds/bin/gnu/H-i686-pc-linux-gnu/bin/../lib/gcc/nios2-elf/4.7.3/../../../../../H-i686-pc-linux-gnu/nios2-elf/lib/mno-hw-mul/libsmallc.a(lib_a-fvwrite_small_dev.o)
 .debug_ranges  0x000001c0       0x18 ../fpga_ip_demo_herkansing_bsp//libhal_bsp.a(altera_avalon_jtag_uart_read.o)
 .debug_ranges  0x000001d8       0x30 ../fpga_ip_demo_herkansing_bsp//libhal_bsp.a(alt_iic.o)
 .debug_ranges  0x00000208       0x28 ../fpga_ip_demo_herkansing_bsp//libhal_bsp.a(alt_irq_entry.o)
 .debug_ranges  0x00000230       0x10 ../fpga_ip_demo_herkansing_bsp//libhal_bsp.a(alt_irq_handler.o)
 .debug_ranges  0x00000240       0x30 ../fpga_ip_demo_herkansing_bsp//libhal_bsp.a(alt_exception_entry.o)
 .debug_ranges  0x00000270       0x18 /opt/altera/13.1/nios2eds/bin/gnu/H-i686-pc-linux-gnu/bin/../lib/gcc/nios2-elf/4.7.3/../../../../../H-i686-pc-linux-gnu/nios2-elf/lib/mno-hw-mul/libsmallc.a(lib_a-__call_atexit.o)
